16.686.38.03 - - [27/Oct/2011:01:41:30 -0500] "GET /products/demos HTTP/1.1" 200 0 "-" "Mozilla/5.0 (Windows; U; Windows NT 5.1; zh-CN; rv:1.9.2.3) Gecko/20100401 Firefox/3.6.3"
18.0.07.17 - - [27/Oct/2011:01:42:30 -0500] "GET /ad/save HTTP/1.1" 200 0 "-" "Mozilla/4.0 (compatible; MSIE 7.0; Windows NT 5.1; Trident/4.0; GTB6.4; (R1 1.5); .NET CLR 1.1.4322)"
16.686.38.03 - - [27/Oct/2011:01:42:50 -0500] "GET /download HTTP/1.1" 200 0 "/products/demos" "Mozilla/5.0 (Windows; U; Windows NT 5.1; zh-CN; rv:1.9.2.3) Gecko/20100401 Firefox/3.6.3"
16.686.38.03 - - [27/Oct/2011:01:42:54 -0500] "GET /download HTTP/1.1" 200 0 "/download" "Mozilla/5.0 (Windows; U; Windows NT 5.1; zh-CN; rv:1.9.2.3) Gecko/20100401 Firefox/3.6.3"
16.686.38.03 - - [27/Oct/2011:01:43:45 -0500] "GET /product/product2 HTTP/1.1" 200 0 "/download" "Mozilla/5.0 (Windows; U; Windows NT 5.1; zh-CN; rv:1.9.2.3) Gecko/20100401 Firefox/3.6.3"
52.88.84.42 - - [27/Oct/2011:01:44:30 -0500] "GET /demo HTTP/1.1" 200 0 "-" "Jakarta Commons-HttpClient/3.0-rc4"
16.686.38.03 - - [27/Oct/2011:01:44:53 -0500] "GET /products/demos HTTP/1.1" 200 0 "/product/product2" "Mozilla/5.0 (Windows; U; Windows NT 5.1; zh-CN; rv:1.9.2.3) Gecko/20100401 Firefox/3.6.3"
52.88.84.42 - - [27/Oct/2011:01:45:39 -0500] "GET /demo HTTP/1.1" 200 0 "/demo" "Jakarta Commons-HttpClient/3.0-rc4"
52.88.84.42 - - [27/Oct/2011:01:45:42 -0500] "GET /demo HTTP/1.1" 200 0 "/demo" "Jakarta Commons-HttpClient/3.0-rc4"
86.648.605.634 - - [27/Oct/2011:01:48:30 -0500] "GET /product/product4 HTTP/1.1" 200 0 "-" "Mozilla/5.0 (X11; U; Linux i686; en-US; rv:1.8.1.11) Gecko/20070914 Mandriva/2.0.0.11-1.1mdv2007.0 (2007.0) Firefox/2.0.0.11"
86.648.605.634 - - [27/Oct/2011:01:48:31 -0500] "GET /product/product4 HTTP/1.1" 200 0 "/product/product4" "Mozilla/5.0 (X11; U; Linux i686; en-US; rv:1.8.1.11) Gecko/20070914 Mandriva/2.0.0.11-1.1mdv2007.0 (2007.0) Firefox/2.0.0.11"
367.34.686.631 - - [27/Oct/2011:01:53:30 -0500] "GET /demo HTTP/1.1" 200 0 "-" "Jakarta Commons-HttpClient/3.0-rc4"
668.667.08.85 - - [27/Oct/2011:01:55:00 -0500] "GET /docs/doc1.pdf HTTP/1.1" 200 0 "-" "Mozilla/5.0 (Windows; U; Windows NT 5.1; en-GB; rv:1.9.2.3) Gecko/20100401 Firefox/3.6.3 ( .NET CLR 3.5.30729)"
668.667.08.85 - - [27/Oct/2011:01:55:05 -0500] "GET /download/download1.zip HTTP/1.1" 200 0 "/docs/doc1.pdf" "Mozilla/5.0 (Windows; U; Windows NT 5.1; en-GB; rv:1.9.2.3) Gecko/20100401 Firefox/3.6.3 ( .NET CLR 3.5.30729)"
367.328.321.688 - - [27/Oct/2011:02:00:00 -0500] "GET /demo HTTP/1.1" 200 0 "-" "Jakarta Commons-HttpClient/3.0-rc4"
85.370.620.11 - - [27/Oct/2011:02:03:00 -0500] "GET /feeds/press HTTP/1.1" 200 0 "-" "Apple-PubSub/65.12.1"
18.14.652.672 - - [27/Oct/2011:02:07:00 -0500] "GET /feeds/press HTTP/1.1" 200 0 "-" "Mozilla/5.0 (compatible; Google Desktop/5.9.911.3589; http://desktop.google.com/)"
82.648.624.660 - - [27/Oct/2011:02:08:00 -0500] "GET /product/product4 HTTP/1.1" 200 0 "-" "Mozilla/5.0 (Macintosh; U; Intel Mac OS X 10_6_3; en-us) AppleWebKit/531.22.7 (KHTML, like Gecko) Version/4.0.5 Safari/531.22.7"
82.648.624.660 - - [27/Oct/2011:02:08:01 -0500] "GET /product/product4 HTTP/1.1" 200 0 "/product/product4" "Mozilla/5.0 (Macintosh; U; Intel Mac OS X 10_6_3; en-us) AppleWebKit/531.22.7 (KHTML, like Gecko) Version/4.0.5 Safari/531.22.7"
82.648.624.660 - - [27/Oct/2011:02:08:20 -0500] "GET /product/product2 HTTP/1.1" 200 0 "/product/product4" "Mozilla/5.0 (Macintosh; U; Intel Mac OS X 10_6_3; en-us) AppleWebKit/531.22.7 (KHTML, like Gecko) Version/4.0.5 Safari/531.22.7"
82.648.624.660 - - [27/Oct/2011:02:08:22 -0500] "GET /product/product2 HTTP/1.1" 200 0 "/product/product2" "Mozilla/5.0 (Macintosh; U; Intel Mac OS X 10_6_3; en-us) AppleWebKit/531.22.7 (KHTML, like Gecko) Version/4.0.5 Safari/531.22.7"
82.648.624.660 - - [27/Oct/2011:02:08:23 -0500] "GET /product/product3 HTTP/1.1" 200 0 "/product/product2" "Mozilla/5.0 (Macintosh; U; Intel Mac OS X 10_6_3; en-us) AppleWebKit/531.22.7 (KHTML, like Gecko) Version/4.0.5 Safari/531.22.7"
82.648.624.660 - - [27/Oct/2011:02:08:24 -0500] "GET /product/product3 HTTP/1.1" 200 0 "/product/product3" "Mozilla/5.0 (Macintosh; U; Intel Mac OS X 10_6_3; en-us) AppleWebKit/531.22.7 (KHTML, like Gecko) Version/4.0.5 Safari/531.22.7"
82.648.624.660 - - [27/Oct/2011:02:08:25 -0500] "GET /product/product3 HTTP/1.1" 200 0 "/product/product3" "Mozilla/5.0 (Macintosh; U; Intel Mac OS X 10_6_3; en-us) AppleWebKit/531.22.7 (KHTML, like Gecko) Version/4.0.5 Safari/531.22.7"
82.648.624.660 - - [27/Oct/2011:02:08:26 -0500] "GET /product/product3 HTTP/1.1" 200 0 "/product/product3" "Mozilla/5.0 (Macintosh; U; Intel Mac OS X 10_6_3; en-us) AppleWebKit/531.22.7 (KHTML, like Gecko) Version/4.0.5 Safari/531.22.7"
82.648.624.660 - - [27/Oct/2011:02:08:30 -0500] "GET /product/product3 HTTP/1.1" 200 0 "/product/product3" "Mozilla/5.0 (Macintosh; U; Intel Mac OS X 10_6_3; en-us) AppleWebKit/531.22.7 (KHTML, like Gecko) Version/4.0.5 Safari/531.22.7"
82.648.624.660 - - [27/Oct/2011:02:08:31 -0500] "GET /product/product3 HTTP/1.1" 200 0 "/product/product3" "Mozilla/5.0 (Macintosh; U; Intel Mac OS X 10_6_3; en-us) AppleWebKit/531.22.7 (KHTML, like Gecko) Version/4.0.5 Safari/531.22.7"
82.648.624.660 - - [27/Oct/2011:02:08:33 -0500] "GET /product/product4 HTTP/1.1" 200 0 "/product/product3" "Mozilla/5.0 (Macintosh; U; Intel Mac OS X 10_6_3; en-us) AppleWebKit/531.22.7 (KHTML, like Gecko) Version/4.0.5 Safari/531.22.7"
82.648.624.660 - - [27/Oct/2011:02:08:34 -0500] "GET /product/product4 HTTP/1.1" 200 0 "/product/product4" "Mozilla/5.0 (Macintosh; U; Intel Mac OS X 10_6_3; en-us) AppleWebKit/531.22.7 (KHTML, like Gecko) Version/4.0.5 Safari/531.22.7"
53.667.16.82 - - [27/Oct/2011:02:10:30 -0500] "GET /demo HTTP/1.1" 200 0 "-" "Jakarta Commons-HttpClient/3.0-rc4"
53.667.16.82 - - [27/Oct/2011:02:14:25 -0500] "GET /demo HTTP/1.1" 200 0 "/demo" "Jakarta Commons-HttpClient/3.0-rc4"
48.680.653.630 - - [27/Oct/2011:02:15:30 -0500] "GET /feeds/press HTTP/1.1" 200 0 "-" "Mozilla/5.0 (compatible; Google Desktop/5.9.911.3589; http://desktop.google.com/)"
53.667.16.82 - - [27/Oct/2011:02:15:30 -0500] "GET /demo HTTP/1.1" 200 0 "/demo" "Jakarta Commons-HttpClient/3.0-rc4"
363.642.615.72 - - [27/Oct/2011:02:15:30 -0500] "GET /demo HTTP/1.1" 200 0 "-" "Jakarta Commons-HttpClient/3.0-rc4"
14.323.74.653 - - [27/Oct/2011:02:18:30 -0500] "GET /demo HTTP/1.1" 200 0 "-" "Jakarta Commons-HttpClient/3.0-rc4"
14.323.74.653 - - [27/Oct/2011:02:19:29 -0500] "GET /demo HTTP/1.1" 200 0 "/demo" "Jakarta Commons-HttpClient/3.0-rc4"
363.642.615.72 - - [27/Oct/2011:02:20:30 -0500] "GET /demo HTTP/1.1" 200 0 "/demo" "Jakarta Commons-HttpClient/3.0-rc4"
14.323.74.653 - - [27/Oct/2011:02:20:31 -0500] "GET /demo HTTP/1.1" 200 0 "/demo" "Jakarta Commons-HttpClient/3.0-rc4"
14.323.74.653 - - [27/Oct/2011:02:21:29 -0500] "GET /demo HTTP/1.1" 200 0 "/demo" "Jakarta Commons-HttpClient/3.0-rc4"
14.323.74.653 - - [27/Oct/2011:02:22:40 -0500] "GET /demo HTTP/1.1" 200 0 "/demo" "Jakarta Commons-HttpClient/3.0-rc4"
327.632.687.331 - - [27/Oct/2011:02:30:30 -0500] "GET /highlight HTTP/1.1" 200 0 "-" "Mozilla/4.0 (compatible; MSIE 7.0; Windows NT 5.2; Win64; x64; .NET CLR 2.0.50727; .NET CLR 3.0.04506.648; .NET CLR 3.5.21022)"
327.632.687.331 - - [27/Oct/2011:02:30:55 -0500] "GET /highlight HTTP/1.1" 200 0 "/highlight" "Mozilla/4.0 (compatible; MSIE 7.0; Windows NT 5.2; Win64; x64; .NET CLR 2.0.50727; .NET CLR 3.0.04506.648; .NET CLR 3.5.21022)"
327.632.687.331 - - [27/Oct/2011:02:34:18 -0500] "GET /highlight HTTP/1.1" 200 0 "/highlight" "Mozilla/4.0 (compatible; MSIE 7.0; Windows NT 5.2; Win64; x64; .NET CLR 2.0.50727; .NET CLR 3.0.04506.648; .NET CLR 3.5.21022)"
327.632.687.331 - - [27/Oct/2011:02:34:29 -0500] "GET /highlight HTTP/1.1" 200 0 "/highlight" "Mozilla/4.0 (compatible; MSIE 7.0; Windows NT 5.2; Win64; x64; .NET CLR 2.0.50727; .NET CLR 3.0.04506.648; .NET CLR 3.5.21022)"
53.664.323.82 - - [27/Oct/2011:02:37:00 -0500] "GET /product/product1 HTTP/1.1" 200 0 "-" "Mozilla/5.0 (Windows; U; Windows NT 5.1; en-US; rv:1.9.2.3) Gecko/20100401 Firefox/3.6.3 ( .NET CLR 3.5.30729)"
53.664.323.82 - - [27/Oct/2011:02:37:00 -0500] "GET /product/product1 HTTP/1.1" 200 0 "/product/product1" "Mozilla/5.0 (Windows; U; Windows NT 5.1; en-US; rv:1.9.2.3) Gecko/20100401 Firefox/3.6.3 ( .NET CLR 3.5.30729)"
53.664.323.82 - - [27/Oct/2011:02:37:09 -0500] "GET /products/demos HTTP/1.1" 200 0 "/product/product1" "Mozilla/5.0 (Windows; U; Windows NT 5.1; en-US; rv:1.9.2.3) Gecko/20100401 Firefox/3.6.3 ( .NET CLR 3.5.30729)"
364.685.14.688 - - [27/Oct/2011:02:48:30 -0500] "GET /feeds/press HTTP/1.1" 200 0 "-" "Apple-PubSub/65.12.1"
11.378.630.6 - - [27/Oct/2011:02:49:00 -0500] "GET /docs/doc1.pdf HTTP/1.1" 200 0 "-" "Mozilla/5.0 (compatible; Ask Jeeves/Teoma; +http://about.ask.com/en/docs/about/webmasters.shtml)"
361.631.17.30 - - [27/Oct/2011:02:58:00 -0500] "GET /demo HTTP/1.1" 200 0 "-" "Jakarta Commons-HttpClient/3.0-rc4"
361.631.17.30 - - [27/Oct/2011:02:58:58 -0500] "GET /demo HTTP/1.1" 200 0 "/demo" "Jakarta Commons-HttpClient/3.0-rc4"
361.631.17.30 - - [27/Oct/2011:02:58:58 -0500] "GET /demo HTTP/1.1" 200 0 "/demo" "Jakarta Commons-HttpClient/3.0-rc4"
361.631.17.30 - - [27/Oct/2011:02:58:58 -0500] "GET /demo HTTP/1.1" 200 0 "/demo" "Jakarta Commons-HttpClient/3.0-rc4"
361.631.17.30 - - [27/Oct/2011:02:58:59 -0500] "GET /demo HTTP/1.1" 200 0 "/demo" "Jakarta Commons-HttpClient/3.0-rc4"
655.37.46.325 - - [27/Oct/2011:02:59:00 -0500] "GET /feeds/press HTTP/1.1" 200 0 "-" "Mozilla/5.0 (Windows; U; Windows NT 5.1; de; rv:1.9.2.3) Gecko/20100401 Firefox/3.6.3 ( .NET CLR 3.5.30729; .NET4.0E)"
361.631.17.30 - - [27/Oct/2011:02:59:57 -0500] "GET /demo HTTP/1.1" 200 0 "/demo" "Jakarta Commons-HttpClient/3.0-rc4"
361.631.17.30 - - [27/Oct/2011:02:59:58 -0500] "GET /demo HTTP/1.1" 200 0 "/demo" "Jakarta Commons-HttpClient/3.0-rc4"
361.631.17.30 - - [27/Oct/2011:02:59:58 -0500] "GET /demo HTTP/1.1" 200 0 "/demo" "Jakarta Commons-HttpClient/3.0-rc4"
361.631.17.30 - - [27/Oct/2011:02:59:59 -0500] "GET /demo HTTP/1.1" 200 0 "/demo" "Jakarta Commons-HttpClient/3.0-rc4"
361.631.17.30 - - [27/Oct/2011:03:00:59 -0500] "GET /demo HTTP/1.1" 200 0 "/demo" "Jakarta Commons-HttpClient/3.0-rc4"
361.631.17.30 - - [27/Oct/2011:03:00:59 -0500] "GET /demo HTTP/1.1" 200 0 "/demo" "Jakarta Commons-HttpClient/3.0-rc4"
361.631.17.30 - - [27/Oct/2011:03:00:59 -0500] "GET /demo HTTP/1.1" 200 0 "/demo" "Jakarta Commons-HttpClient/3.0-rc4"
361.631.17.30 - - [27/Oct/2011:03:01:01 -0500] "GET /demo HTTP/1.1" 200 0 "/demo" "Jakarta Commons-HttpClient/3.0-rc4"
361.631.17.30 - - [27/Oct/2011:03:01:59 -0500] "GET /demo HTTP/1.1" 200 0 "/demo" "Jakarta Commons-HttpClient/3.0-rc4"
361.631.17.30 - - [27/Oct/2011:03:02:00 -0500] "GET /demo HTTP/1.1" 200 0 "/demo" "Jakarta Commons-HttpClient/3.0-rc4"
361.631.17.30 - - [27/Oct/2011:03:02:00 -0500] "GET /demo HTTP/1.1" 200 0 "/demo" "Jakarta Commons-HttpClient/3.0-rc4"
54.336.377.608 - - [27/Oct/2011:03:02:00 -0500] "GET /download HTTP/1.1" 200 0 "-" "Mozilla/5.0 (Windows; U; Windows NT 6.1; es-ES; rv:1.9.2.3) Gecko/20100401 Firefox/3.6.3 ( .NET CLR 3.5.30729)"
54.336.377.608 - - [27/Oct/2011:03:02:00 -0500] "GET /download HTTP/1.1" 200 0 "/download" "Mozilla/5.0 (Windows; U; Windows NT 6.1; es-ES; rv:1.9.2.3) Gecko/20100401 Firefox/3.6.3 ( .NET CLR 3.5.30729)"
361.631.17.30 - - [27/Oct/2011:03:02:01 -0500] "GET /demo HTTP/1.1" 200 0 "/demo" "Jakarta Commons-HttpClient/3.0-rc4"
54.336.377.608 - - [27/Oct/2011:03:02:44 -0500] "GET /buy HTTP/1.1" 200 0 "/download" "Mozilla/5.0 (Windows; U; Windows NT 6.1; es-ES; rv:1.9.2.3) Gecko/20100401 Firefox/3.6.3 ( .NET CLR 3.5.30729)"
54.336.377.608 - - [27/Oct/2011:03:02:45 -0500] "GET /buy HTTP/1.1" 200 0 "/buy" "Mozilla/5.0 (Windows; U; Windows NT 6.1; es-ES; rv:1.9.2.3) Gecko/20100401 Firefox/3.6.3 ( .NET CLR 3.5.30729)"
361.631.17.30 - - [27/Oct/2011:03:02:59 -0500] "GET /demo HTTP/1.1" 200 0 "/demo" "Jakarta Commons-HttpClient/3.0-rc4"
361.631.17.30 - - [27/Oct/2011:03:02:59 -0500] "GET /demo HTTP/1.1" 200 0 "/demo" "Jakarta Commons-HttpClient/3.0-rc4"
361.631.17.30 - - [27/Oct/2011:03:03:00 -0500] "GET /demo HTTP/1.1" 200 0 "/demo" "Jakarta Commons-HttpClient/3.0-rc4"
14.683.628.625 - - [27/Oct/2011:03:04:00 -0500] "GET /feeds/press HTTP/1.1" 200 0 "-" "Virtual Reach Newsclip Collector"
666.87.626.0 - - [27/Oct/2011:03:05:30 -0500] "GET /products HTTP/1.1" 200 0 "-" "Mozilla/4.0 (compatible; MSIE 7.0; Windows NT 5.1; .NET CLR 2.0.50727; .NET CLR 3.0.04506.30)"
666.87.626.0 - - [27/Oct/2011:03:06:06 -0500] "GET /products HTTP/1.1" 200 0 "/products" "Mozilla/4.0 (compatible; MSIE 7.0; Windows NT 5.1; .NET CLR 2.0.50727; .NET CLR 3.0.04506.30)"
666.87.626.0 - - [27/Oct/2011:03:07:16 -0500] "GET /demo HTTP/1.1" 200 0 "/products" "Mozilla/4.0 (compatible; MSIE 7.0; Windows NT 5.1; .NET CLR 2.0.50727; .NET CLR 3.0.04506.30)"
666.87.626.0 - - [27/Oct/2011:03:08:15 -0500] "GET /demo HTTP/1.1" 200 0 "/demo" "Mozilla/4.0 (compatible; MSIE 7.0; Windows NT 5.1; .NET CLR 2.0.50727; .NET CLR 3.0.04506.30)"
666.87.626.0 - - [27/Oct/2011:03:08:49 -0500] "GET /buy HTTP/1.1" 200 0 "/demo" "Mozilla/4.0 (compatible; MSIE 7.0; Windows NT 5.1; .NET CLR 2.0.50727; .NET CLR 3.0.04506.30)"
666.87.626.0 - - [27/Oct/2011:03:09:05 -0500] "GET /buy HTTP/1.1" 200 0 "/buy" "Mozilla/4.0 (compatible; MSIE 7.0; Windows NT 5.1; .NET CLR 2.0.50727; .NET CLR 3.0.04506.30)"
325.87.75.336 - - [27/Oct/2011:03:15:30 -0500] "GET /demo HTTP/1.1" 200 0 "-" "Jakarta Commons-HttpClient/3.0-rc4"
325.87.75.336 - - [27/Oct/2011:03:15:30 -0500] "GET /demo HTTP/1.1" 200 0 "/demo" "Jakarta Commons-HttpClient/3.0-rc4"
633.618.18.373 - - [27/Oct/2011:03:16:00 -0500] "GET /demo HTTP/1.1" 200 0 "-" "Jakarta Commons-HttpClient/3.0-rc4"
668.1.8.660 - - [27/Oct/2011:03:16:30 -0500] "GET /product/product2 HTTP/1.1" 200 0 "-" "Mozilla/5.0 (Windows; U; Windows NT 5.1; zh-CN; rv:1.9.2.3) Gecko/20100401 Firefox/3.6.3"
668.1.8.660 - - [27/Oct/2011:03:16:31 -0500] "GET /product/product2 HTTP/1.1" 200 0 "/product/product2" "Mozilla/5.0 (Windows; U; Windows NT 5.1; zh-CN; rv:1.9.2.3) Gecko/20100401 Firefox/3.6.3"
633.618.18.373 - - [27/Oct/2011:03:18:46 -0500] "GET /demo HTTP/1.1" 200 0 "/demo" "Jakarta Commons-HttpClient/3.0-rc4"
633.618.18.373 - - [27/Oct/2011:03:18:47 -0500] "GET /demo HTTP/1.1" 200 0 "/demo" "Jakarta Commons-HttpClient/3.0-rc4"
668.1.8.660 - - [27/Oct/2011:03:19:47 -0500] "GET /product/product2 HTTP/1.1" 200 0 "/product/product2" "Mozilla/5.0 (Windows; U; Windows NT 5.1; zh-CN; rv:1.9.2.3) Gecko/20100401 Firefox/3.6.3"
325.87.75.336 - - [27/Oct/2011:03:20:30 -0500] "GET /demo HTTP/1.1" 200 0 "/demo" "Jakarta Commons-HttpClient/3.0-rc4"
325.87.75.336 - - [27/Oct/2011:03:20:30 -0500] "GET /demo HTTP/1.1" 200 0 "/demo" "Jakarta Commons-HttpClient/3.0-rc4"
668.1.8.660 - - [27/Oct/2011:03:20:58 -0500] "GET /news/releases/march HTTP/1.1" 200 0 "/product/product2" "Mozilla/5.0 (Windows; U; Windows NT 5.1; zh-CN; rv:1.9.2.3) Gecko/20100401 Firefox/3.6.3"
668.1.8.660 - - [27/Oct/2011:03:20:58 -0500] "GET /news/releases/march HTTP/1.1" 200 0 "/news/releases/march" "Mozilla/5.0 (Windows; U; Windows NT 5.1; zh-CN; rv:1.9.2.3) Gecko/20100401 Firefox/3.6.3"
364.42.320.11 - - [27/Oct/2011:03:21:00 -0500] "GET /demo HTTP/1.1" 200 0 "-" "Jakarta Commons-HttpClient/3.0-rc4"
364.42.320.11 - - [27/Oct/2011:03:21:01 -0500] "GET /demo HTTP/1.1" 200 0 "/demo" "Jakarta Commons-HttpClient/3.0-rc4"
325.87.75.36 - - [27/Oct/2011:03:23:30 -0500] "GET /demo HTTP/1.1" 200 0 "-" "Jakarta Commons-HttpClient/3.0-rc4"
325.87.75.36 - - [27/Oct/2011:03:23:30 -0500] "GET /demo HTTP/1.1" 200 0 "/demo" "Jakarta Commons-HttpClient/3.0-rc4"
630.324.662.680 - - [27/Oct/2011:03:23:30 -0500] "GET /product/product12 HTTP/1.1" 200 0 "-" "Mozilla/4.0 (compatible; MSIE 6.0; Windows NT 5.1; SV1)"
630.324.662.680 - - [27/Oct/2011:03:24:37 -0500] "GET /products HTTP/1.1" 200 0 "/product/product12" "Mozilla/4.0 (compatible; MSIE 6.0; Windows NT 5.1; SV1)"
630.324.662.680 - - [27/Oct/2011:03:24:45 -0500] "GET /product/product4 HTTP/1.1" 200 0 "/products" "Mozilla/4.0 (compatible; MSIE 6.0; Windows NT 5.1; SV1)"
630.324.662.680 - - [27/Oct/2011:03:25:30 -0500] "GET /contact HTTP/1.1" 200 0 "/product/product4" "Mozilla/4.0 (compatible; MSIE 6.0; Windows NT 5.1; SV1)"
630.324.662.680 - - [27/Oct/2011:03:25:36 -0500] "GET /about HTTP/1.1" 200 0 "/contact" "Mozilla/4.0 (compatible; MSIE 6.0; Windows NT 5.1; SV1)"
630.324.662.680 - - [27/Oct/2011:03:25:43 -0500] "GET /product/product2 HTTP/1.1" 200 0 "/about" "Mozilla/4.0 (compatible; MSIE 6.0; Windows NT 5.1; SV1)"
630.324.662.680 - - [27/Oct/2011:03:26:19 -0500] "GET /download HTTP/1.1" 200 0 "/product/product2" "Mozilla/4.0 (compatible; MSIE 6.0; Windows NT 5.1; SV1)"
57.63.331.338 - - [27/Oct/2011:03:26:30 -0500] "GET /products/demos HTTP/1.1" 200 0 "-" "Mozilla/5.0 (Windows; U; Windows NT 5.1; pl; rv:1.9.0.19) Gecko/2010031422 Firefox/3.0.19 ( .NET CLR 3.5.30729; .NET4.0E)"
57.63.331.338 - - [27/Oct/2011:03:28:12 -0500] "GET /download HTTP/1.1" 200 0 "/products/demos" "Mozilla/5.0 (Windows; U; Windows NT 5.1; pl; rv:1.9.0.19) Gecko/2010031422 Firefox/3.0.19 ( .NET CLR 3.5.30729; .NET4.0E)"
57.63.331.338 - - [27/Oct/2011:03:28:14 -0500] "GET /download HTTP/1.1" 200 0 "/download" "Mozilla/5.0 (Windows; U; Windows NT 5.1; pl; rv:1.9.0.19) Gecko/2010031422 Firefox/3.0.19 ( .NET CLR 3.5.30729; .NET4.0E)"
325.87.75.36 - - [27/Oct/2011:03:28:30 -0500] "GET /demo HTTP/1.1" 200 0 "/demo" "Jakarta Commons-HttpClient/3.0-rc4"
325.87.75.36 - - [27/Oct/2011:03:28:30 -0500] "GET /demo HTTP/1.1" 200 0 "/demo" "Jakarta Commons-HttpClient/3.0-rc4"
363.652.18.65 - - [27/Oct/2011:03:30:30 -0500] "GET /demo HTTP/1.1" 200 0 "-" "Jakarta Commons-HttpClient/3.0-rc4"
57.63.331.338 - - [27/Oct/2011:03:31:18 -0500] "GET /docs/doc6.pdf HTTP/1.1" 200 0 "/download" "Mozilla/5.0 (Windows; U; Windows NT 5.1; pl; rv:1.9.0.19) Gecko/2010031422 Firefox/3.0.19 ( .NET CLR 3.5.30729; .NET4.0E)"
57.63.331.338 - - [27/Oct/2011:03:31:18 -0500] "GET /docs/doc6.pdf HTTP/1.1" 200 0 "/docs/doc6.pdf" "Mozilla/5.0 (Windows; U; Windows NT 5.1; pl; rv:1.9.0.19) Gecko/2010031422 Firefox/3.0.19 ( .NET CLR 3.5.30729; .NET4.0E)"
57.63.331.338 - - [27/Oct/2011:03:31:21 -0500] "GET /download/download1.zip HTTP/1.1" 200 0 "/docs/doc6.pdf" "Mozilla/5.0 (Windows; U; Windows NT 5.1; pl; rv:1.9.0.19) Gecko/2010031422 Firefox/3.0.19 ( .NET CLR 3.5.30729; .NET4.0E)"
363.652.18.65 - - [27/Oct/2011:03:31:29 -0500] "GET /demo HTTP/1.1" 200 0 "/demo" "Jakarta Commons-HttpClient/3.0-rc4"
363.652.18.65 - - [27/Oct/2011:03:32:31 -0500] "GET /demo HTTP/1.1" 200 0 "/demo" "Jakarta Commons-HttpClient/3.0-rc4"
363.652.18.65 - - [27/Oct/2011:03:33:29 -0500] "GET /demo HTTP/1.1" 200 0 "/demo" "Jakarta Commons-HttpClient/3.0-rc4"
363.652.18.65 - - [27/Oct/2011:03:34:30 -0500] "GET /demo HTTP/1.1" 200 0 "/demo" "Jakarta Commons-HttpClient/3.0-rc4"
363.652.18.65 - - [27/Oct/2011:03:35:29 -0500] "GET /demo HTTP/1.1" 200 0 "/demo" "Jakarta Commons-HttpClient/3.0-rc4"
80.367.618.38 - - [27/Oct/2011:03:36:00 -0500] "GET /misc HTTP/1.1" 200 0 "-" "Mozilla/5.0 (X11; U; Linux x86_64; en-US) AppleWebKit/533.4 (KHTML, like Gecko) Chrome/5.0.375.55 Safari/533.4"
80.367.618.38 - - [27/Oct/2011:03:36:04 -0500] "GET /misc HTTP/1.1" 200 0 "/misc" "Mozilla/5.0 (X11; U; Linux x86_64; en-US) AppleWebKit/533.4 (KHTML, like Gecko) Chrome/5.0.375.55 Safari/533.4"
48.626.304.635 - - [27/Oct/2011:03:38:00 -0500] "GET /feeds/press HTTP/1.1" 200 0 "-" "PostRank/2.0 (postrank.com; 1 subscribers)"
367.613.667.82 - - [27/Oct/2011:03:46:00 -0500] "GET /feeds/press HTTP/1.1" 200 0 "-" "Mozilla/4.0 (compatible; MSIE 7.0; Windows NT 6.0; Trident/4.0; Mozilla/4.0 (compatible; MSIE 6.0; Windows NT 5.1; SV1) ; SLCC1; .NET CLR 2.0.50727; .NET CLR 3.5.30729; OfficeLivePatch.1.3; .NET CLR 3.0.30729; OfficeLiveConnector.1.4; MSOffice 12)"
367.613.667.82 - - [27/Oct/2011:03:46:01 -0500] "GET /feeds/press HTTP/1.1" 200 0 "/feeds/press" "Mozilla/4.0 (compatible; MSIE 7.0; Windows NT 6.0; Trident/4.0; Mozilla/4.0 (compatible; MSIE 6.0; Windows NT 5.1; SV1) ; SLCC1; .NET CLR 2.0.50727; .NET CLR 3.5.30729; OfficeLivePatch.1.3; .NET CLR 3.0.30729; OfficeLiveConnector.1.4; MSOffice 12)"
53.682.302.48 - - [27/Oct/2011:03:54:00 -0500] "GET /feeds/press HTTP/1.1" 200 0 "-" "Mozilla/5.0 (Windows; U; Windows NT 5.1; it; rv:1.9.2.3) Gecko/20100401 Firefox/3.6.3 ( .NET CLR 3.5.30729)"
53.682.302.48 - - [27/Oct/2011:03:54:00 -0500] "GET /feeds/press HTTP/1.1" 200 0 "/feeds/press" "Mozilla/5.0 (Windows; U; Windows NT 5.1; it; rv:1.9.2.3) Gecko/20100401 Firefox/3.6.3 ( .NET CLR 3.5.30729)"
53.682.302.48 - - [27/Oct/2011:03:54:00 -0500] "GET /feeds/press HTTP/1.1" 200 0 "/feeds/press" "Mozilla/5.0 (Windows; U; Windows NT 5.1; it; rv:1.9.2.3) Gecko/20100401 Firefox/3.6.3 ( .NET CLR 3.5.30729)"
88.612.18.11 - - [27/Oct/2011:03:54:00 -0500] "GET /product/product2 HTTP/1.1" 200 0 "-" "Mozilla/5.0 (Windows; U; Windows NT 5.1; en-GB; rv:1.9.2.3) Gecko/20100401 Firefox/3.6.3 (.NET CLR 3.5.30729)"
88.612.18.11 - - [27/Oct/2011:03:56:56 -0500] "GET /product/product2 HTTP/1.1" 200 0 "/product/product2" "Mozilla/5.0 (Windows; U; Windows NT 5.1; en-GB; rv:1.9.2.3) Gecko/20100401 Firefox/3.6.3 (.NET CLR 3.5.30729)"
88.612.18.11 - - [27/Oct/2011:03:58:44 -0500] "GET /product/product2 HTTP/1.1" 200 0 "/product/product2" "Mozilla/5.0 (Windows; U; Windows NT 5.1; en-GB; rv:1.9.2.3) Gecko/20100401 Firefox/3.6.3 (.NET CLR 3.5.30729)"
88.612.18.11 - - [27/Oct/2011:03:58:53 -0500] "GET /download HTTP/1.1" 200 0 "/product/product2" "Mozilla/5.0 (Windows; U; Windows NT 5.2; en-US; rv:1.9.1.6) Gecko/20091201 Firefox/3.5.6"
684.34.307.688 - - [27/Oct/2011:03:59:30 -0500] "GET /home HTTP/1.1" 200 0 "-" "Jakarta Commons-HttpClient/3.0.1"
367.328.50.334 - - [27/Oct/2011:04:01:00 -0500] "GET /product/product2 HTTP/1.1" 200 0 "-" "Mozilla/5.0 (Windows; U; Windows NT 5.1; en-GB; rv:1.9.2.3) Gecko/20100401 Firefox/3.6.3 (.NET CLR 3.5.30729)"
324.01.320.648 - - [27/Oct/2011:04:01:00 -0500] "GET /product/product3 HTTP/1.1" 200 0 "-" "msnbot/2.0b (+http://search.msn.com/msnbot.htm)"
16.304.7.683 - - [27/Oct/2011:04:02:30 -0500] "GET /demo HTTP/1.1" 200 0 "-" "Jakarta Commons-HttpClient/3.0-rc4"
13.53.52.13 - - [27/Oct/2011:04:02:30 -0500] "GET /demo HTTP/1.1" 200 0 "-" "Jakarta Commons-HttpClient/3.0-rc4"
683.80.600.338 - - [27/Oct/2011:04:02:30 -0500] "GET /products HTTP/1.1" 200 0 "-" "Mozilla/5.0 (Windows; U; Windows NT 5.1; fr; rv:1.8.0.1) Gecko/20060111 (CK-Thales) Firefox/1.5.0.1"
683.80.600.338 - - [27/Oct/2011:04:02:32 -0500] "GET /products HTTP/1.1" 200 0 "/products" "Mozilla/5.0 (Windows; U; Windows NT 5.1; fr; rv:1.8.0.1) Gecko/20060111 (CK-Thales) Firefox/1.5.0.1"
683.80.600.338 - - [27/Oct/2011:04:02:37 -0500] "GET /download HTTP/1.1" 200 0 "/products" "Mozilla/5.0 (Windows; U; Windows NT 5.1; fr; rv:1.8.0.1) Gecko/20060111 (CK-Thales) Firefox/1.5.0.1"
683.80.600.338 - - [27/Oct/2011:04:02:38 -0500] "GET /download HTTP/1.1" 200 0 "/download" "Mozilla/5.0 (Windows; U; Windows NT 5.1; fr; rv:1.8.0.1) Gecko/20060111 (CK-Thales) Firefox/1.5.0.1"
16.304.7.683 - - [27/Oct/2011:04:02:53 -0500] "GET /demo HTTP/1.1" 200 0 "/demo" "Jakarta Commons-HttpClient/3.0-rc4"
13.53.52.13 - - [27/Oct/2011:04:05:30 -0500] "GET /demo HTTP/1.1" 200 0 "/demo" "Jakarta Commons-HttpClient/3.0-rc4"
75.85.68.15 - - [27/Oct/2011:04:07:00 -0500] "GET /feeds/press HTTP/1.1" 200 0 "-" "Snapbot/1.0 (Snap Shots, +http://www.snap.com)"
363.58.8.626 - - [27/Oct/2011:04:07:30 -0500] "GET /product/product1 HTTP/1.1" 200 0 "-" "Mozilla/5.0 (Windows; U; Windows NT 5.1; es-ES; rv:1.9.2.3) Gecko/20100401 Firefox/3.6.3"
363.58.8.626 - - [27/Oct/2011:04:07:32 -0500] "GET /product/product1 HTTP/1.1" 200 0 "/product/product1" "Mozilla/5.0 (Windows; U; Windows NT 5.1; es-ES; rv:1.9.2.3) Gecko/20100401 Firefox/3.6.3"
11.308.18.624 - - [27/Oct/2011:04:39:00 -0500] "GET /news/releases/may HTTP/1.1" 200 0 "-" "Mozilla/5.0 (compatible; Googlebot/2.1; +http://www.google.com/bot.html)"
11.308.18.624 - - [27/Oct/2011:04:41:37 -0500] "GET /product/product3 HTTP/1.1" 200 0 "/news/releases/may" "Mozilla/5.0 (compatible; Googlebot/2.1; +http://www.google.com/bot.html)"
16.686.38.03 - - [27/Oct/2011:04:43:00 -0500] "GET /products/demos HTTP/1.1" 200 0 "-" "Mozilla/5.0 (Windows; U; Windows NT 5.1; zh-CN; rv:1.9.2.3) Gecko/20100401 Firefox/3.6.3"
16.686.38.03 - - [27/Oct/2011:04:43:01 -0500] "GET /product/product1 HTTP/1.1" 200 0 "/products/demos" "Mozilla/5.0 (Windows; U; Windows NT 5.1; zh-CN; rv:1.9.2.3) Gecko/20100401 Firefox/3.6.3"
16.686.38.03 - - [27/Oct/2011:04:43:25 -0500] "GET /product/product1 HTTP/1.1" 200 0 "/product/product1" "Mozilla/5.0 (Windows; U; Windows NT 5.1; zh-CN; rv:1.9.2.3) Gecko/20100401 Firefox/3.6.3"
16.686.38.03 - - [27/Oct/2011:04:43:27 -0500] "GET /product/product1 HTTP/1.1" 200 0 "/product/product1" "Mozilla/5.0 (Windows; U; Windows NT 5.1; zh-CN; rv:1.9.2.3) Gecko/20100401 Firefox/3.6.3"
16.686.38.03 - - [27/Oct/2011:04:43:34 -0500] "GET /download HTTP/1.1" 200 0 "/product/product1" "Mozilla/5.0 (Windows; U; Windows NT 5.1; zh-CN; rv:1.9.2.3) Gecko/20100401 Firefox/3.6.3"
16.686.38.03 - - [27/Oct/2011:04:43:50 -0500] "GET /product/product4 HTTP/1.1" 200 0 "/download" "Mozilla/5.0 (Windows; U; Windows NT 5.1; zh-CN; rv:1.9.2.3) Gecko/20100401 Firefox/3.6.3"
16.686.38.03 - - [27/Oct/2011:04:43:54 -0500] "GET /product/product1 HTTP/1.1" 200 0 "/product/product4" "Mozilla/5.0 (Windows; U; Windows NT 5.1; zh-CN; rv:1.9.2.3) Gecko/20100401 Firefox/3.6.3"
16.686.38.03 - - [27/Oct/2011:04:44:03 -0500] "GET /product/product1 HTTP/1.1" 200 0 "/product/product1" "Mozilla/5.0 (Windows; U; Windows NT 5.1; zh-CN; rv:1.9.2.3) Gecko/20100401 Firefox/3.6.3"
16.686.38.03 - - [27/Oct/2011:04:44:10 -0500] "GET /download/download7.zip HTTP/1.1" 200 0 "/product/product1" "Mozilla/5.0 (Windows; U; Windows NT 5.1; zh-CN; rv:1.9.2.3) Gecko/20100401 Firefox/3.6.3"
16.686.38.03 - - [27/Oct/2011:04:44:16 -0500] "GET /download/download7.zip HTTP/1.1" 200 0 "/download/download7.zip" "Mozilla/5.0 (Windows; U; Windows NT 5.1; zh-CN; rv:1.9.2.3) Gecko/20100401 Firefox/3.6.3"
16.686.38.03 - - [27/Oct/2011:04:44:24 -0500] "GET /download/download7.zip HTTP/1.1" 200 0 "/download/download7.zip" "Mozilla/5.0 (Windows; U; Windows NT 5.1; zh-CN; rv:1.9.2.3) Gecko/20100401 Firefox/3.6.3"
16.686.38.03 - - [27/Oct/2011:04:44:43 -0500] "GET /download/download6.zip HTTP/1.1" 200 0 "/download/download7.zip" "Mozilla/5.0 (Windows; U; Windows NT 5.1; zh-CN; rv:1.9.2.3) Gecko/20100401 Firefox/3.6.3"
16.686.38.03 - - [27/Oct/2011:04:45:38 -0500] "GET /download HTTP/1.1" 200 0 "/download/download6.zip" "Mozilla/4.0 (compatible; MSIE 6.0; Windows NT 5.1; SV1; .NET CLR 1.1.4322; .NET CLR 2.0.50727)"
16.686.38.03 - - [27/Oct/2011:04:45:41 -0500] "GET /download HTTP/1.1" 200 0 "/download" "Mozilla/4.0 (compatible; MSIE 6.0; Windows NT 5.1; SV1; .NET CLR 1.1.4322; .NET CLR 2.0.50727)"
16.686.38.03 - - [27/Oct/2011:04:45:43 -0500] "GET /download HTTP/1.1" 200 0 "/download" "Mozilla/4.0 (compatible; MSIE 6.0; Windows NT 5.1; SV1; .NET CLR 1.1.4322; .NET CLR 2.0.50727)"
16.686.38.03 - - [27/Oct/2011:04:45:45 -0500] "GET /download HTTP/1.1" 200 0 "/download" "Mozilla/4.0 (compatible; MSIE 6.0; Windows NT 5.1; SV1; .NET CLR 1.1.4322; .NET CLR 2.0.50727)"
16.686.38.03 - - [27/Oct/2011:04:45:47 -0500] "GET /download HTTP/1.1" 200 0 "/download" "Mozilla/4.0 (compatible; MSIE 6.0; Windows NT 5.1; SV1; .NET CLR 1.1.4322; .NET CLR 2.0.50727)"
16.686.38.03 - - [27/Oct/2011:04:46:00 -0500] "GET /download HTTP/1.1" 200 0 "/download" "Mozilla/4.0 (compatible; MSIE 6.0; Windows NT 5.1; SV1; .NET CLR 1.1.4322; .NET CLR 2.0.50727)"
16.686.38.03 - - [27/Oct/2011:04:46:05 -0500] "GET /download HTTP/1.1" 200 0 "/download" "Mozilla/4.0 (compatible; MSIE 6.0; Windows NT 5.1; SV1; .NET CLR 1.1.4322; .NET CLR 2.0.50727)"
16.686.38.03 - - [27/Oct/2011:04:46:32 -0500] "GET /download HTTP/1.1" 200 0 "/download" "Mozilla/4.0 (compatible; MSIE 6.0; Windows NT 5.1; SV1; .NET CLR 1.1.4322; .NET CLR 2.0.50727)"
16.686.38.03 - - [27/Oct/2011:04:46:34 -0500] "GET /download HTTP/1.1" 200 0 "/download" "Mozilla/4.0 (compatible; MSIE 6.0; Windows NT 5.1; SV1; .NET CLR 1.1.4322; .NET CLR 2.0.50727)"
16.686.38.03 - - [27/Oct/2011:04:46:36 -0500] "GET /download HTTP/1.1" 200 0 "/download" "Mozilla/4.0 (compatible; MSIE 6.0; Windows NT 5.1; SV1; .NET CLR 1.1.4322; .NET CLR 2.0.50727)"
16.686.38.03 - - [27/Oct/2011:04:46:40 -0500] "GET /download HTTP/1.1" 200 0 "/download" "Mozilla/4.0 (compatible; MSIE 6.0; Windows NT 5.1; SV1; .NET CLR 1.1.4322; .NET CLR 2.0.50727)"
16.686.38.03 - - [27/Oct/2011:04:46:44 -0500] "GET /download HTTP/1.1" 200 0 "/download" "Mozilla/4.0 (compatible; MSIE 6.0; Windows NT 5.1; SV1; .NET CLR 1.1.4322; .NET CLR 2.0.50727)"
16.686.38.03 - - [27/Oct/2011:04:46:46 -0500] "GET /download HTTP/1.1" 200 0 "/download" "Mozilla/4.0 (compatible; MSIE 6.0; Windows NT 5.1; SV1; .NET CLR 1.1.4322; .NET CLR 2.0.50727)"
16.686.38.03 - - [27/Oct/2011:04:47:06 -0500] "GET /download HTTP/1.1" 200 0 "/download" "Mozilla/4.0 (compatible; MSIE 6.0; Windows NT 5.1; SV1; .NET CLR 1.1.4322; .NET CLR 2.0.50727)"
16.686.38.03 - - [27/Oct/2011:04:47:08 -0500] "GET /download HTTP/1.1" 200 0 "/download" "Mozilla/4.0 (compatible; MSIE 6.0; Windows NT 5.1; SV1; .NET CLR 1.1.4322; .NET CLR 2.0.50727)"
16.686.38.03 - - [27/Oct/2011:04:47:13 -0500] "GET /download HTTP/1.1" 200 0 "/download" "Mozilla/4.0 (compatible; MSIE 6.0; Windows NT 5.1; SV1; .NET CLR 1.1.4322; .NET CLR 2.0.50727)"
16.686.38.03 - - [27/Oct/2011:04:47:14 -0500] "GET /download HTTP/1.1" 200 0 "/download" "Mozilla/4.0 (compatible; MSIE 6.0; Windows NT 5.1; SV1; .NET CLR 1.1.4322; .NET CLR 2.0.50727)"
16.686.38.03 - - [27/Oct/2011:04:47:16 -0500] "GET /download HTTP/1.1" 200 0 "/download" "Mozilla/4.0 (compatible; MSIE 6.0; Windows NT 5.1; SV1; .NET CLR 1.1.4322; .NET CLR 2.0.50727)"
16.686.38.03 - - [27/Oct/2011:04:47:22 -0500] "GET /download HTTP/1.1" 200 0 "/download" "Mozilla/4.0 (compatible; MSIE 6.0; Windows NT 5.1; SV1; .NET CLR 1.1.4322; .NET CLR 2.0.50727)"
14.323.74.653 - - [27/Oct/2011:04:53:30 -0500] "GET /demo HTTP/1.1" 200 0 "-" "Jakarta Commons-HttpClient/3.0-rc4"
14.323.74.653 - - [27/Oct/2011:04:54:30 -0500] "GET /demo HTTP/1.1" 200 0 "/demo" "Jakarta Commons-HttpClient/3.0-rc4"
13.640.53.680 - - [27/Oct/2011:04:54:30 -0500] "GET /demo HTTP/1.1" 200 0 "-" "Jakarta Commons-HttpClient/3.0-rc4"
14.323.74.653 - - [27/Oct/2011:04:55:30 -0500] "GET /demo HTTP/1.1" 200 0 "/demo" "Jakarta Commons-HttpClient/3.0-rc4"
14.323.74.653 - - [27/Oct/2011:04:56:30 -0500] "GET /demo HTTP/1.1" 200 0 "/demo" "Jakarta Commons-HttpClient/3.0-rc4"
14.323.74.653 - - [27/Oct/2011:04:57:31 -0500] "GET /demo HTTP/1.1" 200 0 "/demo" "Jakarta Commons-HttpClient/3.0-rc4"
45.670.75.06 - - [27/Oct/2011:05:05:00 -0500] "GET /home HTTP/1.1" 200 0 "-" "Jakarta Commons-HttpClient/3.0.1"
58.81.303.74 - - [27/Oct/2011:05:18:30 -0500] "GET /products HTTP/1.1" 200 0 "-" "Mozilla/5.0 (Windows; U; Windows NT 5.1; en-US) AppleWebKit/534.0 (KHTML, like Gecko) Chrome/6.0.408.1 Safari/534.0"
58.81.303.74 - - [27/Oct/2011:05:18:37 -0500] "GET /products HTTP/1.1" 200 0 "/products" "Mozilla/5.0 (Windows; U; Windows NT 5.1; en-US) AppleWebKit/534.0 (KHTML, like Gecko) Chrome/6.0.408.1 Safari/534.0"
362.36.372.631 - - [27/Oct/2011:05:19:30 -0500] "GET /services/support HTTP/1.1" 200 0 "-" "Mozilla/5.0 (Windows; U; Windows NT 5.1; zh-CN; rv:1.9.0.19) Gecko/2010031422 Firefox/3.0.19"
87.685.608.73 - - [27/Oct/2011:05:21:00 -0500] "GET /offers HTTP/1.1" 200 0 "-" "Yandex/1.01.001 (compatible; Win16; I)"
363.41.48.620 - - [27/Oct/2011:05:22:30 -0500] "GET /product/product12 HTTP/1.1" 200 0 "-" "Mozilla/5.0 (X11; U; Linux x86_64; en-US) AppleWebKit/533.4 (KHTML, like Gecko) Chrome/5.0.375.55 Safari/533.4"
363.41.48.620 - - [27/Oct/2011:05:22:37 -0500] "GET /product/product12 HTTP/1.1" 200 0 "/product/product12" "Mozilla/5.0 (X11; U; Linux x86_64; en-US) AppleWebKit/533.4 (KHTML, like Gecko) Chrome/5.0.375.55 Safari/533.4"
688.338.374.03 - - [27/Oct/2011:05:23:00 -0500] "GET /feeds/press HTTP/1.1" 200 0 "-" "Mozilla/5.0 (Windows; U; Windows NT 5.1; en-US; rv:1.9.2.3) Gecko/20100401 Firefox/3.6.3 (.NET CLR 3.5.30729)"
688.338.371.365 - - [27/Oct/2011:05:23:00 -0500] "GET /feeds/press HTTP/1.1" 200 0 "-" "Mozilla/5.0 (Windows; U; Windows NT 5.1; en-US; rv:1.9.2.3) Gecko/20100401 Firefox/3.6.3 (.NET CLR 3.5.30729)"
688.338.371.365 - - [27/Oct/2011:05:23:00 -0500] "GET /feeds/press HTTP/1.1" 200 0 "/feeds/press" "Mozilla/5.0 (Windows; U; Windows NT 5.1; en-US; rv:1.9.2.3) Gecko/20100401 Firefox/3.6.3 (.NET CLR 3.5.30729)"
361.631.17.30 - - [27/Oct/2011:05:28:30 -0500] "GET /demo HTTP/1.1" 200 0 "-" "Jakarta Commons-HttpClient/3.0-rc4"
361.631.17.30 - - [27/Oct/2011:05:29:27 -0500] "GET /demo HTTP/1.1" 200 0 "/demo" "Jakarta Commons-HttpClient/3.0-rc4"
361.631.17.30 - - [27/Oct/2011:05:29:27 -0500] "GET /demo HTTP/1.1" 200 0 "/demo" "Jakarta Commons-HttpClient/3.0-rc4"
361.631.17.30 - - [27/Oct/2011:05:29:27 -0500] "GET /demo HTTP/1.1" 200 0 "/demo" "Jakarta Commons-HttpClient/3.0-rc4"
361.631.17.30 - - [27/Oct/2011:05:29:28 -0500] "GET /demo HTTP/1.1" 200 0 "/demo" "Jakarta Commons-HttpClient/3.0-rc4"
361.631.17.30 - - [27/Oct/2011:05:30:27 -0500] "GET /demo HTTP/1.1" 200 0 "/demo" "Jakarta Commons-HttpClient/3.0-rc4"
361.631.17.30 - - [27/Oct/2011:05:30:28 -0500] "GET /demo HTTP/1.1" 200 0 "/demo" "Jakarta Commons-HttpClient/3.0-rc4"
361.631.17.30 - - [27/Oct/2011:05:30:28 -0500] "GET /demo HTTP/1.1" 200 0 "/demo" "Jakarta Commons-HttpClient/3.0-rc4"
361.631.17.30 - - [27/Oct/2011:05:30:29 -0500] "GET /demo HTTP/1.1" 200 0 "/demo" "Jakarta Commons-HttpClient/3.0-rc4"
361.631.17.30 - - [27/Oct/2011:05:31:27 -0500] "GET /demo HTTP/1.1" 200 0 "/demo" "Jakarta Commons-HttpClient/3.0-rc4"
361.631.17.30 - - [27/Oct/2011:05:31:28 -0500] "GET /demo HTTP/1.1" 200 0 "/demo" "Jakarta Commons-HttpClient/3.0-rc4"
361.631.17.30 - - [27/Oct/2011:05:31:28 -0500] "GET /demo HTTP/1.1" 200 0 "/demo" "Jakarta Commons-HttpClient/3.0-rc4"
361.631.17.30 - - [27/Oct/2011:05:31:29 -0500] "GET /demo HTTP/1.1" 200 0 "/demo" "Jakarta Commons-HttpClient/3.0-rc4"
324.01.688.378 - - [27/Oct/2011:05:32:00 -0500] "GET /partners/resell HTTP/1.1" 200 0 "-" "msnbot/2.0b (+http://search.msn.com/msnbot.htm)"
361.631.17.30 - - [27/Oct/2011:05:32:27 -0500] "GET /demo HTTP/1.1" 200 0 "/demo" "Jakarta Commons-HttpClient/3.0-rc4"
361.631.17.30 - - [27/Oct/2011:05:32:28 -0500] "GET /demo HTTP/1.1" 200 0 "/demo" "Jakarta Commons-HttpClient/3.0-rc4"
361.631.17.30 - - [27/Oct/2011:05:32:28 -0500] "GET /demo HTTP/1.1" 200 0 "/demo" "Jakarta Commons-HttpClient/3.0-rc4"
361.631.17.30 - - [27/Oct/2011:05:32:29 -0500] "GET /demo HTTP/1.1" 200 0 "/demo" "Jakarta Commons-HttpClient/3.0-rc4"
14.365.661.613 - - [27/Oct/2011:05:33:00 -0500] "GET /home HTTP/1.1" 200 0 "-" "Mozilla/5.0 (Twiceler-0.9 http://www.cuil.com/twiceler/robot.html)"
361.631.17.30 - - [27/Oct/2011:05:33:27 -0500] "GET /demo HTTP/1.1" 200 0 "/demo" "Jakarta Commons-HttpClient/3.0-rc4"
361.631.17.30 - - [27/Oct/2011:05:33:28 -0500] "GET /demo HTTP/1.1" 200 0 "/demo" "Jakarta Commons-HttpClient/3.0-rc4"
361.631.17.30 - - [27/Oct/2011:05:33:28 -0500] "GET /demo HTTP/1.1" 200 0 "/demo" "Jakarta Commons-HttpClient/3.0-rc4"
361.631.17.30 - - [27/Oct/2011:05:33:29 -0500] "GET /demo HTTP/1.1" 200 0 "/demo" "Jakarta Commons-HttpClient/3.0-rc4"
88.375.38.2 - - [27/Oct/2011:05:37:30 -0500] "GET /feeds/press HTTP/1.1" 200 0 "-" "Apple-PubSub/65.12.1"
605.617.645.60 - - [27/Oct/2011:05:38:00 -0500] "GET /download HTTP/1.1" 200 0 "-" "Goldfire Server"
324.01.67.677 - - [27/Oct/2011:05:47:30 -0500] "GET /partners HTTP/1.1" 200 0 "-" "msnbot/2.0b (+http://search.msn.com/msnbot.htm)"
86.78.321.660 - - [27/Oct/2011:05:51:00 -0500] "GET /services/training HTTP/1.1" 200 0 "-" "Mozilla/5.0 (Windows; U; Windows NT 6.0; de; rv:1.9.2.3) Gecko/20100401 Firefox/3.6.3 (.NET CLR 3.5.30729)"
86.78.321.660 - - [27/Oct/2011:05:51:01 -0500] "GET /services/training HTTP/1.1" 200 0 "/services/training" "Mozilla/5.0 (Windows; U; Windows NT 6.0; de; rv:1.9.2.3) Gecko/20100401 Firefox/3.6.3 (.NET CLR 3.5.30729)"
86.78.321.660 - - [27/Oct/2011:05:51:26 -0500] "GET /services/training/product2 HTTP/1.1" 200 0 "/services/training" "Mozilla/5.0 (Windows; U; Windows NT 6.0; de; rv:1.9.2.3) Gecko/20100401 Firefox/3.6.3 (.NET CLR 3.5.30729)"
86.78.321.660 - - [27/Oct/2011:05:53:11 -0500] "GET /services/training/product2 HTTP/1.1" 200 0 "/services/training/product2" "Mozilla/5.0 (Windows; U; Windows NT 6.0; de; rv:1.9.2.3) Gecko/20100401 Firefox/3.6.3 (.NET CLR 3.5.30729)"
332.656.4.42 - - [27/Oct/2011:05:56:30 -0500] "GET /offers HTTP/1.1" 200 0 "-" "Baiduspider+(+http://www.baidu.com/search/spider.htm)"
668.1.8.660 - - [27/Oct/2011:05:57:00 -0500] "GET /download HTTP/1.1" 200 0 "-" "Mozilla/5.0 (Windows; U; Windows NT 5.1; zh-CN; rv:1.9.2.3) Gecko/20100401 Firefox/3.6.3"
668.1.8.660 - - [27/Oct/2011:05:57:08 -0500] "GET /download HTTP/1.1" 200 0 "/download" "Mozilla/5.0 (Windows; U; Windows NT 5.1; zh-CN; rv:1.9.2.3) Gecko/20100401 Firefox/3.6.3"
668.1.8.660 - - [27/Oct/2011:05:57:14 -0500] "GET /product/product4 HTTP/1.1" 200 0 "/download" "Mozilla/5.0 (Windows; U; Windows NT 5.1; zh-CN; rv:1.9.2.3) Gecko/20100401 Firefox/3.6.3"
668.1.8.660 - - [27/Oct/2011:05:57:41 -0500] "GET /download/download7.zip HTTP/1.1" 200 0 "/product/product4" "Mozilla/5.0 (Windows; U; Windows NT 5.1; zh-CN; rv:1.9.2.3) Gecko/20100401 Firefox/3.6.3"
668.1.8.660 - - [27/Oct/2011:05:57:43 -0500] "GET /download/download7.zip HTTP/1.1" 200 0 "/download/download7.zip" "Mozilla/5.0 (Windows; U; Windows NT 5.1; zh-CN; rv:1.9.2.3) Gecko/20100401 Firefox/3.6.3"
668.1.8.660 - - [27/Oct/2011:05:57:44 -0500] "GET /download/download7.zip HTTP/1.1" 200 0 "/download/download7.zip" "Mozilla/5.0 (Windows; U; Windows NT 5.1; zh-CN; rv:1.9.2.3) Gecko/20100401 Firefox/3.6.3"
668.1.8.660 - - [27/Oct/2011:05:58:18 -0500] "GET /docs/doc1.pdf HTTP/1.1" 200 0 "/download/download7.zip" "Mozilla/5.0 (Windows; U; Windows NT 5.1; zh-CN; rv:1.9.2.3) Gecko/20100401 Firefox/3.6.3"
668.1.8.660 - - [27/Oct/2011:05:58:20 -0500] "GET /download/download6.zip HTTP/1.1" 200 0 "/docs/doc1.pdf" "Mozilla/5.0 (Windows; U; Windows NT 5.1; zh-CN; rv:1.9.2.3) Gecko/20100401 Firefox/3.6.3"
668.1.8.660 - - [27/Oct/2011:05:58:21 -0500] "GET /download/download1.zip HTTP/1.1" 200 0 "/download/download6.zip" "Mozilla/5.0 (Windows; U; Windows NT 5.1; zh-CN; rv:1.9.2.3) Gecko/20100401 Firefox/3.6.3"
668.1.8.660 - - [27/Oct/2011:05:58:31 -0500] "GET /download HTTP/1.1" 200 0 "/download/download1.zip" "Mozilla/4.0 (compatible; MSIE 6.0; Windows NT 5.1; SV1)"
668.1.8.660 - - [27/Oct/2011:05:58:39 -0500] "GET /docs/doc1.pdf HTTP/1.1" 200 0 "/download" "Mozilla/4.0 (compatible; MSIE 6.0; Windows NT 5.1; SV1)"
668.1.8.660 - - [27/Oct/2011:05:58:52 -0500] "GET /download HTTP/1.1" 200 0 "/docs/doc1.pdf" "Mozilla/4.0 (compatible; MSIE 6.0; Windows NT 5.1; SV1)"
668.1.8.660 - - [27/Oct/2011:05:59:32 -0500] "GET /download HTTP/1.1" 200 0 "/download" "Mozilla/4.0 (compatible; MSIE 6.0; Windows NT 5.1; SV1)"
668.1.8.660 - - [27/Oct/2011:06:00:33 -0500] "GET /download HTTP/1.1" 200 0 "/download" "Mozilla/4.0 (compatible; MSIE 6.0; Windows NT 5.1; SV1)"
668.1.8.660 - - [27/Oct/2011:06:01:54 -0500] "GET /download HTTP/1.1" 200 0 "/download" "Mozilla/4.0 (compatible; MSIE 6.0; Windows NT 5.1; SV1)"
18.42.368.680 - - [27/Oct/2011:06:26:00 -0500] "GET /feeds/press HTTP/1.1" 200 0 "-" "Apple-PubSub/65.12.1"
55.615.51.35 - - [27/Oct/2011:06:29:00 -0500] "GET /feeds/press HTTP/1.1" 200 0 "-" "Apple-PubSub/65.12.1"
88.612.18.11 - - [27/Oct/2011:06:33:00 -0500] "GET /product/product4 HTTP/1.1" 200 0 "-" "Mozilla/5.0 (Windows; U; Windows NT 5.2; en-US; rv:1.9.1.6) Gecko/20091201 Firefox/3.5.6"
363.652.18.65 - - [27/Oct/2011:06:33:00 -0500] "GET /demo HTTP/1.1" 200 0 "-" "Jakarta Commons-HttpClient/3.0-rc4"
363.652.18.65 - - [27/Oct/2011:06:33:54 -0500] "GET /demo HTTP/1.1" 200 0 "/demo" "Jakarta Commons-HttpClient/3.0-rc4"
88.612.18.11 - - [27/Oct/2011:06:34:22 -0500] "GET /download/download4.zip HTTP/1.1" 200 0 "/product/product4" "Mozilla/5.0 (Windows; U; Windows NT 5.2; en-US; rv:1.9.1.6) Gecko/20091201 Firefox/3.5.6"
88.612.18.11 - - [27/Oct/2011:06:34:24 -0500] "GET /download/download4.zip HTTP/1.1" 200 0 "/download/download4.zip" "Mozilla/5.0 (Windows; U; Windows NT 5.2; en-US; rv:1.9.1.6) Gecko/20091201 Firefox/3.5.6"
88.612.18.11 - - [27/Oct/2011:06:34:25 -0500] "GET /download/download4.zip HTTP/1.1" 200 0 "/download/download4.zip" "Mozilla/5.0 (Windows; U; Windows NT 5.2; en-US; rv:1.9.1.6) Gecko/20091201 Firefox/3.5.6"
88.612.18.11 - - [27/Oct/2011:06:34:31 -0500] "GET /download/download3.zip HTTP/1.1" 200 0 "/download/download4.zip" "Mozilla/5.0 (Windows; U; Windows NT 5.2; en-US; rv:1.9.1.6) Gecko/20091201 Firefox/3.5.6"
363.652.18.65 - - [27/Oct/2011:06:34:55 -0500] "GET /demo HTTP/1.1" 200 0 "/demo" "Jakarta Commons-HttpClient/3.0-rc4"
363.652.18.65 - - [27/Oct/2011:06:35:54 -0500] "GET /demo HTTP/1.1" 200 0 "/demo" "Jakarta Commons-HttpClient/3.0-rc4"
18.668.308.380 - - [27/Oct/2011:06:36:30 -0500] "GET /feeds/press HTTP/1.1" 200 0 "-" "Apple-PubSub/65.12.1"
363.652.18.65 - - [27/Oct/2011:06:36:58 -0500] "GET /demo HTTP/1.1" 200 0 "/demo" "Jakarta Commons-HttpClient/3.0-rc4"
368.677.2.6 - - [27/Oct/2011:06:37:30 -0500] "GET /partners HTTP/1.1" 200 0 "-" "Mozilla/5.0 (Windows; U; Windows NT 5.1; zh-CN; rv:1.9.0.19) Gecko/2010031422 Firefox/3.0.19"
368.677.2.6 - - [27/Oct/2011:06:37:43 -0500] "GET /partners/integrators HTTP/1.1" 200 0 "/partners" "Mozilla/5.0 (Windows; U; Windows NT 5.1; zh-CN; rv:1.9.0.19) Gecko/2010031422 Firefox/3.0.19"
368.677.2.6 - - [27/Oct/2011:06:37:51 -0500] "GET /partners/integrators HTTP/1.1" 200 0 "/partners/integrators" "Mozilla/5.0 (Windows; U; Windows NT 5.1; zh-CN; rv:1.9.0.19) Gecko/2010031422 Firefox/3.0.19"
363.652.18.65 - - [27/Oct/2011:06:37:54 -0500] "GET /demo HTTP/1.1" 200 0 "/demo" "Jakarta Commons-HttpClient/3.0-rc4"
367.34.686.631 - - [27/Oct/2011:06:53:30 -0500] "GET /demo HTTP/1.1" 200 0 "-" "Jakarta Commons-HttpClient/3.0-rc4"
13.53.52.13 - - [27/Oct/2011:07:02:00 -0500] "GET /demo HTTP/1.1" 200 0 "-" "Jakarta Commons-HttpClient/3.0-rc4"
13.53.52.13 - - [27/Oct/2011:07:04:17 -0500] "GET /demo HTTP/1.1" 200 0 "/demo" "Jakarta Commons-HttpClient/3.0-rc4"
13.53.52.13 - - [27/Oct/2011:07:04:26 -0500] "GET /demo HTTP/1.1" 200 0 "/demo" "Jakarta Commons-HttpClient/3.0-rc4"
13.53.52.13 - - [27/Oct/2011:07:04:26 -0500] "GET /demo HTTP/1.1" 200 0 "/demo" "Jakarta Commons-HttpClient/3.0-rc4"
13.53.52.13 - - [27/Oct/2011:07:05:00 -0500] "GET /demo HTTP/1.1" 200 0 "/demo" "Jakarta Commons-HttpClient/3.0-rc4"
367.04.663.48 - - [27/Oct/2011:07:05:30 -0500] "GET /news/releases/may HTTP/1.1" 200 0 "-" "Mappodrhom Crawler; +http://www.mappo.at/crawler"
367.04.663.48 - - [27/Oct/2011:07:05:31 -0500] "GET /news/releases/may HTTP/1.1" 200 0 "/news/releases/may" "Mozilla/5.0 (X11; U; Linux; en-US) AppleWebKit/532.4 (KHTML, like Gecko) Qt/4.6.1 Safari/532.4"
367.04.663.48 - - [27/Oct/2011:07:05:37 -0500] "GET /news/releases/may HTTP/1.1" 200 0 "/news/releases/may" "Mozilla/5.0 (X11; U; Linux; en-US) AppleWebKit/532.4 (KHTML, like Gecko) Qt/4.6.1 Safari/532.4"
665.18.331.674 - - [27/Oct/2011:07:07:30 -0500] "GET /product/product2 HTTP/1.1" 200 0 "-" "Mozilla/5.0 (Windows; U; Windows NT 5.1; en-US; rv:1.9.2.3) Gecko/20100401 Firefox/3.6.3 (.NET CLR 3.5.30729)"
53.667.16.82 - - [27/Oct/2011:07:10:30 -0500] "GET /demo HTTP/1.1" 200 0 "-" "Jakarta Commons-HttpClient/3.0-rc4"
665.18.331.674 - - [27/Oct/2011:07:10:56 -0500] "GET /product/product12 HTTP/1.1" 200 0 "/product/product2" "Mozilla/5.0 (Windows; U; Windows NT 5.1; en-US; rv:1.9.2.3) Gecko/20100401 Firefox/3.6.3 (.NET CLR 3.5.30729)"
665.18.331.674 - - [27/Oct/2011:07:10:58 -0500] "GET /product/product12 HTTP/1.1" 200 0 "/product/product12" "Mozilla/5.0 (Windows; U; Windows NT 5.1; en-US; rv:1.9.2.3) Gecko/20100401 Firefox/3.6.3 (.NET CLR 3.5.30729)"
665.18.331.674 - - [27/Oct/2011:07:11:51 -0500] "GET /product/product3 HTTP/1.1" 200 0 "/product/product12" "Mozilla/5.0 (Windows; U; Windows NT 5.1; en-US; rv:1.9.2.3) Gecko/20100401 Firefox/3.6.3 (.NET CLR 3.5.30729)"
665.18.331.674 - - [27/Oct/2011:07:11:53 -0500] "GET /product/product3 HTTP/1.1" 200 0 "/product/product3" "Mozilla/5.0 (Windows; U; Windows NT 5.1; en-US; rv:1.9.2.3) Gecko/20100401 Firefox/3.6.3 (.NET CLR 3.5.30729)"
665.18.331.674 - - [27/Oct/2011:07:12:25 -0500] "GET /product/product3 HTTP/1.1" 200 0 "/product/product3" "Mozilla/5.0 (Windows; U; Windows NT 5.1; en-US; rv:1.9.2.3) Gecko/20100401 Firefox/3.6.3 (.NET CLR 3.5.30729)"
665.18.331.674 - - [27/Oct/2011:07:12:27 -0500] "GET /product/product3 HTTP/1.1" 200 0 "/product/product3" "Mozilla/5.0 (Windows; U; Windows NT 5.1; en-US; rv:1.9.2.3) Gecko/20100401 Firefox/3.6.3 (.NET CLR 3.5.30729)"
68.327.674.46 - - [27/Oct/2011:07:12:30 -0500] "GET /feeds/press HTTP/1.1" 200 0 "-" "Apple-PubSub/65"
53.667.16.82 - - [27/Oct/2011:07:14:20 -0500] "GET /demo HTTP/1.1" 200 0 "/demo" "Jakarta Commons-HttpClient/3.0-rc4"
324.01.320.378 - - [27/Oct/2011:07:15:30 -0500] "GET /partners/resell HTTP/1.1" 200 0 "-" "msnbot/2.0b (+http://search.msn.com/msnbot.htm)"
53.667.16.82 - - [27/Oct/2011:07:15:30 -0500] "GET /demo HTTP/1.1" 200 0 "/demo" "Jakarta Commons-HttpClient/3.0-rc4"
367.84.337.612 - - [27/Oct/2011:07:15:30 -0500] "GET /demo HTTP/1.1" 200 0 "-" "Jakarta Commons-HttpClient/3.0-rc4"
16.686.38.03 - - [27/Oct/2011:07:17:30 -0500] "GET /download/download6.zip HTTP/1.1" 200 0 "-" "Mozilla/5.0 (Windows; U; Windows NT 5.1; zh-CN; rv:1.9.2.3) Gecko/20100401 Firefox/3.6.3"
16.686.38.03 - - [27/Oct/2011:07:18:01 -0500] "GET /products HTTP/1.1" 200 0 "/download/download6.zip" "Mozilla/5.0 (Windows; U; Windows NT 5.1; zh-CN; rv:1.9.2.3) Gecko/20100401 Firefox/3.6.3"
16.686.38.03 - - [27/Oct/2011:07:20:30 -0500] "GET /product/product2 HTTP/1.1" 200 0 "/products" "Mozilla/5.0 (Windows; U; Windows NT 5.1; zh-CN; rv:1.9.2.3) Gecko/20100401 Firefox/3.6.3"
367.84.337.612 - - [27/Oct/2011:07:20:30 -0500] "GET /demo HTTP/1.1" 200 0 "/demo" "Jakarta Commons-HttpClient/3.0-rc4"
16.686.38.03 - - [27/Oct/2011:07:20:32 -0500] "GET /product/product2 HTTP/1.1" 200 0 "/product/product2" "Mozilla/5.0 (Windows; U; Windows NT 5.1; zh-CN; rv:1.9.2.3) Gecko/20100401 Firefox/3.6.3"
16.686.38.03 - - [27/Oct/2011:07:20:50 -0500] "GET /product/product2 HTTP/1.1" 200 0 "/product/product2" "Mozilla/4.0 (compatible; MSIE 6.0; Windows NT 5.1; SV1; QQWubi 108)"
16.686.38.03 - - [27/Oct/2011:07:21:48 -0500] "GET /product/product2 HTTP/1.1" 200 0 "/product/product2" "Mozilla/5.0 (X11; U; Linux i686; zh-CN; rv:1.9.1.9) Gecko/20100401 Ubuntu/9.10 (karmic) Firefox/3.5.9"
82.648.624.660 - - [27/Oct/2011:07:23:00 -0500] "GET /product/product4 HTTP/1.1" 200 0 "-" "Mozilla/5.0 (Macintosh; U; Intel Mac OS X 10_6_3; en-us) AppleWebKit/531.22.7 (KHTML, like Gecko) Version/4.0.5 Safari/531.22.7"
82.648.624.660 - - [27/Oct/2011:07:23:02 -0500] "GET /product/product4 HTTP/1.1" 200 0 "/product/product4" "Mozilla/5.0 (Macintosh; U; Intel Mac OS X 10_6_3; en-us) AppleWebKit/531.22.7 (KHTML, like Gecko) Version/4.0.5 Safari/531.22.7"
14.323.74.653 - - [27/Oct/2011:07:24:00 -0500] "GET /demo HTTP/1.1" 200 0 "-" "Jakarta Commons-HttpClient/3.0-rc4"
43.68.686.668 - - [27/Oct/2011:07:25:00 -0500] "GET /feeds/press HTTP/1.1" 200 0 "-" "Apple-PubSub/65.11"
14.323.74.653 - - [27/Oct/2011:07:25:00 -0500] "GET /demo HTTP/1.1" 200 0 "/demo" "Jakarta Commons-HttpClient/3.0-rc4"
13.640.53.680 - - [27/Oct/2011:07:25:00 -0500] "GET /demo HTTP/1.1" 200 0 "-" "Jakarta Commons-HttpClient/3.0-rc4"
14.323.74.653 - - [27/Oct/2011:07:26:00 -0500] "GET /demo HTTP/1.1" 200 0 "/demo" "Jakarta Commons-HttpClient/3.0-rc4"
14.323.74.653 - - [27/Oct/2011:07:27:00 -0500] "GET /demo HTTP/1.1" 200 0 "/demo" "Jakarta Commons-HttpClient/3.0-rc4"
14.323.74.653 - - [27/Oct/2011:07:28:01 -0500] "GET /demo HTTP/1.1" 200 0 "/demo" "Jakarta Commons-HttpClient/3.0-rc4"
13.640.53.680 - - [27/Oct/2011:07:29:59 -0500] "GET /demo HTTP/1.1" 200 0 "/demo" "Jakarta Commons-HttpClient/3.0-rc4"
367.613.667.82 - - [27/Oct/2011:07:46:30 -0500] "GET /feeds/press HTTP/1.1" 200 0 "-" "Mozilla/4.0 (compatible; MSIE 7.0; Windows NT 6.0; Trident/4.0; Mozilla/4.0 (compatible; MSIE 6.0; Windows NT 5.1; SV1) ; SLCC1; .NET CLR 2.0.50727; .NET CLR 3.5.30729; OfficeLivePatch.1.3; .NET CLR 3.0.30729; OfficeLiveConnector.1.4; MSOffice 12)"
88.632.632.6 - - [27/Oct/2011:07:52:30 -0500] "GET /home HTTP/1.1" 200 0 "-" "Jakarta Commons-HttpClient/3.0.1"
43.60.688.623 - - [27/Oct/2011:07:53:00 -0500] "GET /feeds/press HTTP/1.1" 200 0 "-" "Feedfetcher-Google; (+http://www.google.com/feedfetcher.html; 38 subscribers; feed-id=15981824060854656964)"
628.668.77.683 - - [27/Oct/2011:07:53:00 -0500] "GET /feeds/press HTTP/1.1" 200 0 "-" "Mozilla/5.0 (Windows; U; Windows NT 5.1; it; rv:1.9.1.9) Gecko/20100315 Firefox/3.5.9"
628.668.77.683 - - [27/Oct/2011:07:53:04 -0500] "GET /feeds/press HTTP/1.1" 200 0 "/feeds/press" "Mozilla/5.0 (Windows; U; Windows NT 5.1; it; rv:1.9.1.9) Gecko/20100315 Firefox/3.5.9"
628.668.77.683 - - [27/Oct/2011:07:53:07 -0500] "GET /feeds/press HTTP/1.1" 200 0 "/feeds/press" "Mozilla/5.0 (Windows; U; Windows NT 5.1; it; rv:1.9.1.9) Gecko/20100315 Firefox/3.5.9"
48.638.665.78 - - [27/Oct/2011:07:56:00 -0500] "GET /product/product1 HTTP/1.1" 200 0 "-" "buzzzy.com"
11.308.18.624 - - [27/Oct/2011:07:57:30 -0500] "GET /product/product12 HTTP/1.1" 200 0 "-" "Mozilla/5.0 (compatible; Googlebot/2.1; +http://www.google.com/bot.html)"
11.308.18.624 - - [27/Oct/2011:08:01:03 -0500] "GET /partners/integrators HTTP/1.1" 200 0 "/product/product12" "Mozilla/5.0 (compatible; Googlebot/2.1; +http://www.google.com/bot.html)"
