633.612.648.377 - - [28/Oct/2011:03:56:43 -0500] "GET /product/product12 HTTP/1.1" 200 0 "/product/product12" "Mozilla/5.0 (Windows; U; Windows NT 5.1; en-US; rv:1.9.2.3) Gecko/20100401 Firefox/3.6.3 GTB7.0 (.NET CLR 3.5.30729)"
633.612.648.377 - - [28/Oct/2011:03:56:44 -0500] "GET /product/product12 HTTP/1.1" 200 0 "/product/product12" "Mozilla/5.0 (Windows; U; Windows NT 5.1; en-US; rv:1.9.2.3) Gecko/20100401 Firefox/3.6.3 GTB7.0 (.NET CLR 3.5.30729)"
633.612.648.377 - - [28/Oct/2011:03:56:47 -0500] "GET /product/product12 HTTP/1.1" 200 0 "/product/product12" "Mozilla/5.0 (Windows; U; Windows NT 5.1; en-US; rv:1.9.2.3) Gecko/20100401 Firefox/3.6.3 GTB7.0 (.NET CLR 3.5.30729)"
633.612.648.377 - - [28/Oct/2011:03:56:49 -0500] "GET /product/product12 HTTP/1.1" 200 0 "/product/product12" "Mozilla/5.0 (Windows; U; Windows NT 5.1; en-US; rv:1.9.2.3) Gecko/20100401 Firefox/3.6.3 GTB7.0 (.NET CLR 3.5.30729)"
633.612.648.377 - - [28/Oct/2011:03:56:56 -0500] "GET /product/product12 HTTP/1.1" 200 0 "/product/product12" "Mozilla/5.0 (Windows; U; Windows NT 5.1; en-US; rv:1.9.2.3) Gecko/20100401 Firefox/3.6.3 GTB7.0 (.NET CLR 3.5.30729)"
633.656.687.53 - - [28/Oct/2011:03:57:30 -0500] "GET /feeds/press HTTP/1.1" 200 0 "-" "Mozilla/5.0 (compatible; Google Desktop/5.9.911.3589; http://desktop.google.com/)"
633.612.648.377 - - [28/Oct/2011:03:58:13 -0500] "GET /product/product12 HTTP/1.1" 200 0 "/product/product12" "Mozilla/5.0 (Windows; U; Windows NT 5.1; en-US; rv:1.9.2.3) Gecko/20100401 Firefox/3.6.3 GTB7.0 (.NET CLR 3.5.30729)"
50.86.42.368 - - [28/Oct/2011:03:59:00 -0500] "GET /products HTTP/1.1" 200 0 "-" "Mozilla/5.0 (Windows; U; Windows NT 6.0; ru; rv:1.9.2.3) Gecko/20100401 Firefox/3.6.3"
633.612.648.377 - - [28/Oct/2011:03:59:41 -0500] "GET /product/product12 HTTP/1.1" 200 0 "/product/product12" "Mozilla/5.0 (Windows; U; Windows NT 5.1; en-US; rv:1.9.2.3) Gecko/20100401 Firefox/3.6.3 GTB7.0 (.NET CLR 3.5.30729)"
55.3.651.617 - - [28/Oct/2011:04:05:30 -0500] "GET /home HTTP/1.1" 200 0 "-" "Jakarta Commons-HttpClient/3.0.1"
14.683.628.625 - - [28/Oct/2011:04:05:30 -0500] "GET /feeds/press HTTP/1.1" 200 0 "-" "Virtual Reach Newsclip Collector"
14.688.663.667 - - [28/Oct/2011:04:08:30 -0500] "GET /product/product12 HTTP/1.1" 200 0 "-" "Mozilla/5.0 (compatible; Yahoo! Slurp/3.0; http://help.yahoo.com/help/us/ysearch/slurp)"
14.688.663.667 - - [28/Oct/2011:04:11:55 -0500] "GET /misc HTTP/1.1" 200 0 "/product/product12" "Mozilla/5.0 (compatible; Yahoo! Slurp/3.0; http://help.yahoo.com/help/us/ysearch/slurp)"
14.688.663.667 - - [28/Oct/2011:04:11:56 -0500] "GET /misc HTTP/1.1" 200 0 "/misc" "Mozilla/5.0 (compatible; Yahoo! Slurp/3.0; http://help.yahoo.com/help/us/ysearch/slurp)"
325.87.75.336 - - [28/Oct/2011:04:15:30 -0500] "GET /demo HTTP/1.1" 200 0 "-" "Jakarta Commons-HttpClient/3.0-rc4"
325.87.75.336 - - [28/Oct/2011:04:15:30 -0500] "GET /demo HTTP/1.1" 200 0 "/demo" "Jakarta Commons-HttpClient/3.0-rc4"
325.87.75.336 - - [28/Oct/2011:04:20:30 -0500] "GET /demo HTTP/1.1" 200 0 "/demo" "Jakarta Commons-HttpClient/3.0-rc4"
325.87.75.336 - - [28/Oct/2011:04:20:30 -0500] "GET /demo HTTP/1.1" 200 0 "/demo" "Jakarta Commons-HttpClient/3.0-rc4"
325.87.75.36 - - [28/Oct/2011:04:23:30 -0500] "GET /demo HTTP/1.1" 200 0 "-" "Jakarta Commons-HttpClient/3.0-rc4"
325.87.75.36 - - [28/Oct/2011:04:23:30 -0500] "GET /demo HTTP/1.1" 200 0 "/demo" "Jakarta Commons-HttpClient/3.0-rc4"
325.87.75.36 - - [28/Oct/2011:04:28:30 -0500] "GET /demo HTTP/1.1" 200 0 "/demo" "Jakarta Commons-HttpClient/3.0-rc4"
325.87.75.36 - - [28/Oct/2011:04:28:30 -0500] "GET /demo HTTP/1.1" 200 0 "/demo" "Jakarta Commons-HttpClient/3.0-rc4"
13.53.52.13 - - [28/Oct/2011:04:32:30 -0500] "GET /demo HTTP/1.1" 200 0 "-" "Jakarta Commons-HttpClient/3.0-rc4"
688.7.652.0 - - [28/Oct/2011:04:35:00 -0500] "GET /home HTTP/1.1" 200 0 "-" "Jakarta Commons-HttpClient/3.0.1"
13.53.52.13 - - [28/Oct/2011:04:35:30 -0500] "GET /demo HTTP/1.1" 200 0 "/demo" "Jakarta Commons-HttpClient/3.0-rc4"
688.7.652.0 - - [28/Oct/2011:04:38:40 -0500] "GET /home HTTP/1.1" 200 0 "/home" "Jakarta Commons-HttpClient/3.0.1"
688.7.652.0 - - [28/Oct/2011:04:38:45 -0500] "GET /home HTTP/1.1" 200 0 "/home" "Jakarta Commons-HttpClient/3.0.1"
688.7.652.0 - - [28/Oct/2011:04:38:46 -0500] "GET /home HTTP/1.1" 200 0 "/home" "Jakarta Commons-HttpClient/3.0.1"
688.7.652.0 - - [28/Oct/2011:04:38:47 -0500] "GET /home HTTP/1.1" 200 0 "/home" "Jakarta Commons-HttpClient/3.0.1"
688.7.652.0 - - [28/Oct/2011:04:38:48 -0500] "GET /home HTTP/1.1" 200 0 "/home" "Jakarta Commons-HttpClient/3.0.1"
688.7.652.0 - - [28/Oct/2011:04:38:49 -0500] "GET /home HTTP/1.1" 200 0 "/home" "Jakarta Commons-HttpClient/3.0.1"
688.7.652.0 - - [28/Oct/2011:04:38:50 -0500] "GET /home HTTP/1.1" 200 0 "/home" "Jakarta Commons-HttpClient/3.0.1"
688.7.652.0 - - [28/Oct/2011:04:38:50 -0500] "GET /home HTTP/1.1" 200 0 "/home" "Jakarta Commons-HttpClient/3.0.1"
688.7.652.0 - - [28/Oct/2011:04:38:51 -0500] "GET /home HTTP/1.1" 200 0 "/home" "Jakarta Commons-HttpClient/3.0.1"
688.7.652.0 - - [28/Oct/2011:04:38:52 -0500] "GET /home HTTP/1.1" 200 0 "/home" "Jakarta Commons-HttpClient/3.0.1"
688.7.652.0 - - [28/Oct/2011:04:38:53 -0500] "GET /home HTTP/1.1" 200 0 "/home" "Jakarta Commons-HttpClient/3.0.1"
688.7.652.0 - - [28/Oct/2011:04:38:54 -0500] "GET /home HTTP/1.1" 200 0 "/home" "Jakarta Commons-HttpClient/3.0.1"
688.7.652.0 - - [28/Oct/2011:04:38:55 -0500] "GET /home HTTP/1.1" 200 0 "/home" "Jakarta Commons-HttpClient/3.0.1"
688.7.652.0 - - [28/Oct/2011:04:38:56 -0500] "GET /home HTTP/1.1" 200 0 "/home" "Jakarta Commons-HttpClient/3.0.1"
688.7.652.0 - - [28/Oct/2011:04:38:57 -0500] "GET /home HTTP/1.1" 200 0 "/home" "Jakarta Commons-HttpClient/3.0.1"
688.7.652.0 - - [28/Oct/2011:04:38:58 -0500] "GET /home HTTP/1.1" 200 0 "/home" "Jakarta Commons-HttpClient/3.0.1"
688.7.652.0 - - [28/Oct/2011:04:38:58 -0500] "GET /home HTTP/1.1" 200 0 "/home" "Jakarta Commons-HttpClient/3.0.1"
688.7.652.0 - - [28/Oct/2011:04:38:59 -0500] "GET /home HTTP/1.1" 200 0 "/home" "Jakarta Commons-HttpClient/3.0.1"
688.7.652.0 - - [28/Oct/2011:04:39:00 -0500] "GET /home HTTP/1.1" 200 0 "/home" "Jakarta Commons-HttpClient/3.0.1"
688.7.652.0 - - [28/Oct/2011:04:39:01 -0500] "GET /home HTTP/1.1" 200 0 "/home" "Jakarta Commons-HttpClient/3.0.1"
688.7.652.0 - - [28/Oct/2011:04:39:02 -0500] "GET /home HTTP/1.1" 200 0 "/home" "Jakarta Commons-HttpClient/3.0.1"
688.7.652.0 - - [28/Oct/2011:04:39:49 -0500] "GET /home HTTP/1.1" 200 0 "/home" "Jakarta Commons-HttpClient/3.0.1"
688.7.652.0 - - [28/Oct/2011:04:39:50 -0500] "GET /home HTTP/1.1" 200 0 "/home" "Jakarta Commons-HttpClient/3.0.1"
688.7.652.0 - - [28/Oct/2011:04:39:51 -0500] "GET /home HTTP/1.1" 200 0 "/home" "Jakarta Commons-HttpClient/3.0.1"
688.7.652.0 - - [28/Oct/2011:04:39:51 -0500] "GET /home HTTP/1.1" 200 0 "/home" "Jakarta Commons-HttpClient/3.0.1"
688.7.652.0 - - [28/Oct/2011:04:39:52 -0500] "GET /home HTTP/1.1" 200 0 "/home" "Jakarta Commons-HttpClient/3.0.1"
53.624.67.636 - - [28/Oct/2011:04:42:30 -0500] "GET /product/product1 HTTP/1.1" 200 0 "-" "Mozilla/5.0 (X11; U; Linux i686; it; rv:1.9.2.3) Gecko/20100423 Ubuntu/10.04 (lucid) Firefox/3.6.3"
638.17.48.387 - - [28/Oct/2011:04:46:00 -0500] "GET /partners HTTP/1.1" 200 0 "-" "Mozilla/5.0 (Windows; U; Windows NT 5.1; en-US; rv:1.9.2.3) Gecko/20100401 Firefox/3.6.3"
638.17.48.387 - - [28/Oct/2011:04:46:30 -0500] "GET /partners HTTP/1.1" 200 0 "/partners" "Mozilla/5.0 (Windows; U; Windows NT 5.1; en-US; rv:1.9.2.3) Gecko/20100401 Firefox/3.6.3"
53.88.326.03 - - [28/Oct/2011:04:53:30 -0500] "GET /docs/doc6.pdf HTTP/1.1" 200 0 "-" "Mozilla/4.0 (compatible; MSIE 8.0; Windows NT 5.1; Trident/4.0; .NET CLR 1.1.4322; .NET CLR 2.0.50727; .NET CLR 3.0.4506.2152; .NET CLR 3.5.30729; InfoPath.3; FDM)"
636.302.616.672 - - [28/Oct/2011:04:54:00 -0500] "GET /download HTTP/1.1" 200 0 "-" "Mozilla/5.0 (Windows; U; Windows NT 5.1; en-GB; rv:1.9.1.9) Gecko/20100315 Firefox/3.5.9 (.NET CLR 3.5.30729)"
636.302.616.672 - - [28/Oct/2011:04:54:01 -0500] "GET /download HTTP/1.1" 200 0 "/download" "Mozilla/5.0 (Windows; U; Windows NT 5.1; en-GB; rv:1.9.1.9) Gecko/20100315 Firefox/3.5.9 (.NET CLR 3.5.30729)"
636.302.616.672 - - [28/Oct/2011:04:54:08 -0500] "GET /product/product4 HTTP/1.1" 200 0 "/download" "Mozilla/5.0 (Windows; U; Windows NT 5.1; en-GB; rv:1.9.1.9) Gecko/20100315 Firefox/3.5.9 (.NET CLR 3.5.30729)"
636.302.616.672 - - [28/Oct/2011:04:55:08 -0500] "GET /download/download3.zip HTTP/1.1" 200 0 "/product/product4" "Mozilla/5.0 (Windows; U; Windows NT 5.1; en-GB; rv:1.9.1.9) Gecko/20100315 Firefox/3.5.9 (.NET CLR 3.5.30729)"
636.302.616.672 - - [28/Oct/2011:04:55:10 -0500] "GET /download/download3.zip HTTP/1.1" 200 0 "/download/download3.zip" "Mozilla/5.0 (Windows; U; Windows NT 5.1; en-GB; rv:1.9.1.9) Gecko/20100315 Firefox/3.5.9 (.NET CLR 3.5.30729)"
636.302.616.672 - - [28/Oct/2011:04:55:17 -0500] "GET /download/download4.zip HTTP/1.1" 200 0 "/download/download3.zip" "Mozilla/5.0 (Windows; U; Windows NT 5.1; en-GB; rv:1.9.1.9) Gecko/20100315 Firefox/3.5.9 (.NET CLR 3.5.30729)"
54.684.85.306 - - [28/Oct/2011:04:58:30 -0500] "GET /download/download4.zip HTTP/1.1" 200 0 "-" "Mozilla/5.0 (Windows; U; Windows NT 5.1; sk; rv:1.9.2.3) Gecko/20100401 Firefox/3.6.3 ( .NET CLR 3.5.30729)"
363.652.18.65 - - [28/Oct/2011:05:01:30 -0500] "GET /demo HTTP/1.1" 200 0 "-" "Jakarta Commons-HttpClient/3.0-rc4"
57.614.13.648 - - [28/Oct/2011:05:02:00 -0500] "GET /product/product12 HTTP/1.1" 200 0 "-" "Mozilla/5.0 (compatible; Exabot/3.0 (BiggerBetter); +http://www.exabot.com/go/robot)"
363.652.18.65 - - [28/Oct/2011:05:02:28 -0500] "GET /demo HTTP/1.1" 200 0 "/demo" "Jakarta Commons-HttpClient/3.0-rc4"
363.652.18.65 - - [28/Oct/2011:05:03:27 -0500] "GET /demo HTTP/1.1" 200 0 "/demo" "Jakarta Commons-HttpClient/3.0-rc4"
363.652.18.65 - - [28/Oct/2011:05:04:29 -0500] "GET /demo HTTP/1.1" 200 0 "/demo" "Jakarta Commons-HttpClient/3.0-rc4"
363.652.18.65 - - [28/Oct/2011:05:05:28 -0500] "GET /demo HTTP/1.1" 200 0 "/demo" "Jakarta Commons-HttpClient/3.0-rc4"
363.652.18.65 - - [28/Oct/2011:05:06:28 -0500] "GET /demo HTTP/1.1" 200 0 "/demo" "Jakarta Commons-HttpClient/3.0-rc4"
45.6.680.31 - - [28/Oct/2011:05:10:00 -0500] "GET /news/releases/september HTTP/1.1" 200 0 "-" "Mozilla/5.0 (X11; U; Linux i686; en-US; rv:1.9.2.3) Gecko/20100423 Linux Mint/9 (Isadora) Firefox/3.6.3 (.NET CLR 3.5.30729)"
45.6.680.31 - - [28/Oct/2011:05:14:06 -0500] "GET /news/releases/september HTTP/1.1" 200 0 "/news/releases/september" "Mozilla/5.0 (X11; U; Linux i686; en-US; rv:1.9.2.3) Gecko/20100423 Linux Mint/9 (Isadora) Firefox/3.6.3 (.NET CLR 3.5.30729)"
45.6.680.31 - - [28/Oct/2011:05:14:24 -0500] "GET /product/product4 HTTP/1.1" 200 0 "/news/releases/september" "Mozilla/5.0 (X11; U; Linux i686; en-US; rv:1.9.2.3) Gecko/20100423 Linux Mint/9 (Isadora) Firefox/3.6.3 (.NET CLR 3.5.30729)"
45.6.680.31 - - [28/Oct/2011:05:14:24 -0500] "GET /product/product4 HTTP/1.1" 200 0 "/product/product4" "Mozilla/5.0 (X11; U; Linux i686; en-US; rv:1.9.2.3) Gecko/20100423 Linux Mint/9 (Isadora) Firefox/3.6.3 (.NET CLR 3.5.30729)"
45.6.680.31 - - [28/Oct/2011:05:14:34 -0500] "GET /docs/doc6.pdf HTTP/1.1" 200 0 "/product/product4" "Mozilla/5.0 (X11; U; Linux i686; en-US; rv:1.9.2.3) Gecko/20100423 Linux Mint/9 (Isadora) Firefox/3.6.3 (.NET CLR 3.5.30729)"
45.6.680.31 - - [28/Oct/2011:05:14:38 -0500] "GET /download/download1.zip HTTP/1.1" 200 0 "/docs/doc6.pdf" "Mozilla/5.0 (X11; U; Linux i686; en-US; rv:1.9.2.3) Gecko/20100423 Linux Mint/9 (Isadora) Firefox/3.6.3 (.NET CLR 3.5.30729)"
41.631.308.12 - - [28/Oct/2011:05:23:00 -0500] "GET /feeds/press HTTP/1.1" 200 0 "-" "Apple-PubSub/65.12.1"
83.338.16.657 - - [28/Oct/2011:05:25:30 -0500] "GET /product/product2 HTTP/1.1" 200 0 "-" "Mozilla/5.0 (Windows; U; Windows NT 6.1; de; rv:1.9.2.3) Gecko/20100401 Firefox/3.6.3"
56.600.373.7 - - [28/Oct/2011:05:29:30 -0500] "GET /products HTTP/1.1" 200 0 "-" "Mozilla/4.0 (compatible; MSIE 6.0; Windows NT 5.1; SV1; .NET CLR 2.0.50727)"
56.600.373.7 - - [28/Oct/2011:05:29:41 -0500] "GET /product/product6 HTTP/1.1" 200 0 "/products" "Mozilla/4.0 (compatible; MSIE 6.0; Windows NT 5.1; SV1; .NET CLR 2.0.50727)"
56.600.373.7 - - [28/Oct/2011:05:30:21 -0500] "GET /product/product3 HTTP/1.1" 200 0 "/product/product6" "Mozilla/4.0 (compatible; MSIE 6.0; Windows NT 5.1; SV1; .NET CLR 2.0.50727)"
56.600.373.7 - - [28/Oct/2011:05:30:24 -0500] "GET /product/product3 HTTP/1.1" 200 0 "/product/product3" "Mozilla/4.0 (compatible; MSIE 6.0; Windows NT 5.1; SV1; .NET CLR 2.0.50727)"
56.600.373.7 - - [28/Oct/2011:05:30:25 -0500] "GET /product/product3 HTTP/1.1" 200 0 "/product/product3" "Mozilla/4.0 (compatible; MSIE 6.0; Windows NT 5.1; SV1; .NET CLR 2.0.50727)"
56.600.373.7 - - [28/Oct/2011:05:30:28 -0500] "GET /product/product3 HTTP/1.1" 200 0 "/product/product3" "Mozilla/4.0 (compatible; MSIE 6.0; Windows NT 5.1; SV1; .NET CLR 2.0.50727)"
56.600.373.7 - - [28/Oct/2011:05:30:29 -0500] "GET /product/product3 HTTP/1.1" 200 0 "/product/product3" "Mozilla/4.0 (compatible; MSIE 6.0; Windows NT 5.1; SV1; .NET CLR 2.0.50727)"
668.1.8.660 - - [28/Oct/2011:05:30:30 -0500] "GET /download HTTP/1.1" 200 0 "-" "Mozilla/4.0 (compatible; MSIE 6.0; Windows NT 5.1; SV1)"
668.1.8.660 - - [28/Oct/2011:05:34:12 -0500] "GET /download HTTP/1.1" 200 0 "/download" "Mozilla/4.0 (compatible; MSIE 6.0; Windows NT 5.1; SV1)"
668.1.8.660 - - [28/Oct/2011:05:34:33 -0500] "GET /download HTTP/1.1" 200 0 "/download" "Mozilla/4.0 (compatible; MSIE 6.0; Windows NT 5.1; SV1)"
668.1.8.660 - - [28/Oct/2011:05:35:14 -0500] "GET /download HTTP/1.1" 200 0 "/download" "Mozilla/4.0 (compatible; MSIE 6.0; Windows NT 5.1; SV1)"
87.73.74.15 - - [28/Oct/2011:05:36:00 -0500] "GET /product/product12 HTTP/1.1" 200 0 "-" "Mozilla/5.0 (Windows; U; Windows NT 6.0; it; rv:1.9.2.3) Gecko/20100401 Firefox/3.6.3 ( .NET CLR 3.5.30729)"
52.15.635.373 - - [28/Oct/2011:05:40:30 -0500] "GET /home HTTP/1.1" 200 0 "-" "Jakarta Commons-HttpClient/3.0.1"
52.15.635.373 - - [28/Oct/2011:05:43:57 -0500] "GET /home HTTP/1.1" 200 0 "/home" "Jakarta Commons-HttpClient/3.0.1"
55.1.302.687 - - [28/Oct/2011:05:47:00 -0500] "GET /events/event7 HTTP/1.1" 200 0 "-" "Mozilla/5.0 (Windows; U; Windows NT 6.0; es-ES; rv:1.9.2.3) Gecko/20100401 Firefox/3.6.3 FireTorrent/2.0.1 (.NET CLR 3.5.30729)"
367.84.48.375 - - [28/Oct/2011:05:53:30 -0500] "GET /download HTTP/1.1" 200 0 "-" "Mozilla/5.0 (Windows; U; Windows NT 5.1; es-ES; rv:1.9.2.3) Gecko/20100401 Firefox/3.6.3 ( .NET CLR 3.5.30729)"
367.84.48.375 - - [28/Oct/2011:05:53:31 -0500] "GET /download HTTP/1.1" 200 0 "/download" "Mozilla/5.0 (Windows; U; Windows NT 5.1; es-ES; rv:1.9.2.3) Gecko/20100401 Firefox/3.6.3 ( .NET CLR 3.5.30729)"
367.84.48.375 - - [28/Oct/2011:05:54:42 -0500] "GET /products HTTP/1.1" 200 0 "/download" "Mozilla/5.0 (Windows; U; Windows NT 5.1; es-ES; rv:1.9.2.3) Gecko/20100401 Firefox/3.6.3 ( .NET CLR 3.5.30729)"
367.84.48.375 - - [28/Oct/2011:05:54:42 -0500] "GET /products HTTP/1.1" 200 0 "/products" "Mozilla/5.0 (Windows; U; Windows NT 5.1; es-ES; rv:1.9.2.3) Gecko/20100401 Firefox/3.6.3 ( .NET CLR 3.5.30729)"
13.640.53.680 - - [28/Oct/2011:05:55:00 -0500] "GET /demo HTTP/1.1" 200 0 "-" "Jakarta Commons-HttpClient/3.0-rc4"
367.84.48.375 - - [28/Oct/2011:05:55:18 -0500] "GET /buy HTTP/1.1" 200 0 "/products" "Mozilla/5.0 (Windows; U; Windows NT 5.1; es-ES; rv:1.9.2.3) Gecko/20100401 Firefox/3.6.3 ( .NET CLR 3.5.30729)"
367.84.48.375 - - [28/Oct/2011:05:55:18 -0500] "GET /buy HTTP/1.1" 200 0 "/buy" "Mozilla/5.0 (Windows; U; Windows NT 5.1; es-ES; rv:1.9.2.3) Gecko/20100401 Firefox/3.6.3 ( .NET CLR 3.5.30729)"
367.84.48.375 - - [28/Oct/2011:05:55:28 -0500] "GET /product/product4 HTTP/1.1" 200 0 "/buy" "Mozilla/5.0 (Windows; U; Windows NT 5.1; es-ES; rv:1.9.2.3) Gecko/20100401 Firefox/3.6.3 ( .NET CLR 3.5.30729)"
367.84.48.375 - - [28/Oct/2011:05:55:29 -0500] "GET /product/product4 HTTP/1.1" 200 0 "/product/product4" "Mozilla/5.0 (Windows; U; Windows NT 5.1; es-ES; rv:1.9.2.3) Gecko/20100401 Firefox/3.6.3 ( .NET CLR 3.5.30729)"
14.323.74.653 - - [28/Oct/2011:05:56:30 -0500] "GET /demo HTTP/1.1" 200 0 "-" "Jakarta Commons-HttpClient/3.0-rc4"
14.323.74.653 - - [28/Oct/2011:05:57:30 -0500] "GET /demo HTTP/1.1" 200 0 "/demo" "Jakarta Commons-HttpClient/3.0-rc4"
14.323.74.653 - - [28/Oct/2011:05:58:30 -0500] "GET /demo HTTP/1.1" 200 0 "/demo" "Jakarta Commons-HttpClient/3.0-rc4"
361.631.17.30 - - [28/Oct/2011:05:59:00 -0500] "GET /demo HTTP/1.1" 200 0 "-" "Jakarta Commons-HttpClient/3.0-rc4"
361.631.17.30 - - [28/Oct/2011:05:59:01 -0500] "GET /demo HTTP/1.1" 200 0 "/demo" "Jakarta Commons-HttpClient/3.0-rc4"
361.631.17.30 - - [28/Oct/2011:05:59:01 -0500] "GET /demo HTTP/1.1" 200 0 "/demo" "Jakarta Commons-HttpClient/3.0-rc4"
361.631.17.30 - - [28/Oct/2011:05:59:02 -0500] "GET /demo HTTP/1.1" 200 0 "/demo" "Jakarta Commons-HttpClient/3.0-rc4"
14.323.74.653 - - [28/Oct/2011:05:59:30 -0500] "GET /demo HTTP/1.1" 200 0 "/demo" "Jakarta Commons-HttpClient/3.0-rc4"
13.640.53.680 - - [28/Oct/2011:06:00:00 -0500] "GET /demo HTTP/1.1" 200 0 "/demo" "Jakarta Commons-HttpClient/3.0-rc4"
361.631.17.30 - - [28/Oct/2011:06:00:01 -0500] "GET /demo HTTP/1.1" 200 0 "/demo" "Jakarta Commons-HttpClient/3.0-rc4"
361.631.17.30 - - [28/Oct/2011:06:00:01 -0500] "GET /demo HTTP/1.1" 200 0 "/demo" "Jakarta Commons-HttpClient/3.0-rc4"
361.631.17.30 - - [28/Oct/2011:06:00:01 -0500] "GET /demo HTTP/1.1" 200 0 "/demo" "Jakarta Commons-HttpClient/3.0-rc4"
361.631.17.30 - - [28/Oct/2011:06:00:02 -0500] "GET /demo HTTP/1.1" 200 0 "/demo" "Jakarta Commons-HttpClient/3.0-rc4"
14.323.74.653 - - [28/Oct/2011:06:00:30 -0500] "GET /demo HTTP/1.1" 200 0 "/demo" "Jakarta Commons-HttpClient/3.0-rc4"
361.631.17.30 - - [28/Oct/2011:06:01:00 -0500] "GET /demo HTTP/1.1" 200 0 "/demo" "Jakarta Commons-HttpClient/3.0-rc4"
361.631.17.30 - - [28/Oct/2011:06:01:01 -0500] "GET /demo HTTP/1.1" 200 0 "/demo" "Jakarta Commons-HttpClient/3.0-rc4"
361.631.17.30 - - [28/Oct/2011:06:01:01 -0500] "GET /demo HTTP/1.1" 200 0 "/demo" "Jakarta Commons-HttpClient/3.0-rc4"
361.631.17.30 - - [28/Oct/2011:06:01:02 -0500] "GET /demo HTTP/1.1" 200 0 "/demo" "Jakarta Commons-HttpClient/3.0-rc4"
14.365.661.672 - - [28/Oct/2011:06:01:30 -0500] "GET /home HTTP/1.1" 200 0 "-" "Mozilla/5.0 (Twiceler-0.9 http://www.cuil.com/twiceler/robot.html)"
14.323.74.653 - - [28/Oct/2011:06:01:30 -0500] "GET /demo HTTP/1.1" 200 0 "/demo" "Jakarta Commons-HttpClient/3.0-rc4"
361.631.17.30 - - [28/Oct/2011:06:02:00 -0500] "GET /demo HTTP/1.1" 200 0 "/demo" "Jakarta Commons-HttpClient/3.0-rc4"
361.631.17.30 - - [28/Oct/2011:06:02:00 -0500] "GET /demo HTTP/1.1" 200 0 "/demo" "Jakarta Commons-HttpClient/3.0-rc4"
361.631.17.30 - - [28/Oct/2011:06:02:01 -0500] "GET /demo HTTP/1.1" 200 0 "/demo" "Jakarta Commons-HttpClient/3.0-rc4"
361.631.17.30 - - [28/Oct/2011:06:02:02 -0500] "GET /demo HTTP/1.1" 200 0 "/demo" "Jakarta Commons-HttpClient/3.0-rc4"
88.618.327.333 - - [28/Oct/2011:06:02:30 -0500] "GET /products/demos HTTP/1.1" 200 0 "-" "Mozilla/4.0 (compatible; MSIE 6.0; Windows NT 5.1; GTB6.4; SV1; .NET CLR 2.0.50727; .NET CLR 3.0.04506.648; .NET CLR 3.5.21022; .NET CLR 3.0.4506.2152; .NET CLR 3.5.30729)"
361.631.17.30 - - [28/Oct/2011:06:03:00 -0500] "GET /demo HTTP/1.1" 200 0 "/demo" "Jakarta Commons-HttpClient/3.0-rc4"
361.631.17.30 - - [28/Oct/2011:06:03:00 -0500] "GET /demo HTTP/1.1" 200 0 "/demo" "Jakarta Commons-HttpClient/3.0-rc4"
361.631.17.30 - - [28/Oct/2011:06:03:01 -0500] "GET /demo HTTP/1.1" 200 0 "/demo" "Jakarta Commons-HttpClient/3.0-rc4"
361.631.17.30 - - [28/Oct/2011:06:03:02 -0500] "GET /demo HTTP/1.1" 200 0 "/demo" "Jakarta Commons-HttpClient/3.0-rc4"
361.631.17.30 - - [28/Oct/2011:06:04:00 -0500] "GET /demo HTTP/1.1" 200 0 "/demo" "Jakarta Commons-HttpClient/3.0-rc4"
361.631.17.30 - - [28/Oct/2011:06:04:00 -0500] "GET /demo HTTP/1.1" 200 0 "/demo" "Jakarta Commons-HttpClient/3.0-rc4"
364.640.18.13 - - [28/Oct/2011:06:05:30 -0500] "GET /product/product12 HTTP/1.1" 200 0 "-" "Mozilla/4.0 (compatible; MSIE 8.0; Windows NT 5.1; Trident/4.0; .NET CLR 2.0.50727; .NET CLR 3.0.4506.2152; .NET CLR 3.5.30729; InfoPath.2; MS-RTC LM 8)"
364.640.18.13 - - [28/Oct/2011:06:05:34 -0500] "GET /product/product12 HTTP/1.1" 200 0 "/product/product12" "Mozilla/4.0 (compatible; MSIE 8.0; Windows NT 5.1; Trident/4.0; .NET CLR 2.0.50727; .NET CLR 3.0.4506.2152; .NET CLR 3.5.30729; InfoPath.2; MS-RTC LM 8)"
88.618.327.333 - - [28/Oct/2011:06:06:50 -0500] "GET /products/demos HTTP/1.1" 200 0 "/products/demos" "Mozilla/4.0 (compatible; MSIE 6.0; Windows NT 5.1; GTB6.4; SV1; .NET CLR 2.0.50727; .NET CLR 3.0.04506.648; .NET CLR 3.5.21022; .NET CLR 3.0.4506.2152; .NET CLR 3.5.30729)"
88.618.327.333 - - [28/Oct/2011:06:07:16 -0500] "GET /product/product8 HTTP/1.1" 200 0 "/products/demos" "Mozilla/4.0 (compatible; MSIE 6.0; Windows NT 5.1; GTB6.4; SV1; .NET CLR 2.0.50727; .NET CLR 3.0.04506.648; .NET CLR 3.5.21022; .NET CLR 3.0.4506.2152; .NET CLR 3.5.30729)"
88.618.327.333 - - [28/Oct/2011:06:07:29 -0500] "GET /download/download1.zip HTTP/1.1" 200 0 "/product/product8" "Mozilla/4.0 (compatible; MSIE 6.0; Windows NT 5.1; GTB6.4; SV1; .NET CLR 2.0.50727; .NET CLR 3.0.04506.648; .NET CLR 3.5.21022; .NET CLR 3.0.4506.2152; .NET CLR 3.5.30729)"
323.631.336.85 - - [28/Oct/2011:06:16:30 -0500] "GET /about HTTP/1.1" 200 0 "-" "Mozilla/5.0 (Windows; U; Windows NT 5.1; en-US) AppleWebKit/533.2 (KHTML, like Gecko) Chrome/5.0.342.9 Safari/533.2"
323.631.336.85 - - [28/Oct/2011:06:16:38 -0500] "GET /about HTTP/1.1" 200 0 "/about" "Mozilla/5.0 (Windows; U; Windows NT 5.1; en-US) AppleWebKit/533.2 (KHTML, like Gecko) Chrome/5.0.342.9 Safari/533.2"
80.37.87.368 - - [28/Oct/2011:06:22:30 -0500] "GET /product/product3 HTTP/1.1" 200 0 "-" "Mozilla/5.0 (Windows; U; Windows NT 5.1; fr; rv:1.9.2.3) Gecko/20100401 Firefox/3.6.3 GTB7.0 (.NET CLR 3.5.30729)"
80.37.87.368 - - [28/Oct/2011:06:22:30 -0500] "GET /product/product3 HTTP/1.1" 200 0 "/product/product3" "Mozilla/5.0 (Windows; U; Windows NT 5.1; fr; rv:1.9.2.3) Gecko/20100401 Firefox/3.6.3 GTB7.0 (.NET CLR 3.5.30729)"
80.37.87.368 - - [28/Oct/2011:06:23:00 -0500] "GET /product/product6 HTTP/1.1" 200 0 "/product/product3" "Mozilla/5.0 (Windows; U; Windows NT 5.1; fr; rv:1.9.2.3) Gecko/20100401 Firefox/3.6.3 GTB7.0 (.NET CLR 3.5.30729)"
80.37.87.368 - - [28/Oct/2011:06:23:00 -0500] "GET /product/product6 HTTP/1.1" 200 0 "/product/product6" "Mozilla/5.0 (Windows; U; Windows NT 5.1; fr; rv:1.9.2.3) Gecko/20100401 Firefox/3.6.3 GTB7.0 (.NET CLR 3.5.30729)"
80.37.87.368 - - [28/Oct/2011:06:23:06 -0500] "GET /product/product6 HTTP/1.1" 200 0 "/product/product6" "Mozilla/5.0 (Windows; U; Windows NT 5.1; fr; rv:1.9.2.3) Gecko/20100401 Firefox/3.6.3 GTB7.0 (.NET CLR 3.5.30729)"
80.37.87.368 - - [28/Oct/2011:06:23:06 -0500] "GET /product/product6 HTTP/1.1" 200 0 "/product/product6" "Mozilla/5.0 (Windows; U; Windows NT 5.1; fr; rv:1.9.2.3) Gecko/20100401 Firefox/3.6.3 GTB7.0 (.NET CLR 3.5.30729)"
80.37.87.368 - - [28/Oct/2011:06:23:12 -0500] "GET /products/demos HTTP/1.1" 200 0 "/product/product6" "Mozilla/5.0 (Windows; U; Windows NT 5.1; fr; rv:1.9.2.3) Gecko/20100401 Firefox/3.6.3 GTB7.0 (.NET CLR 3.5.30729)"
80.37.87.368 - - [28/Oct/2011:06:23:36 -0500] "GET /products/demos HTTP/1.1" 200 0 "/products/demos" "Mozilla/5.0 (Windows; U; Windows NT 5.1; fr; rv:1.9.2.3) Gecko/20100401 Firefox/3.6.3 GTB7.0 (.NET CLR 3.5.30729)"
80.37.87.368 - - [28/Oct/2011:06:23:37 -0500] "GET /confirmed/demo HTTP/1.1" 200 0 "/products/demos" "Mozilla/5.0 (Windows; U; Windows NT 5.1; fr; rv:1.9.2.3) Gecko/20100401 Firefox/3.6.3 GTB7.0 (.NET CLR 3.5.30729)"
683.5.366.66 - - [28/Oct/2011:06:28:00 -0500] "GET /product/product6 HTTP/1.1" 200 0 "-" "Mozilla/4.0 (compatible; MSIE 6.0; Windows NT 5.1; SV1; InfoPath.1)"
364.365.66.1 - - [28/Oct/2011:06:28:30 -0500] "GET /demo HTTP/1.1" 200 0 "-" "Jakarta Commons-HttpClient/3.0-rc4"
53.88.688.31 - - [28/Oct/2011:06:29:30 -0500] "GET /feeds/press HTTP/1.1" 200 0 "-" "Apple-PubSub/65.12.1"
688.41.71.82 - - [28/Oct/2011:06:34:30 -0500] "GET /docs/doc1.pdf HTTP/1.1" 200 0 "-" "Mozilla/4.0 (compatible; MSIE 7.0; Windows NT 5.1; .NET CLR 2.0.50727; .NET CLR 3.0.4506.2152; .NET CLR 3.5.30729)"
688.41.71.82 - - [28/Oct/2011:06:34:41 -0500] "GET /download/download1.zip HTTP/1.1" 200 0 "/docs/doc1.pdf" "Mozilla/4.0 (compatible; MSIE 7.0; Windows NT 5.1; .NET CLR 2.0.50727; .NET CLR 3.0.4506.2152; .NET CLR 3.5.30729)"
53.688.334.0 - - [28/Oct/2011:06:35:00 -0500] "GET /feeds/press HTTP/1.1" 200 0 "-" "Apple-PubSub/65.12.1"
688.41.71.82 - - [28/Oct/2011:06:35:01 -0500] "GET /docs/doc1.pdf HTTP/1.1" 200 0 "/download/download1.zip" "Mozilla/4.0 (compatible; MSIE 7.0; Windows NT 5.1; .NET CLR 2.0.50727; .NET CLR 3.0.4506.2152; .NET CLR 3.5.30729)"
688.41.71.82 - - [28/Oct/2011:06:35:06 -0500] "GET /download/download1.zip HTTP/1.1" 200 0 "/docs/doc1.pdf" "Mozilla/4.0 (compatible; MSIE 7.0; Windows NT 5.1; .NET CLR 2.0.50727; .NET CLR 3.0.4506.2152; .NET CLR 3.5.30729)"
57.332.13.80 - - [28/Oct/2011:06:36:00 -0500] "GET /product/product1 HTTP/1.1" 200 0 "-" "Mozilla/5.0 (X11; U; Linux i686; en-US) AppleWebKit/533.4 (KHTML, like Gecko) Chrome/5.0.375.38 Safari/533.4"
87.685.608.73 - - [28/Oct/2011:06:36:00 -0500] "GET /product/product6 HTTP/1.1" 200 0 "-" "Yandex/1.01.001 (compatible; Win16; I)"
57.332.13.80 - - [28/Oct/2011:06:36:01 -0500] "GET /product/product1 HTTP/1.1" 200 0 "/product/product1" "Mozilla/5.0 (X11; U; Linux i686; en-US) AppleWebKit/533.4 (KHTML, like Gecko) Chrome/5.0.375.38 Safari/533.4"
57.332.13.80 - - [28/Oct/2011:06:36:03 -0500] "GET /product/product1 HTTP/1.1" 200 0 "/product/product1" "Mozilla/5.0 (X11; U; Linux i686; en-US) AppleWebKit/533.4 (KHTML, like Gecko) Chrome/5.0.375.38 Safari/533.4"
57.332.13.80 - - [28/Oct/2011:06:36:03 -0500] "GET /product/product1 HTTP/1.1" 200 0 "/product/product1" "Mozilla/5.0 (X11; U; Linux i686; en-US) AppleWebKit/533.4 (KHTML, like Gecko) Chrome/5.0.375.38 Safari/533.4"
57.332.13.80 - - [28/Oct/2011:06:36:04 -0500] "GET /product/product1 HTTP/1.1" 200 0 "/product/product1" "Mozilla/5.0 (X11; U; Linux i686; en-US) AppleWebKit/533.4 (KHTML, like Gecko) Chrome/5.0.375.38 Safari/533.4"
57.332.13.80 - - [28/Oct/2011:06:36:06 -0500] "GET /product/product1 HTTP/1.1" 200 0 "/product/product1" "Mozilla/5.0 (X11; U; Linux i686; en-US) AppleWebKit/533.4 (KHTML, like Gecko) Chrome/5.0.375.38 Safari/533.4"
57.332.13.80 - - [28/Oct/2011:06:36:07 -0500] "GET /product/product1 HTTP/1.1" 200 0 "/product/product1" "Mozilla/5.0 (X11; U; Linux i686; en-US) AppleWebKit/533.4 (KHTML, like Gecko) Chrome/5.0.375.38 Safari/533.4"
14.688.663.667 - - [28/Oct/2011:06:55:30 -0500] "GET /product/product4 HTTP/1.1" 200 0 "-" "Mozilla/5.0 (compatible; Yahoo! Slurp/3.0; http://help.yahoo.com/help/us/ysearch/slurp)"
14.688.663.667 - - [28/Oct/2011:06:55:30 -0500] "GET /product/product4 HTTP/1.1" 200 0 "/product/product4" "Mozilla/5.0 (compatible; Yahoo! Slurp/3.0; http://help.yahoo.com/help/us/ysearch/slurp)"
14.688.663.667 - - [28/Oct/2011:06:58:07 -0500] "GET /product/product2 HTTP/1.1" 200 0 "/product/product4" "Mozilla/5.0 (compatible; Yahoo! Slurp/3.0; http://help.yahoo.com/help/us/ysearch/slurp)"
633.612.648.377 - - [28/Oct/2011:06:58:30 -0500] "GET /product/product12 HTTP/1.1" 200 0 "-" "Mozilla/5.0 (Windows; U; Windows NT 5.1; en-US; rv:1.9.2.3) Gecko/20100401 Firefox/3.6.3 GTB7.0 (.NET CLR 3.5.30729)"
633.612.648.377 - - [28/Oct/2011:07:00:38 -0500] "GET /product/product12 HTTP/1.1" 200 0 "/product/product12" "Mozilla/5.0 (Windows; U; Windows NT 5.1; en-US; rv:1.9.2.3) Gecko/20100401 Firefox/3.6.3 GTB7.0 (.NET CLR 3.5.30729)"
324.01.320.372 - - [28/Oct/2011:07:01:30 -0500] "GET /contact HTTP/1.1" 200 0 "-" "msnbot/2.0b (+http://search.msn.com/msnbot.htm)"
324.01.688.331 - - [28/Oct/2011:07:02:00 -0500] "GET /product/product6 HTTP/1.1" 200 0 "-" "msnbot/2.0b (+http://search.msn.com/msnbot.htm)"
640.638.335.14 - - [28/Oct/2011:07:02:00 -0500] "GET /offers HTTP/1.1" 200 0 "-" "ia_archiver (+http://www.alexa.com/site/help/webmasters; crawler@alexa.com)"
362.605.82.0 - - [28/Oct/2011:07:03:30 -0500] "GET /home HTTP/1.1" 200 0 "-" "Jakarta Commons-HttpClient/3.0.1"
685.80.323.382 - - [28/Oct/2011:07:05:30 -0500] "GET /product/product6 HTTP/1.1" 200 0 "-" "Mozilla/5.0 (Windows; U; Windows NT 6.1; en-US; rv:1.9.1.9) Gecko/20100315 Firefox/3.5.9"
681.38.388.382 - - [28/Oct/2011:07:06:00 -0500] "GET /product/product6 HTTP/1.1" 200 0 "-" "Mozilla/5.0 (Windows; U; Windows NT 6.1; en-US; rv:1.9.1.9) Gecko/20100315 Firefox/3.5.9"
06.658.42.32 - - [28/Oct/2011:07:06:00 -0500] "GET /product/product2 HTTP/1.1" 200 0 "-" "Mozilla/5.0 (Macintosh; U; Intel Mac OS X 10.6; en-US; rv:1.9.1.9) Gecko/20100315 Firefox/3.5.9"
06.658.42.32 - - [28/Oct/2011:07:07:18 -0500] "GET /product/product4 HTTP/1.1" 200 0 "/product/product2" "Mozilla/5.0 (Macintosh; U; Intel Mac OS X 10.6; en-US; rv:1.9.1.9) Gecko/20100315 Firefox/3.5.9"
06.658.42.32 - - [28/Oct/2011:07:07:19 -0500] "GET /product/product4 HTTP/1.1" 200 0 "/product/product4" "Mozilla/5.0 (Macintosh; U; Intel Mac OS X 10.6; en-US; rv:1.9.1.9) Gecko/20100315 Firefox/3.5.9"
685.80.323.301 - - [28/Oct/2011:07:09:30 -0500] "GET /product/product6 HTTP/1.1" 200 0 "-" "Mozilla/5.0 (Windows; U; Windows NT 6.1; en-US; rv:1.9.1.9) Gecko/20100315 Firefox/3.5.9"
681.38.388.301 - - [28/Oct/2011:07:10:00 -0500] "GET /product/product6 HTTP/1.1" 200 0 "-" "Mozilla/5.0 (Windows; U; Windows NT 6.1; en-US; rv:1.9.1.9) Gecko/20100315 Firefox/3.5.9"
328.58.335.52 - - [28/Oct/2011:07:14:30 -0500] "GET /feeds/press HTTP/1.1" 200 0 "-" "Feedfetcher-Google; (+http://www.google.com/feedfetcher.html; feed-id=17487888147253470967)"
365.303.360.53 - - [28/Oct/2011:07:16:00 -0500] "GET /demo HTTP/1.1" 200 0 "-" "Jakarta Commons-HttpClient/3.0-rc4"
365.303.360.53 - - [28/Oct/2011:07:16:23 -0500] "GET /demo HTTP/1.1" 200 0 "/demo" "Jakarta Commons-HttpClient/3.0-rc4"
633.618.18.373 - - [28/Oct/2011:07:20:00 -0500] "GET /demo HTTP/1.1" 200 0 "-" "Jakarta Commons-HttpClient/3.0-rc4"
13.53.52.13 - - [28/Oct/2011:07:32:30 -0500] "GET /demo HTTP/1.1" 200 0 "-" "Jakarta Commons-HttpClient/3.0-rc4"
13.53.52.13 - - [28/Oct/2011:07:35:30 -0500] "GET /demo HTTP/1.1" 200 0 "/demo" "Jakarta Commons-HttpClient/3.0-rc4"
632.613.612.32 - - [28/Oct/2011:07:36:00 -0500] "GET /product/product2 HTTP/1.1" 200 0 "-" "Mozilla/5.0 (Windows; U; Windows NT 5.1; en-US; rv:1.9.2.3) Gecko/20100401 Firefox/3.6.3"
632.613.612.32 - - [28/Oct/2011:07:36:04 -0500] "GET /product/product2 HTTP/1.1" 200 0 "/product/product2" "Mozilla/5.0 (Windows; U; Windows NT 5.1; en-US; rv:1.9.2.3) Gecko/20100401 Firefox/3.6.3"
11.308.18.624 - - [28/Oct/2011:07:45:30 -0500] "GET /events/event2 HTTP/1.1" 200 0 "-" "Mozilla/5.0 (compatible; Googlebot/2.1; +http://www.google.com/bot.html)"
11.308.18.624 - - [28/Oct/2011:07:46:12 -0500] "GET /product/product2 HTTP/1.1" 200 0 "/events/event2" "Mozilla/5.0 (compatible; Googlebot/2.1; +http://www.google.com/bot.html)"
11.308.18.624 - - [28/Oct/2011:07:46:21 -0500] "GET /services/training/product4 HTTP/1.1" 200 0 "/product/product2" "Mozilla/5.0 (compatible; Googlebot/2.1; +http://www.google.com/bot.html)"
53.88.326.03 - - [28/Oct/2011:07:48:30 -0500] "GET /about/customers HTTP/1.1" 200 0 "-" "Mozilla/4.0 (compatible; MSIE 8.0; Windows NT 5.1; Trident/4.0; .NET CLR 1.1.4322; .NET CLR 2.0.50727; .NET CLR 3.0.4506.2152; .NET CLR 3.5.30729; InfoPath.3; FDM)"
53.88.326.03 - - [28/Oct/2011:07:48:46 -0500] "GET /about/customers HTTP/1.1" 200 0 "/about/customers" "Mozilla/4.0 (compatible; MSIE 8.0; Windows NT 5.1; Trident/4.0; .NET CLR 1.1.4322; .NET CLR 2.0.50727; .NET CLR 3.0.4506.2152; .NET CLR 3.5.30729; InfoPath.3; FDM)"
332.656.16.618 - - [28/Oct/2011:07:49:30 -0500] "GET /home HTTP/1.1" 200 0 "-" "Mozilla/4.0 (compatible; MSIE 7.0; Windows NT 5.1; Trident/4.0; .NET CLR 2.0.50727; .NET CLR 3.0.04506.30; SE 2.X)"
45.6.680.31 - - [28/Oct/2011:07:51:00 -0500] "GET /buy HTTP/1.1" 200 0 "-" "Mozilla/5.0 (X11; U; Linux i686; en-US; rv:1.9.2.3) Gecko/20100423 Linux Mint/9 (Isadora) Firefox/3.6.3 (.NET CLR 3.5.30729)"
45.6.680.31 - - [28/Oct/2011:07:51:01 -0500] "GET /buy HTTP/1.1" 200 0 "/buy" "Mozilla/5.0 (X11; U; Linux i686; en-US; rv:1.9.2.3) Gecko/20100423 Linux Mint/9 (Isadora) Firefox/3.6.3 (.NET CLR 3.5.30729)"
45.6.680.31 - - [28/Oct/2011:07:51:14 -0500] "GET /product/product4 HTTP/1.1" 200 0 "/buy" "Mozilla/5.0 (X11; U; Linux i686; en-US; rv:1.9.2.3) Gecko/20100423 Linux Mint/9 (Isadora) Firefox/3.6.3 (.NET CLR 3.5.30729)"
45.6.680.31 - - [28/Oct/2011:07:51:18 -0500] "GET /product/product5 HTTP/1.1" 200 0 "/product/product4" "Mozilla/5.0 (X11; U; Linux i686; en-US; rv:1.9.2.3) Gecko/20100423 Linux Mint/9 (Isadora) Firefox/3.6.3 (.NET CLR 3.5.30729)"
45.6.680.31 - - [28/Oct/2011:07:51:21 -0500] "GET /download/download1.zip HTTP/1.1" 200 0 "/product/product5" "Mozilla/5.0 (X11; U; Linux i686; en-US; rv:1.9.2.3) Gecko/20100423 Linux Mint/9 (Isadora) Firefox/3.6.3 (.NET CLR 3.5.30729)"
45.6.680.31 - - [28/Oct/2011:07:51:42 -0500] "GET /news/releases/september HTTP/1.1" 200 0 "/download/download1.zip" "Mozilla/5.0 (X11; U; Linux i686; en-US; rv:1.9.2.3) Gecko/20100423 Linux Mint/9 (Isadora) Firefox/3.6.3 (.NET CLR 3.5.30729)"
367.34.686.631 - - [28/Oct/2011:07:53:30 -0500] "GET /demo HTTP/1.1" 200 0 "-" "Jakarta Commons-HttpClient/3.0-rc4"
88.610.37.625 - - [28/Oct/2011:08:00:00 -0500] "GET /download HTTP/1.1" 200 0 "-" "Mozilla/4.0 (compatible; MSIE 8.0; Windows NT 6.0; Trident/4.0; GTB6.4; SLCC1; .NET CLR 2.0.50727; Media Center PC 5.0; .NET CLR 3.5.30729; .NET CLR 3.0.30618)"
88.610.37.625 - - [28/Oct/2011:08:00:13 -0500] "GET /download HTTP/1.1" 200 0 "/download" "Mozilla/4.0 (compatible; MSIE 8.0; Windows NT 6.0; Trident/4.0; GTB6.4; SLCC1; .NET CLR 2.0.50727; Media Center PC 5.0; .NET CLR 3.5.30729; .NET CLR 3.0.30618)"
363.652.18.65 - - [28/Oct/2011:08:01:30 -0500] "GET /demo HTTP/1.1" 200 0 "-" "Jakarta Commons-HttpClient/3.0-rc4"
363.652.18.65 - - [28/Oct/2011:08:02:28 -0500] "GET /demo HTTP/1.1" 200 0 "/demo" "Jakarta Commons-HttpClient/3.0-rc4"
666.87.673.665 - - [28/Oct/2011:08:03:00 -0500] "GET /product/product12 HTTP/1.1" 200 0 "-" "Mozilla/5.0 (Windows; U; Windows NT 5.1; en-US; rv:1.9.1.9) Gecko/20100315 Firefox/3.5.9"
666.87.673.665 - - [28/Oct/2011:08:03:01 -0500] "GET /product/product12 HTTP/1.1" 200 0 "/product/product12" "Mozilla/5.0 (Windows; U; Windows NT 5.1; en-US; rv:1.9.1.9) Gecko/20100315 Firefox/3.5.9"
363.652.18.65 - - [28/Oct/2011:08:03:28 -0500] "GET /demo HTTP/1.1" 200 0 "/demo" "Jakarta Commons-HttpClient/3.0-rc4"
363.652.18.65 - - [28/Oct/2011:08:04:28 -0500] "GET /demo HTTP/1.1" 200 0 "/demo" "Jakarta Commons-HttpClient/3.0-rc4"
85.370.620.11 - - [28/Oct/2011:08:05:30 -0500] "GET /feeds/press HTTP/1.1" 200 0 "-" "Apple-PubSub/65.12.1"
363.652.18.65 - - [28/Oct/2011:08:05:32 -0500] "GET /demo HTTP/1.1" 200 0 "/demo" "Jakarta Commons-HttpClient/3.0-rc4"
640.638.64.658 - - [28/Oct/2011:08:09:00 -0500] "GET /feeds/press HTTP/1.1" 200 0 "-" "Mozilla/4.0 (compatible; MSIE 6.0; Windows NT 5.1; SV1)"
48.626.614.610 - - [28/Oct/2011:08:09:30 -0500] "GET /feeds/press HTTP/1.1" 200 0 "-" "UniversalFeedParser/4.1 +http://feedparser.org/"
53.667.16.82 - - [28/Oct/2011:08:10:30 -0500] "GET /demo HTTP/1.1" 200 0 "-" "Jakarta Commons-HttpClient/3.0-rc4"
53.667.16.82 - - [28/Oct/2011:08:14:20 -0500] "GET /demo HTTP/1.1" 200 0 "/demo" "Jakarta Commons-HttpClient/3.0-rc4"
363.642.615.72 - - [28/Oct/2011:08:15:00 -0500] "GET /demo HTTP/1.1" 200 0 "-" "Jakarta Commons-HttpClient/3.0-rc4"
53.667.16.82 - - [28/Oct/2011:08:15:30 -0500] "GET /demo HTTP/1.1" 200 0 "/demo" "Jakarta Commons-HttpClient/3.0-rc4"
13.68.331.86 - - [28/Oct/2011:08:17:00 -0500] "GET /services/training HTTP/1.1" 200 0 "-" "Mozilla/5.0 (Windows; U; Windows NT 5.1; es-ES; rv:1.9.2.3) Gecko/20100401 Firefox/3.6.3 ( .NET CLR 3.5.30729)"
13.68.331.86 - - [28/Oct/2011:08:17:00 -0500] "GET /services/training HTTP/1.1" 200 0 "/services/training" "Mozilla/5.0 (Windows; U; Windows NT 5.1; es-ES; rv:1.9.2.3) Gecko/20100401 Firefox/3.6.3 ( .NET CLR 3.5.30729)"
363.642.615.72 - - [28/Oct/2011:08:20:00 -0500] "GET /demo HTTP/1.1" 200 0 "/demo" "Jakarta Commons-HttpClient/3.0-rc4"
13.371.635.627 - - [28/Oct/2011:08:23:00 -0500] "GET /product/product2 HTTP/1.1" 200 0 "-" "Mozilla/4.0 (compatible; MSIE 7.0; Windows NT 6.0; SLCC1; .NET CLR 2.0.50727; .NET CLR 3.0.04506; .NET CLR 1.1.4322; InfoPath.2)"
668.1.8.660 - - [28/Oct/2011:08:23:00 -0500] "GET /download HTTP/1.1" 200 0 "-" "Mozilla/4.0 (compatible; MSIE 6.0; Windows NT 5.1; SV1)"
668.1.8.660 - - [28/Oct/2011:08:24:21 -0500] "GET /download HTTP/1.1" 200 0 "/download" "Mozilla/4.0 (compatible; MSIE 6.0; Windows NT 5.1; SV1)"
13.371.635.627 - - [28/Oct/2011:08:24:36 -0500] "GET /docs/doc6.pdf HTTP/1.1" 200 0 "/product/product2" "Mozilla/4.0 (compatible; MSIE 7.0; Windows NT 6.0; SLCC1; .NET CLR 2.0.50727; .NET CLR 3.0.04506; .NET CLR 1.1.4322; InfoPath.2)"
327.44.657.682 - - [28/Oct/2011:08:25:30 -0500] "GET /demo HTTP/1.1" 200 0 "-" "Jakarta Commons-HttpClient/3.0-rc4"
668.1.8.660 - - [28/Oct/2011:08:26:02 -0500] "GET /download HTTP/1.1" 200 0 "/download" "Mozilla/4.0 (compatible; MSIE 6.0; Windows NT 5.1; SV1)"
11.308.18.18 - - [28/Oct/2011:08:27:00 -0500] "GET /product/product4 HTTP/1.1" 200 0 "-" "Mozilla/5.0 (compatible; Googlebot/2.1; +http://www.google.com/bot.html)"
13.371.635.628 - - [28/Oct/2011:08:28:30 -0500] "GET /product/product2 HTTP/1.1" 200 0 "-" "Mozilla/4.0 (compatible; MSIE 7.0; Windows NT 6.0; SLCC1; .NET CLR 2.0.50727; .NET CLR 3.0.04506; .NET CLR 1.1.4322; InfoPath.2)"
52.86.73.36 - - [28/Oct/2011:08:29:00 -0500] "GET /product/product2 HTTP/1.1" 200 0 "-" "Mozilla/5.0 (Macintosh; U; Intel Mac OS X 10.6; nb-NO; rv:1.9.2.3) Gecko/20100401 Firefox/3.6.3"
52.86.73.36 - - [28/Oct/2011:08:29:01 -0500] "GET /product/product2 HTTP/1.1" 200 0 "/product/product2" "Mozilla/5.0 (Macintosh; U; Intel Mac OS X 10.6; nb-NO; rv:1.9.2.3) Gecko/20100401 Firefox/3.6.3"
361.631.17.30 - - [28/Oct/2011:08:29:30 -0500] "GET /demo HTTP/1.1" 200 0 "-" "Jakarta Commons-HttpClient/3.0-rc4"
361.631.17.30 - - [28/Oct/2011:08:29:31 -0500] "GET /demo HTTP/1.1" 200 0 "/demo" "Jakarta Commons-HttpClient/3.0-rc4"
13.371.635.628 - - [28/Oct/2011:08:30:01 -0500] "GET /download/download1.zip HTTP/1.1" 200 0 "/product/product2" "Mozilla/4.0 (compatible; MSIE 7.0; Windows NT 6.0; SLCC1; .NET CLR 2.0.50727; .NET CLR 3.0.04506; .NET CLR 1.1.4322; InfoPath.2)"
361.631.17.30 - - [28/Oct/2011:08:30:29 -0500] "GET /demo HTTP/1.1" 200 0 "/demo" "Jakarta Commons-HttpClient/3.0-rc4"
361.631.17.30 - - [28/Oct/2011:08:30:30 -0500] "GET /demo HTTP/1.1" 200 0 "/demo" "Jakarta Commons-HttpClient/3.0-rc4"
361.631.17.30 - - [28/Oct/2011:08:30:30 -0500] "GET /demo HTTP/1.1" 200 0 "/demo" "Jakarta Commons-HttpClient/3.0-rc4"
361.631.17.30 - - [28/Oct/2011:08:30:31 -0500] "GET /demo HTTP/1.1" 200 0 "/demo" "Jakarta Commons-HttpClient/3.0-rc4"
687.687.643.322 - - [28/Oct/2011:08:31:00 -0500] "GET /product/product12 HTTP/1.1" 200 0 "-" "Mozilla/5.0 (Windows; U; Windows NT 5.1; en-GB; rv:1.9.1.9) Gecko/20100315 Firefox/3.5.9"
52.86.73.36 - - [28/Oct/2011:08:31:29 -0500] "GET /product/product2 HTTP/1.1" 200 0 "/product/product2" "Mozilla/5.0 (Macintosh; U; Intel Mac OS X 10.6; nb-NO; rv:1.9.2.3) Gecko/20100401 Firefox/3.6.3"
361.631.17.30 - - [28/Oct/2011:08:31:30 -0500] "GET /demo HTTP/1.1" 200 0 "/demo" "Jakarta Commons-HttpClient/3.0-rc4"
361.631.17.30 - - [28/Oct/2011:08:31:30 -0500] "GET /demo HTTP/1.1" 200 0 "/demo" "Jakarta Commons-HttpClient/3.0-rc4"
361.631.17.30 - - [28/Oct/2011:08:31:30 -0500] "GET /demo HTTP/1.1" 200 0 "/demo" "Jakarta Commons-HttpClient/3.0-rc4"
361.631.17.30 - - [28/Oct/2011:08:31:31 -0500] "GET /demo HTTP/1.1" 200 0 "/demo" "Jakarta Commons-HttpClient/3.0-rc4"
361.631.17.30 - - [28/Oct/2011:08:32:30 -0500] "GET /demo HTTP/1.1" 200 0 "/demo" "Jakarta Commons-HttpClient/3.0-rc4"
361.631.17.30 - - [28/Oct/2011:08:32:30 -0500] "GET /demo HTTP/1.1" 200 0 "/demo" "Jakarta Commons-HttpClient/3.0-rc4"
361.631.17.30 - - [28/Oct/2011:08:32:30 -0500] "GET /demo HTTP/1.1" 200 0 "/demo" "Jakarta Commons-HttpClient/3.0-rc4"
361.631.17.30 - - [28/Oct/2011:08:32:31 -0500] "GET /demo HTTP/1.1" 200 0 "/demo" "Jakarta Commons-HttpClient/3.0-rc4"
323.686.10.680 - - [28/Oct/2011:08:33:00 -0500] "GET /product/product2 HTTP/1.1" 200 0 "-" "Mozilla/5.0 (Windows; U; Windows NT 5.1; en-US; rv:1.9.0.1) Gecko/2008070208 Firefox/3.0.1 (.NET CLR 3.5.30729)"
13.371.635.628 - - [28/Oct/2011:08:33:25 -0500] "GET /products HTTP/1.1" 200 0 "/download/download1.zip" "Mozilla/4.0 (compatible; MSIE 7.0; Windows NT 6.0; SLCC1; .NET CLR 2.0.50727; .NET CLR 3.0.04506; .NET CLR 1.1.4322; InfoPath.2)"
361.631.17.30 - - [28/Oct/2011:08:33:29 -0500] "GET /demo HTTP/1.1" 200 0 "/demo" "Jakarta Commons-HttpClient/3.0-rc4"
361.631.17.30 - - [28/Oct/2011:08:33:30 -0500] "GET /demo HTTP/1.1" 200 0 "/demo" "Jakarta Commons-HttpClient/3.0-rc4"
361.631.17.30 - - [28/Oct/2011:08:33:30 -0500] "GET /demo HTTP/1.1" 200 0 "/demo" "Jakarta Commons-HttpClient/3.0-rc4"
361.631.17.30 - - [28/Oct/2011:08:33:31 -0500] "GET /demo HTTP/1.1" 200 0 "/demo" "Jakarta Commons-HttpClient/3.0-rc4"
361.631.17.30 - - [28/Oct/2011:08:34:29 -0500] "GET /demo HTTP/1.1" 200 0 "/demo" "Jakarta Commons-HttpClient/3.0-rc4"
361.631.17.30 - - [28/Oct/2011:08:34:30 -0500] "GET /demo HTTP/1.1" 200 0 "/demo" "Jakarta Commons-HttpClient/3.0-rc4"
361.631.17.30 - - [28/Oct/2011:08:34:30 -0500] "GET /demo HTTP/1.1" 200 0 "/demo" "Jakarta Commons-HttpClient/3.0-rc4"
50.684.654.307 - - [28/Oct/2011:08:39:00 -0500] "GET /events HTTP/1.1" 200 0 "-" "Mozilla/5.0 (Windows; U; Windows NT 6.0; en-US) AppleWebKit/532.5 (KHTML, like Gecko) Chrome/4.1.249.1064 Safari/532.5"
50.684.654.307 - - [28/Oct/2011:08:39:15 -0500] "GET /events HTTP/1.1" 200 0 "/events" "Mozilla/5.0 (Windows; U; Windows NT 6.0; en-US) AppleWebKit/532.5 (KHTML, like Gecko) Chrome/4.1.249.1064 Safari/532.5"
86.63.84.602 - - [28/Oct/2011:08:52:30 -0500] "GET /download HTTP/1.1" 200 0 "-" "Mozilla/4.0 (compatible; MSIE 5.5; Windows NT 5.0)"
86.63.84.602 - - [28/Oct/2011:08:52:31 -0500] "GET /buy HTTP/1.1" 200 0 "/download" "Mozilla/4.0 (compatible; MSIE 5.5; Windows NT 5.0)"
86.63.84.602 - - [28/Oct/2011:08:52:31 -0500] "GET /products HTTP/1.1" 200 0 "/buy" "Mozilla/4.0 (compatible; MSIE 5.5; Windows NT 5.0)"
86.63.84.602 - - [28/Oct/2011:08:52:32 -0500] "GET /services HTTP/1.1" 200 0 "/products" "Mozilla/4.0 (compatible; MSIE 5.5; Windows NT 5.0)"
86.63.84.602 - - [28/Oct/2011:08:52:32 -0500] "GET /partners HTTP/1.1" 200 0 "/services" "Mozilla/4.0 (compatible; MSIE 5.5; Windows NT 5.0)"
86.63.84.602 - - [28/Oct/2011:08:52:33 -0500] "GET /misc HTTP/1.1" 200 0 "/partners" "Mozilla/4.0 (compatible; MSIE 5.5; Windows NT 5.0)"
86.63.84.602 - - [28/Oct/2011:08:52:34 -0500] "GET /about HTTP/1.1" 200 0 "/misc" "Mozilla/4.0 (compatible; MSIE 5.5; Windows NT 5.0)"
86.63.84.602 - - [28/Oct/2011:08:52:34 -0500] "GET /contact HTTP/1.1" 200 0 "/about" "Mozilla/4.0 (compatible; MSIE 5.5; Windows NT 5.0)"
86.63.84.602 - - [28/Oct/2011:08:52:35 -0500] "GET /about/customers HTTP/1.1" 200 0 "/contact" "Mozilla/4.0 (compatible; MSIE 5.5; Windows NT 5.0)"
86.63.84.602 - - [28/Oct/2011:08:52:36 -0500] "GET /about/awards HTTP/1.1" 200 0 "/about/customers" "Mozilla/4.0 (compatible; MSIE 5.5; Windows NT 5.0)"
86.63.84.602 - - [28/Oct/2011:08:52:36 -0500] "GET /events HTTP/1.1" 200 0 "/about/awards" "Mozilla/4.0 (compatible; MSIE 5.5; Windows NT 5.0)"
86.63.84.602 - - [28/Oct/2011:08:52:37 -0500] "GET /team HTTP/1.1" 200 0 "/events" "Mozilla/4.0 (compatible; MSIE 5.5; Windows NT 5.0)"
86.63.84.602 - - [28/Oct/2011:08:52:39 -0500] "GET /news/releases/march HTTP/1.1" 200 0 "/team" "Mozilla/4.0 (compatible; MSIE 5.5; Windows NT 5.0)"
86.63.84.602 - - [28/Oct/2011:08:52:41 -0500] "GET /product/product2 HTTP/1.1" 200 0 "/news/releases/march" "Mozilla/4.0 (compatible; MSIE 5.5; Windows NT 5.0)"
86.63.84.602 - - [28/Oct/2011:08:52:41 -0500] "GET /product/product4 HTTP/1.1" 200 0 "/product/product2" "Mozilla/4.0 (compatible; MSIE 5.5; Windows NT 5.0)"
86.63.84.602 - - [28/Oct/2011:08:52:42 -0500] "GET /product/product3 HTTP/1.1" 200 0 "/product/product4" "Mozilla/4.0 (compatible; MSIE 5.5; Windows NT 5.0)"
86.63.84.602 - - [28/Oct/2011:08:52:43 -0500] "GET /product/product12 HTTP/1.1" 200 0 "/product/product3" "Mozilla/4.0 (compatible; MSIE 5.5; Windows NT 5.0)"
86.63.84.602 - - [28/Oct/2011:08:52:43 -0500] "GET /product/product3 HTTP/1.1" 200 0 "/product/product12" "Mozilla/4.0 (compatible; MSIE 5.5; Windows NT 5.0)"
86.63.84.602 - - [28/Oct/2011:08:52:45 -0500] "GET /product/product2 HTTP/1.1" 200 0 "/product/product3" "Mozilla/4.0 (compatible; MSIE 5.5; Windows NT 5.0)"
86.63.84.602 - - [28/Oct/2011:08:52:45 -0500] "GET /download HTTP/1.1" 200 0 "/product/product2" "Mozilla/4.0 (compatible; MSIE 5.5; Windows NT 5.0)"
86.63.84.602 - - [28/Oct/2011:08:52:46 -0500] "GET /offers HTTP/1.1" 200 0 "/download" "Mozilla/4.0 (compatible; MSIE 5.5; Windows NT 5.0)"
86.63.84.602 - - [28/Oct/2011:08:52:47 -0500] "GET /news HTTP/1.1" 200 0 "/offers" "Mozilla/4.0 (compatible; MSIE 5.5; Windows NT 5.0)"
86.63.84.602 - - [28/Oct/2011:08:52:49 -0500] "GET /services/support HTTP/1.1" 200 0 "/news" "Mozilla/4.0 (compatible; MSIE 5.5; Windows NT 5.0)"
86.63.84.602 - - [28/Oct/2011:08:52:49 -0500] "GET /product/product6 HTTP/1.1" 200 0 "/services/support" "Mozilla/4.0 (compatible; MSIE 5.5; Windows NT 5.0)"
86.63.84.602 - - [28/Oct/2011:08:52:50 -0500] "GET /services/training HTTP/1.1" 200 0 "/product/product6" "Mozilla/4.0 (compatible; MSIE 5.5; Windows NT 5.0)"
86.63.84.602 - - [28/Oct/2011:08:52:51 -0500] "GET /services/consulting HTTP/1.1" 200 0 "/services/training" "Mozilla/4.0 (compatible; MSIE 5.5; Windows NT 5.0)"
86.63.84.602 - - [28/Oct/2011:08:52:51 -0500] "GET /partners HTTP/1.1" 200 0 "/services/consulting" "Mozilla/4.0 (compatible; MSIE 5.5; Windows NT 5.0)"
86.63.84.602 - - [28/Oct/2011:08:52:55 -0500] "GET /careers HTTP/1.1" 200 0 "/partners" "Mozilla/4.0 (compatible; MSIE 5.5; Windows NT 5.0)"
86.63.84.602 - - [28/Oct/2011:08:52:55 -0500] "GET /team HTTP/1.1" 200 0 "/careers" "Mozilla/4.0 (compatible; MSIE 5.5; Windows NT 5.0)"
86.63.84.602 - - [28/Oct/2011:08:52:59 -0500] "GET /license HTTP/1.1" 200 0 "/team" "Mozilla/4.0 (compatible; MSIE 5.5; Windows NT 5.0)"
86.63.84.602 - - [28/Oct/2011:08:52:59 -0500] "GET /contact HTTP/1.1" 200 0 "/license" "Mozilla/4.0 (compatible; MSIE 5.5; Windows NT 5.0)"
86.63.84.602 - - [28/Oct/2011:08:53:00 -0500] "GET /sitemap HTTP/1.1" 200 0 "/contact" "Mozilla/4.0 (compatible; MSIE 5.5; Windows NT 5.0)"
86.63.84.602 - - [28/Oct/2011:08:53:01 -0500] "GET /product/product1 HTTP/1.1" 200 0 "/sitemap" "Mozilla/4.0 (compatible; MSIE 5.5; Windows NT 5.0)"
86.63.84.602 - - [28/Oct/2011:08:53:01 -0500] "GET /misc HTTP/1.1" 200 0 "/product/product1" "Mozilla/4.0 (compatible; MSIE 5.5; Windows NT 5.0)"
86.63.84.602 - - [28/Oct/2011:08:53:02 -0500] "GET /product/product2 HTTP/1.1" 200 0 "/misc" "Mozilla/4.0 (compatible; MSIE 5.5; Windows NT 5.0)"
86.63.84.602 - - [28/Oct/2011:08:53:02 -0500] "GET /offers HTTP/1.1" 200 0 "/product/product2" "Mozilla/4.0 (compatible; MSIE 5.5; Windows NT 5.0)"
86.63.84.602 - - [28/Oct/2011:08:53:03 -0500] "GET /ad/save HTTP/1.1" 200 0 "/offers" "Mozilla/4.0 (compatible; MSIE 5.5; Windows NT 5.0)"
14.323.74.653 - - [28/Oct/2011:08:56:30 -0500] "GET /demo HTTP/1.1" 200 0 "-" "Jakarta Commons-HttpClient/3.0-rc4"
14.323.74.653 - - [28/Oct/2011:08:57:30 -0500] "GET /demo HTTP/1.1" 200 0 "/demo" "Jakarta Commons-HttpClient/3.0-rc4"
14.323.74.653 - - [28/Oct/2011:08:58:31 -0500] "GET /demo HTTP/1.1" 200 0 "/demo" "Jakarta Commons-HttpClient/3.0-rc4"
88.618.327.333 - - [28/Oct/2011:08:59:00 -0500] "GET /download/download1.zip HTTP/1.1" 200 0 "-" "Mozilla/4.0 (compatible; MSIE 6.0; Windows NT 5.1; GTB6.4; SV1; .NET CLR 2.0.50727; .NET CLR 3.0.04506.648; .NET CLR 3.5.21022; .NET CLR 3.0.4506.2152; .NET CLR 3.5.30729)"
14.323.74.653 - - [28/Oct/2011:08:59:30 -0500] "GET /demo HTTP/1.1" 200 0 "/demo" "Jakarta Commons-HttpClient/3.0-rc4"
14.323.74.653 - - [28/Oct/2011:09:00:30 -0500] "GET /demo HTTP/1.1" 200 0 "/demo" "Jakarta Commons-HttpClient/3.0-rc4"
14.323.74.653 - - [28/Oct/2011:09:01:30 -0500] "GET /demo HTTP/1.1" 200 0 "/demo" "Jakarta Commons-HttpClient/3.0-rc4"
685.628.6.68 - - [28/Oct/2011:09:06:00 -0500] "GET /home HTTP/1.1" 200 0 "-" "Jakarta Commons-HttpClient/3.0.1"
636.306.08.53 - - [28/Oct/2011:09:06:30 -0500] "GET /search HTTP/1.1" 200 0 "-" "Mozilla/5.0 (Windows; U; Windows NT 5.1; en-US; rv:1.9.0.19) Gecko/2010031422 Firefox/3.0.19"
636.306.08.53 - - [28/Oct/2011:09:06:43 -0500] "GET /search HTTP/1.1" 200 0 "/search" "Mozilla/5.0 (Windows; U; Windows NT 5.1; en-US; rv:1.9.0.19) Gecko/2010031422 Firefox/3.0.19"
636.306.08.53 - - [28/Oct/2011:09:06:45 -0500] "GET /search HTTP/1.1" 200 0 "/search" "Mozilla/5.0 (Windows; U; Windows NT 5.1; en-US; rv:1.9.0.19) Gecko/2010031422 Firefox/3.0.19"
636.306.08.53 - - [28/Oct/2011:09:06:46 -0500] "GET /search HTTP/1.1" 200 0 "/search" "Mozilla/5.0 (Windows; U; Windows NT 5.1; en-US; rv:1.9.0.19) Gecko/2010031422 Firefox/3.0.19"
636.306.08.53 - - [28/Oct/2011:09:06:47 -0500] "GET /search HTTP/1.1" 200 0 "/search" "Mozilla/5.0 (Windows; U; Windows NT 5.1; en-US; rv:1.9.0.19) Gecko/2010031422 Firefox/3.0.19"
636.306.08.53 - - [28/Oct/2011:09:06:49 -0500] "GET /search HTTP/1.1" 200 0 "/search" "Mozilla/5.0 (Windows; U; Windows NT 5.1; en-US; rv:1.9.0.19) Gecko/2010031422 Firefox/3.0.19"
636.306.08.53 - - [28/Oct/2011:09:06:49 -0500] "GET /search HTTP/1.1" 200 0 "/search" "Mozilla/5.0 (Windows; U; Windows NT 5.1; en-US; rv:1.9.0.19) Gecko/2010031422 Firefox/3.0.19"
636.306.08.53 - - [28/Oct/2011:09:06:59 -0500] "GET /search HTTP/1.1" 200 0 "/search" "Mozilla/5.0 (Windows; U; Windows NT 5.1; en-US; rv:1.9.0.19) Gecko/2010031422 Firefox/3.0.19"
