44.48.47.637 - - [29/Oct/2011:03:06:35 -0500] "GET /home HTTP/1.1" 200 0 "/news/releases/march" "SeznamBot/2.0 (+http://fulltext.sblog.cz/robot/)"
53.667.16.82 - - [29/Oct/2011:03:10:30 -0500] "GET /demo HTTP/1.1" 200 0 "-" "Jakarta Commons-HttpClient/3.0-rc4"
53.667.16.82 - - [29/Oct/2011:03:15:30 -0500] "GET /demo HTTP/1.1" 200 0 "/demo" "Jakarta Commons-HttpClient/3.0-rc4"
86.678.623.684 - - [29/Oct/2011:03:25:30 -0500] "GET /product/product2 HTTP/1.1" 200 0 "-" "Mozilla/5.0 (Windows; U; Windows NT 5.1; en-US) AppleWebKit/532.5 (KHTML, like Gecko) Chrome/4.1.249.1064 Safari/532.5"
86.678.623.684 - - [29/Oct/2011:03:25:32 -0500] "GET /product/product2 HTTP/1.1" 200 0 "/product/product2" "Mozilla/5.0 (Windows; U; Windows NT 5.1; en-US) AppleWebKit/532.5 (KHTML, like Gecko) Chrome/4.1.249.1064 Safari/532.5"
86.678.623.684 - - [29/Oct/2011:03:26:15 -0500] "GET /docs/doc6.pdf HTTP/1.1" 200 0 "/product/product2" "Mozilla/5.0 (Windows; U; Windows NT 5.1; en-US) AppleWebKit/532.5 (KHTML, like Gecko) Chrome/4.1.249.1064 Safari/532.5"
86.678.623.684 - - [29/Oct/2011:03:26:18 -0500] "GET /download/download1.zip HTTP/1.1" 200 0 "/docs/doc6.pdf" "Mozilla/5.0 (Windows; U; Windows NT 5.1; en-US) AppleWebKit/532.5 (KHTML, like Gecko) Chrome/4.1.249.1064 Safari/532.5"
86.678.623.684 - - [29/Oct/2011:03:27:36 -0500] "GET /product/product3 HTTP/1.1" 200 0 "/download/download1.zip" "Mozilla/5.0 (Windows; U; Windows NT 5.1; en-US) AppleWebKit/532.5 (KHTML, like Gecko) Chrome/4.1.249.1064 Safari/532.5"
86.678.623.684 - - [29/Oct/2011:03:27:38 -0500] "GET /product/product3 HTTP/1.1" 200 0 "/product/product3" "Mozilla/5.0 (Windows; U; Windows NT 5.1; en-US) AppleWebKit/532.5 (KHTML, like Gecko) Chrome/4.1.249.1064 Safari/532.5"
86.678.623.684 - - [29/Oct/2011:03:27:47 -0500] "GET /product/product3 HTTP/1.1" 200 0 "/product/product3" "Mozilla/5.0 (Windows; U; Windows NT 5.1; en-US) AppleWebKit/532.5 (KHTML, like Gecko) Chrome/4.1.249.1064 Safari/532.5"
86.678.623.684 - - [29/Oct/2011:03:27:49 -0500] "GET /product/product3 HTTP/1.1" 200 0 "/product/product3" "Mozilla/5.0 (Windows; U; Windows NT 5.1; en-US) AppleWebKit/532.5 (KHTML, like Gecko) Chrome/4.1.249.1064 Safari/532.5"
18.42.368.680 - - [29/Oct/2011:03:28:30 -0500] "GET /feeds/press HTTP/1.1" 200 0 "-" "Apple-PubSub/65.12.1"
51.00.57.374 - - [29/Oct/2011:03:31:30 -0500] "GET /download HTTP/1.1" 200 0 "-" "Mozilla/4.0 (compatible; MSIE 8.0; Windows NT 6.1; WOW64; Trident/4.0; GTB6.4; SLCC2; .NET CLR 2.0.50727; .NET CLR 3.5.30729; .NET CLR 3.0.30729; Media Center PC 6.0; OfficeLiveConnector.1.3; OfficeLivePatch.0.0; InfoPath.2)"
55.615.51.35 - - [29/Oct/2011:03:32:30 -0500] "GET /feeds/press HTTP/1.1" 200 0 "-" "Apple-PubSub/65.12.1"
323.6.688.604 - - [29/Oct/2011:03:36:00 -0500] "GET /product/product1 HTTP/1.1" 200 0 "-" "Mozilla/4.0 (compatible; MSIE 5.5; Windows NT 5.0)"
323.6.688.604 - - [29/Oct/2011:03:36:00 -0500] "GET /news/releases/may HTTP/1.1" 200 0 "/product/product1" "Mozilla/4.0 (compatible; MSIE 5.5; Windows NT 5.0)"
18.668.308.380 - - [29/Oct/2011:03:38:30 -0500] "GET /feeds/press HTTP/1.1" 200 0 "-" "Apple-PubSub/65.12.1"
43.60.688.623 - - [29/Oct/2011:03:42:30 -0500] "GET /feeds/press HTTP/1.1" 200 0 "-" "Feedfetcher-Google; (+http://www.google.com/feedfetcher.html; 5 subscribers; feed-id=16989878682298606134)"
43.60.688.623 - - [29/Oct/2011:03:44:12 -0500] "GET /feeds/press HTTP/1.1" 200 0 "/feeds/press" "Feedfetcher-Google; (+http://www.google.com/feedfetcher.html; 4 subscribers; feed-id=3915530855060538933)"
43.60.688.623 - - [29/Oct/2011:03:47:24 -0500] "GET /feeds/press HTTP/1.1" 200 0 "/feeds/press" "Feedfetcher-Google; (+http://www.google.com/feedfetcher.html; 8 subscribers; feed-id=6780407878392169084)"
14.688.663.667 - - [29/Oct/2011:03:47:30 -0500] "GET /product/product6 HTTP/1.1" 200 0 "-" "Mozilla/5.0 (compatible; Yahoo! Slurp/3.0; http://help.yahoo.com/help/us/ysearch/slurp)"
364.634.321.387 - - [29/Oct/2011:03:48:00 -0500] "GET /news/releases/october HTTP/1.1" 200 0 "-" "Mozilla/4.0 (compatible; MSIE 8.0; Windows NT 6.0; Trident/4.0; SLCC1; .NET CLR 2.0.50727; .NET CLR 3.0.30729; InfoPath.2; .NET CLR 3.5.30729)"
11.308.18.48 - - [29/Oct/2011:03:49:00 -0500] "GET /product/product4 HTTP/1.1" 200 0 "-" "Mozilla/5.0 (compatible; Googlebot/2.1; +http://www.google.com/bot.html)"
50.387.627.70 - - [29/Oct/2011:03:49:30 -0500] "GET /product/product1 HTTP/1.1" 200 0 "-" "Mozilla/5.0 (Windows; U; Windows NT 5.1; ru; rv:1.9.1.9) Gecko/20100315 Firefox/3.5.9"
14.688.663.667 - - [29/Oct/2011:03:49:34 -0500] "GET /partners HTTP/1.1" 200 0 "/product/product6" "Mozilla/5.0 (compatible; Yahoo! Slurp/3.0; http://help.yahoo.com/help/us/ysearch/slurp)"
50.387.627.70 - - [29/Oct/2011:03:50:06 -0500] "GET /news/releases/may HTTP/1.1" 200 0 "/product/product1" "Mozilla/5.0 (Windows; U; Windows NT 5.1; ru; rv:1.9.1.9) Gecko/20100315 Firefox/3.5.9"
50.387.627.70 - - [29/Oct/2011:03:50:07 -0500] "GET /news/releases/may HTTP/1.1" 200 0 "/news/releases/may" "Mozilla/5.0 (Windows; U; Windows NT 5.1; ru; rv:1.9.1.9) Gecko/20100315 Firefox/3.5.9"
367.34.686.631 - - [29/Oct/2011:03:53:30 -0500] "GET /demo HTTP/1.1" 200 0 "-" "Jakarta Commons-HttpClient/3.0-rc4"
11.326.685.38 - - [29/Oct/2011:03:58:30 -0500] "GET /feeds/press HTTP/1.1" 200 0 "-" "JetBrains Omea Reader 2.2 (http://www.jetbrains.com/omea/reader/)"
363.652.18.65 - - [29/Oct/2011:04:00:00 -0500] "GET /demo HTTP/1.1" 200 0 "-" "Jakarta Commons-HttpClient/3.0-rc4"
363.652.18.65 - - [29/Oct/2011:04:01:01 -0500] "GET /demo HTTP/1.1" 200 0 "/demo" "Jakarta Commons-HttpClient/3.0-rc4"
363.652.18.65 - - [29/Oct/2011:04:02:03 -0500] "GET /demo HTTP/1.1" 200 0 "/demo" "Jakarta Commons-HttpClient/3.0-rc4"
363.652.18.65 - - [29/Oct/2011:04:03:01 -0500] "GET /demo HTTP/1.1" 200 0 "/demo" "Jakarta Commons-HttpClient/3.0-rc4"
363.652.18.65 - - [29/Oct/2011:04:04:00 -0500] "GET /demo HTTP/1.1" 200 0 "/demo" "Jakarta Commons-HttpClient/3.0-rc4"
367.74.60.66 - - [29/Oct/2011:04:04:30 -0500] "GET /download HTTP/1.1" 200 0 "-" "Mozilla/5.0 (Windows; U; Windows NT 5.1; en-US) AppleWebKit/532.5 (KHTML, like Gecko) Chrome/4.1.249.1064 Safari/532.5"
367.74.60.66 - - [29/Oct/2011:04:04:42 -0500] "GET /download HTTP/1.1" 200 0 "/download" "Mozilla/5.0 (Windows; U; Windows NT 5.1; en-US) AppleWebKit/532.5 (KHTML, like Gecko) Chrome/4.1.249.1064 Safari/532.5"
87.685.608.73 - - [29/Oct/2011:04:12:00 -0500] "GET /offers HTTP/1.1" 200 0 "-" "Yandex/1.01.001 (compatible; Win16; I)"
367.84.337.612 - - [29/Oct/2011:04:15:00 -0500] "GET /demo HTTP/1.1" 200 0 "-" "Jakarta Commons-HttpClient/3.0-rc4"
87.685.608.73 - - [29/Oct/2011:04:16:46 -0500] "GET /download HTTP/1.1" 200 0 "/offers" "Yandex/1.01.001 (compatible; Win16; I)"
367.84.337.612 - - [29/Oct/2011:04:20:00 -0500] "GET /demo HTTP/1.1" 200 0 "/demo" "Jakarta Commons-HttpClient/3.0-rc4"
630.630.368.382 - - [29/Oct/2011:04:20:00 -0500] "GET /product/product1 HTTP/1.1" 200 0 "-" "Mozilla/4.0 (compatible; MSIE 7.0; Windows NT 6.0; SLCC1; .NET CLR 2.0.50727; .NET CLR 1.1.4322; InfoPath.1; .NET CLR 3.5.30729; .NET CLR 3.0.30618)"
630.630.368.382 - - [29/Oct/2011:04:20:59 -0500] "GET /events/event7 HTTP/1.1" 200 0 "/product/product1" "Mozilla/4.0 (compatible; MSIE 7.0; Windows NT 6.0; SLCC1; .NET CLR 2.0.50727; .NET CLR 1.1.4322; InfoPath.1; .NET CLR 3.5.30729; .NET CLR 3.0.30618)"
630.630.368.382 - - [29/Oct/2011:04:22:01 -0500] "GET /product/product1 HTTP/1.1" 200 0 "/events/event7" "Mozilla/4.0 (compatible; MSIE 7.0; Windows NT 6.0; SLCC1; .NET CLR 2.0.50727; .NET CLR 1.1.4322; InfoPath.1; .NET CLR 3.5.30729; .NET CLR 3.0.30618)"
630.630.368.382 - - [29/Oct/2011:04:22:01 -0500] "GET /product/product1 HTTP/1.1" 200 0 "/product/product1" "Mozilla/4.0 (compatible; MSIE 7.0; Windows NT 6.0; SLCC1; .NET CLR 2.0.50727; .NET CLR 1.1.4322; InfoPath.1; .NET CLR 3.5.30729; .NET CLR 3.0.30618)"
630.630.368.382 - - [29/Oct/2011:04:23:59 -0500] "GET /events/event7 HTTP/1.1" 200 0 "/product/product1" "Mozilla/4.0 (compatible; MSIE 7.0; Windows NT 6.0; SLCC1; .NET CLR 2.0.50727; .NET CLR 1.1.4322; InfoPath.1; .NET CLR 3.5.30729; .NET CLR 3.0.30618)"
630.630.368.382 - - [29/Oct/2011:04:24:01 -0500] "GET /events/event7 HTTP/1.1" 200 0 "/events/event7" "Mozilla/4.0 (compatible; MSIE 7.0; Windows NT 6.0; SLCC1; .NET CLR 2.0.50727; .NET CLR 1.1.4322; InfoPath.1; .NET CLR 3.5.30729; .NET CLR 3.0.30618)"
13.640.53.680 - - [29/Oct/2011:04:25:00 -0500] "GET /demo HTTP/1.1" 200 0 "-" "Jakarta Commons-HttpClient/3.0-rc4"
43.68.686.668 - - [29/Oct/2011:04:28:00 -0500] "GET /feeds/press HTTP/1.1" 200 0 "-" "Apple-PubSub/65.11"
14.323.74.653 - - [29/Oct/2011:04:28:00 -0500] "GET /demo HTTP/1.1" 200 0 "-" "Jakarta Commons-HttpClient/3.0-rc4"
14.323.74.653 - - [29/Oct/2011:04:28:59 -0500] "GET /demo HTTP/1.1" 200 0 "/demo" "Jakarta Commons-HttpClient/3.0-rc4"
361.638.668.07 - - [29/Oct/2011:04:29:00 -0500] "GET /events/event10 HTTP/1.1" 200 0 "-" "Mozilla/5.0 (Twiceler-0.9 http://www.cuil.com/twiceler/robot.html)"
14.323.74.653 - - [29/Oct/2011:04:29:59 -0500] "GET /demo HTTP/1.1" 200 0 "/demo" "Jakarta Commons-HttpClient/3.0-rc4"
88.12.35.322 - - [29/Oct/2011:04:30:00 -0500] "GET /about/awards HTTP/1.1" 200 0 "-" "Mozilla/5.0 (Macintosh; U; Intel Mac OS X 10.5; en-US; rv:1.9.2.3) Gecko/20100401 Firefox/3.6.3"
13.640.53.680 - - [29/Oct/2011:04:30:00 -0500] "GET /demo HTTP/1.1" 200 0 "/demo" "Jakarta Commons-HttpClient/3.0-rc4"
88.12.35.322 - - [29/Oct/2011:04:30:01 -0500] "GET /about/awards HTTP/1.1" 200 0 "/about/awards" "Mozilla/5.0 (Macintosh; U; Intel Mac OS X 10.5; en-US; rv:1.9.2.3) Gecko/20100401 Firefox/3.6.3"
11.308.18.624 - - [29/Oct/2011:04:30:30 -0500] "GET /news HTTP/1.1" 200 0 "-" "Mozilla/5.0 (compatible; Googlebot/2.1; +http://www.google.com/bot.html)"
88.12.35.322 - - [29/Oct/2011:04:30:31 -0500] "GET /team HTTP/1.1" 200 0 "/about/awards" "Mozilla/5.0 (Macintosh; U; Intel Mac OS X 10.5; en-US; rv:1.9.2.3) Gecko/20100401 Firefox/3.6.3"
14.323.74.653 - - [29/Oct/2011:04:30:59 -0500] "GET /demo HTTP/1.1" 200 0 "/demo" "Jakarta Commons-HttpClient/3.0-rc4"
14.323.74.653 - - [29/Oct/2011:04:31:59 -0500] "GET /demo HTTP/1.1" 200 0 "/demo" "Jakarta Commons-HttpClient/3.0-rc4"
14.323.74.653 - - [29/Oct/2011:04:32:59 -0500] "GET /demo HTTP/1.1" 200 0 "/demo" "Jakarta Commons-HttpClient/3.0-rc4"
11.308.18.624 - - [29/Oct/2011:04:33:09 -0500] "GET /highlight HTTP/1.1" 200 0 "/news" "Mozilla/5.0 (compatible; Googlebot/2.1; +http://www.google.com/bot.html)"
11.308.18.624 - - [29/Oct/2011:04:33:36 -0500] "GET /highlight HTTP/1.1" 200 0 "/highlight" "Mozilla/5.0 (compatible; Googlebot/2.1; +http://www.google.com/bot.html)"
11.308.18.624 - - [29/Oct/2011:04:35:22 -0500] "GET /about/customers HTTP/1.1" 200 0 "/highlight" "Mozilla/5.0 (compatible; Googlebot/2.1; +http://www.google.com/bot.html)"
365.303.360.53 - - [29/Oct/2011:04:42:30 -0500] "GET /demo HTTP/1.1" 200 0 "-" "Jakarta Commons-HttpClient/3.0-rc4"
58.81.364.1 - - [29/Oct/2011:04:46:30 -0500] "GET /demo HTTP/1.1" 200 0 "-" "Jakarta Commons-HttpClient/3.0-rc4"
18.88.376.634 - - [29/Oct/2011:04:47:30 -0500] "GET /about/customers HTTP/1.1" 200 0 "-" "msnbot-media/1.1 (+http://search.msn.com/msnbot.htm)"
80.687.623.664 - - [29/Oct/2011:04:53:00 -0500] "GET /services/consulting HTTP/1.1" 200 0 "-" "Mozilla/4.0 (compatible; MSIE 8.0; Windows NT 5.1; Trident/4.0; .NET CLR 1.1.4322; .NET CLR 2.0.50727; .NET CLR 3.0.4506.2152; .NET CLR 3.5.30729; InfoPath.2)"
80.687.623.664 - - [29/Oct/2011:04:53:14 -0500] "GET /services/consulting HTTP/1.1" 200 0 "/services/consulting" "Mozilla/4.0 (compatible; MSIE 8.0; Windows NT 5.1; Trident/4.0; .NET CLR 1.1.4322; .NET CLR 2.0.50727; .NET CLR 3.0.4506.2152; .NET CLR 3.5.30729; InfoPath.2)"
80.687.623.664 - - [29/Oct/2011:04:53:46 -0500] "GET /partners HTTP/1.1" 200 0 "/services/consulting" "Mozilla/4.0 (compatible; MSIE 8.0; Windows NT 5.1; Trident/4.0; .NET CLR 1.1.4322; .NET CLR 2.0.50727; .NET CLR 3.0.4506.2152; .NET CLR 3.5.30729; InfoPath.2)"
80.687.623.664 - - [29/Oct/2011:04:53:54 -0500] "GET /partners HTTP/1.1" 200 0 "/partners" "Mozilla/4.0 (compatible; MSIE 8.0; Windows NT 5.1; Trident/4.0; .NET CLR 1.1.4322; .NET CLR 2.0.50727; .NET CLR 3.0.4506.2152; .NET CLR 3.5.30729; InfoPath.2)"
80.687.623.664 - - [29/Oct/2011:04:53:56 -0500] "GET /partners/integrators HTTP/1.1" 200 0 "/partners" "Mozilla/4.0 (compatible; MSIE 8.0; Windows NT 5.1; Trident/4.0; .NET CLR 1.1.4322; .NET CLR 2.0.50727; .NET CLR 3.0.4506.2152; .NET CLR 3.5.30729; InfoPath.2)"
80.687.623.664 - - [29/Oct/2011:04:54:03 -0500] "GET /partners/integrators HTTP/1.1" 200 0 "/partners/integrators" "Mozilla/4.0 (compatible; MSIE 8.0; Windows NT 5.1; Trident/4.0; .NET CLR 1.1.4322; .NET CLR 2.0.50727; .NET CLR 3.0.4506.2152; .NET CLR 3.5.30729; InfoPath.2)"
80.687.623.664 - - [29/Oct/2011:04:54:24 -0500] "GET /partners HTTP/1.1" 200 0 "/partners/integrators" "Mozilla/4.0 (compatible; MSIE 8.0; Windows NT 5.1; Trident/4.0; .NET CLR 1.1.4322; .NET CLR 2.0.50727; .NET CLR 3.0.4506.2152; .NET CLR 3.5.30729; InfoPath.2)"
80.687.623.664 - - [29/Oct/2011:04:54:35 -0500] "GET /contact HTTP/1.1" 200 0 "/partners" "Mozilla/4.0 (compatible; MSIE 8.0; Windows NT 6.1; Trident/4.0; SLCC2; .NET CLR 2.0.50727; .NET CLR 3.5.30729; .NET CLR 3.0.30729; Media Center PC 6.0; MDDR; Tablet PC 2.0)"
80.687.623.664 - - [29/Oct/2011:04:54:39 -0500] "GET /contact HTTP/1.1" 200 0 "/contact" "Mozilla/4.0 (compatible; MSIE 8.0; Windows NT 6.1; Trident/4.0; SLCC2; .NET CLR 2.0.50727; .NET CLR 3.5.30729; .NET CLR 3.0.30729; Media Center PC 6.0; MDDR; Tablet PC 2.0)"
80.687.623.664 - - [29/Oct/2011:04:54:40 -0500] "GET /partners HTTP/1.1" 200 0 "/contact" "Mozilla/4.0 (compatible; MSIE 8.0; Windows NT 5.1; Trident/4.0; .NET CLR 1.1.4322; .NET CLR 2.0.50727; .NET CLR 3.0.4506.2152; .NET CLR 3.5.30729; InfoPath.2)"
80.687.623.664 - - [29/Oct/2011:04:54:46 -0500] "GET /partners HTTP/1.1" 200 0 "/partners" "Mozilla/4.0 (compatible; MSIE 8.0; Windows NT 5.1; Trident/4.0; .NET CLR 1.1.4322; .NET CLR 2.0.50727; .NET CLR 3.0.4506.2152; .NET CLR 3.5.30729; InfoPath.2)"
80.687.623.664 - - [29/Oct/2011:04:54:53 -0500] "GET /partners HTTP/1.1" 200 0 "/partners" "Mozilla/4.0 (compatible; MSIE 8.0; Windows NT 5.1; Trident/4.0; .NET CLR 1.1.4322; .NET CLR 2.0.50727; .NET CLR 3.0.4506.2152; .NET CLR 3.5.30729; InfoPath.2)"
13.626.622.8 - - [29/Oct/2011:04:55:00 -0500] "GET /download HTTP/1.1" 200 0 "-" "Mozilla/5.0 (Windows; U; Windows NT 5.1; it; rv:1.9.2) Gecko/20100115 Firefox/3.6 (.NET CLR 3.5.30729)"
13.626.622.8 - - [29/Oct/2011:04:55:01 -0500] "GET /download HTTP/1.1" 200 0 "/download" "Mozilla/5.0 (Windows; U; Windows NT 5.1; it; rv:1.9.2) Gecko/20100115 Firefox/3.6 (.NET CLR 3.5.30729)"
13.626.622.8 - - [29/Oct/2011:04:55:12 -0500] "GET /product/product4 HTTP/1.1" 200 0 "/download" "Mozilla/5.0 (Windows; U; Windows NT 5.1; it; rv:1.9.2) Gecko/20100115 Firefox/3.6 (.NET CLR 3.5.30729)"
13.626.622.8 - - [29/Oct/2011:04:56:00 -0500] "GET /download/download4.zip HTTP/1.1" 200 0 "/product/product4" "Mozilla/5.0 (Windows; U; Windows NT 5.1; it; rv:1.9.2) Gecko/20100115 Firefox/3.6 (.NET CLR 3.5.30729)"
13.626.622.8 - - [29/Oct/2011:04:56:05 -0500] "GET /download/download3.zip HTTP/1.1" 200 0 "/download/download4.zip" "Mozilla/5.0 (Windows; U; Windows NT 5.1; it; rv:1.9.2) Gecko/20100115 Firefox/3.6 (.NET CLR 3.5.30729)"
80.687.623.664 - - [29/Oct/2011:04:56:15 -0500] "GET /partners HTTP/1.1" 200 0 "/partners" "Mozilla/4.0 (compatible; MSIE 8.0; Windows NT 5.1; Trident/4.0; .NET CLR 1.1.4322; .NET CLR 2.0.50727; .NET CLR 3.0.4506.2152; .NET CLR 3.5.30729; InfoPath.2)"
640.638.50.330 - - [29/Oct/2011:04:57:30 -0500] "GET /feeds/press HTTP/1.1" 200 0 "-" "Mozilla/4.0 (compatible; MSIE 6.0; Windows NT 5.1; SV1)"
56.308.46.687 - - [29/Oct/2011:04:58:00 -0500] "GET /offers HTTP/1.1" 200 0 "-" "Mozilla/5.0 (Macintosh; U; Intel Mac OS X 10_4_11; fr) AppleWebKit/531.22.7 (KHTML, like Gecko) Version/4.0.5 Safari/531.22.7"
56.308.46.687 - - [29/Oct/2011:04:58:04 -0500] "GET /offers HTTP/1.1" 200 0 "/offers" "Mozilla/5.0 (Macintosh; U; Intel Mac OS X 10_4_11; fr) AppleWebKit/531.22.7 (KHTML, like Gecko) Version/4.0.5 Safari/531.22.7"
56.308.46.687 - - [29/Oct/2011:04:58:33 -0500] "GET /ad/save HTTP/1.1" 200 0 "/offers" "Mozilla/5.0 (Macintosh; U; Intel Mac OS X 10_4_11; fr) AppleWebKit/531.22.7 (KHTML, like Gecko) Version/4.0.5 Safari/531.22.7"
56.308.46.687 - - [29/Oct/2011:04:58:36 -0500] "GET /ad/save HTTP/1.1" 200 0 "/ad/save" "Mozilla/5.0 (Macintosh; U; Intel Mac OS X 10_4_11; fr) AppleWebKit/531.22.7 (KHTML, like Gecko) Version/4.0.5 Safari/531.22.7"
56.308.46.687 - - [29/Oct/2011:04:58:52 -0500] "GET /product/product2 HTTP/1.1" 200 0 "/ad/save" "Mozilla/5.0 (Macintosh; U; Intel Mac OS X 10_4_11; fr) AppleWebKit/531.22.7 (KHTML, like Gecko) Version/4.0.5 Safari/531.22.7"
56.308.46.687 - - [29/Oct/2011:04:59:09 -0500] "GET /ad/save HTTP/1.1" 200 0 "/product/product2" "Mozilla/5.0 (Macintosh; U; Intel Mac OS X 10_4_11; fr) AppleWebKit/531.22.7 (KHTML, like Gecko) Version/4.0.5 Safari/531.22.7"
56.308.46.687 - - [29/Oct/2011:04:59:10 -0500] "GET /ad/save HTTP/1.1" 200 0 "/ad/save" "Mozilla/5.0 (Macintosh; U; Intel Mac OS X 10_4_11; fr) AppleWebKit/531.22.7 (KHTML, like Gecko) Version/4.0.5 Safari/531.22.7"
56.308.46.687 - - [29/Oct/2011:04:59:14 -0500] "GET /offers HTTP/1.1" 200 0 "/ad/save" "Mozilla/5.0 (Macintosh; U; Intel Mac OS X 10_4_11; fr) AppleWebKit/531.22.7 (KHTML, like Gecko) Version/4.0.5 Safari/531.22.7"
56.308.46.687 - - [29/Oct/2011:04:59:17 -0500] "GET /misc HTTP/1.1" 200 0 "/offers" "Mozilla/5.0 (Macintosh; U; Intel Mac OS X 10_4_11; fr) AppleWebKit/531.22.7 (KHTML, like Gecko) Version/4.0.5 Safari/531.22.7"
56.308.46.687 - - [29/Oct/2011:04:59:18 -0500] "GET /misc HTTP/1.1" 200 0 "/misc" "Mozilla/5.0 (Macintosh; U; Intel Mac OS X 10_4_11; fr) AppleWebKit/531.22.7 (KHTML, like Gecko) Version/4.0.5 Safari/531.22.7"
363.642.621.12 - - [29/Oct/2011:04:59:30 -0500] "GET /docs/doc9.pdf HTTP/1.1" 200 0 "-" "Mozilla/5.0 (Windows; U; Windows NT 5.1; es-ES; rv:1.9.1.9) Gecko/20100315 Firefox/3.5.9 ( .NET CLR 3.5.30729)"
56.308.46.687 - - [29/Oct/2011:04:59:31 -0500] "GET /product/product1 HTTP/1.1" 200 0 "/misc" "Mozilla/5.0 (Macintosh; U; Intel Mac OS X 10_4_11; fr) AppleWebKit/531.22.7 (KHTML, like Gecko) Version/4.0.5 Safari/531.22.7"
56.308.46.687 - - [29/Oct/2011:04:59:32 -0500] "GET /product/product1 HTTP/1.1" 200 0 "/product/product1" "Mozilla/5.0 (Macintosh; U; Intel Mac OS X 10_4_11; fr) AppleWebKit/531.22.7 (KHTML, like Gecko) Version/4.0.5 Safari/531.22.7"
363.642.621.12 - - [29/Oct/2011:04:59:32 -0500] "GET /docs/doc9.pdf HTTP/1.1" 200 0 "/docs/doc9.pdf" "Mozilla/5.0 (Windows; U; Windows NT 5.1; es-ES; rv:1.9.1.9) Gecko/20100315 Firefox/3.5.9 ( .NET CLR 3.5.30729)"
56.308.46.687 - - [29/Oct/2011:05:00:09 -0500] "GET /products HTTP/1.1" 200 0 "/product/product1" "Mozilla/5.0 (Macintosh; U; Intel Mac OS X 10_4_11; fr) AppleWebKit/531.22.7 (KHTML, like Gecko) Version/4.0.5 Safari/531.22.7"
56.308.46.687 - - [29/Oct/2011:05:00:12 -0500] "GET /products HTTP/1.1" 200 0 "/products" "Mozilla/5.0 (Macintosh; U; Intel Mac OS X 10_4_11; fr) AppleWebKit/531.22.7 (KHTML, like Gecko) Version/4.0.5 Safari/531.22.7"
56.308.46.687 - - [29/Oct/2011:05:00:24 -0500] "GET /product/product6 HTTP/1.1" 200 0 "/products" "Mozilla/5.0 (Macintosh; U; Intel Mac OS X 10_4_11; fr) AppleWebKit/531.22.7 (KHTML, like Gecko) Version/4.0.5 Safari/531.22.7"
56.308.46.687 - - [29/Oct/2011:05:00:26 -0500] "GET /product/product6 HTTP/1.1" 200 0 "/product/product6" "Mozilla/5.0 (Macintosh; U; Intel Mac OS X 10_4_11; fr) AppleWebKit/531.22.7 (KHTML, like Gecko) Version/4.0.5 Safari/531.22.7"
56.308.46.687 - - [29/Oct/2011:05:01:03 -0500] "GET /partners HTTP/1.1" 200 0 "/product/product6" "Mozilla/5.0 (Macintosh; U; Intel Mac OS X 10_4_11; fr) AppleWebKit/531.22.7 (KHTML, like Gecko) Version/4.0.5 Safari/531.22.7"
56.308.46.687 - - [29/Oct/2011:05:01:04 -0500] "GET /partners HTTP/1.1" 200 0 "/partners" "Mozilla/5.0 (Macintosh; U; Intel Mac OS X 10_4_11; fr) AppleWebKit/531.22.7 (KHTML, like Gecko) Version/4.0.5 Safari/531.22.7"
56.308.46.687 - - [29/Oct/2011:05:01:14 -0500] "GET /partners HTTP/1.1" 200 0 "/partners" "Mozilla/5.0 (Macintosh; U; Intel Mac OS X 10_4_11; fr) AppleWebKit/531.22.7 (KHTML, like Gecko) Version/4.0.5 Safari/531.22.7"
56.308.46.687 - - [29/Oct/2011:05:01:17 -0500] "GET /partners HTTP/1.1" 200 0 "/partners" "Mozilla/5.0 (Macintosh; U; Intel Mac OS X 10_4_11; fr) AppleWebKit/531.22.7 (KHTML, like Gecko) Version/4.0.5 Safari/531.22.7"
56.308.46.687 - - [29/Oct/2011:05:01:28 -0500] "GET /partners/integrators HTTP/1.1" 200 0 "/partners" "Mozilla/5.0 (Macintosh; U; Intel Mac OS X 10_4_11; fr) AppleWebKit/531.22.7 (KHTML, like Gecko) Version/4.0.5 Safari/531.22.7"
56.308.46.687 - - [29/Oct/2011:05:01:30 -0500] "GET /partners/integrators HTTP/1.1" 200 0 "/partners/integrators" "Mozilla/5.0 (Macintosh; U; Intel Mac OS X 10_4_11; fr) AppleWebKit/531.22.7 (KHTML, like Gecko) Version/4.0.5 Safari/531.22.7"
56.308.46.687 - - [29/Oct/2011:05:01:50 -0500] "GET /partners/resell HTTP/1.1" 200 0 "/partners/integrators" "Mozilla/5.0 (Macintosh; U; Intel Mac OS X 10_4_11; fr) AppleWebKit/531.22.7 (KHTML, like Gecko) Version/4.0.5 Safari/531.22.7"
56.308.46.687 - - [29/Oct/2011:05:01:53 -0500] "GET /partners/resell HTTP/1.1" 200 0 "/partners/resell" "Mozilla/5.0 (Macintosh; U; Intel Mac OS X 10_4_11; fr) AppleWebKit/531.22.7 (KHTML, like Gecko) Version/4.0.5 Safari/531.22.7"
56.308.46.687 - - [29/Oct/2011:05:02:21 -0500] "GET /partners/resell HTTP/1.1" 200 0 "/partners/resell" "Mozilla/5.0 (Macintosh; U; Intel Mac OS X 10_4_11; fr) AppleWebKit/531.22.7 (KHTML, like Gecko) Version/4.0.5 Safari/531.22.7"
363.642.621.12 - - [29/Oct/2011:05:03:25 -0500] "GET /products HTTP/1.1" 200 0 "/docs/doc9.pdf" "Mozilla/5.0 (Windows; U; Windows NT 5.1; es-ES; rv:1.9.1.9) Gecko/20100315 Firefox/3.5.9 ( .NET CLR 3.5.30729)"
363.642.621.12 - - [29/Oct/2011:05:03:27 -0500] "GET /products HTTP/1.1" 200 0 "/products" "Mozilla/5.0 (Windows; U; Windows NT 5.1; es-ES; rv:1.9.1.9) Gecko/20100315 Firefox/3.5.9 ( .NET CLR 3.5.30729)"
636.682.623.36 - - [29/Oct/2011:05:11:00 -0500] "GET /home HTTP/1.1" 200 0 "-" "Mozilla/5.0"
325.87.75.336 - - [29/Oct/2011:05:15:30 -0500] "GET /demo HTTP/1.1" 200 0 "-" "Jakarta Commons-HttpClient/3.0-rc4"
325.87.75.336 - - [29/Oct/2011:05:15:30 -0500] "GET /demo HTTP/1.1" 200 0 "/demo" "Jakarta Commons-HttpClient/3.0-rc4"
325.87.75.336 - - [29/Oct/2011:05:20:30 -0500] "GET /demo HTTP/1.1" 200 0 "/demo" "Jakarta Commons-HttpClient/3.0-rc4"
325.87.75.336 - - [29/Oct/2011:05:20:30 -0500] "GET /demo HTTP/1.1" 200 0 "/demo" "Jakarta Commons-HttpClient/3.0-rc4"
55.12.03.04 - - [29/Oct/2011:05:26:30 -0500] "GET /products HTTP/1.1" 200 0 "-" "Mozilla/5.0 (Windows; U; Windows NT 5.1; it; rv:1.9) Gecko/2008052906 Firefox/3.0 (.NET CLR 3.5.30729)"
55.12.03.04 - - [29/Oct/2011:05:26:31 -0500] "GET /products HTTP/1.1" 200 0 "/products" "Mozilla/5.0 (Windows; U; Windows NT 5.1; it; rv:1.9) Gecko/2008052906 Firefox/3.0 (.NET CLR 3.5.30729)"
55.12.03.04 - - [29/Oct/2011:05:26:53 -0500] "GET /buy HTTP/1.1" 200 0 "/products" "Mozilla/5.0 (Windows; U; Windows NT 5.1; it; rv:1.9) Gecko/2008052906 Firefox/3.0 (.NET CLR 3.5.30729)"
55.12.03.04 - - [29/Oct/2011:05:26:54 -0500] "GET /buy HTTP/1.1" 200 0 "/buy" "Mozilla/5.0 (Windows; U; Windows NT 5.1; it; rv:1.9) Gecko/2008052906 Firefox/3.0 (.NET CLR 3.5.30729)"
55.12.03.04 - - [29/Oct/2011:05:27:35 -0500] "GET /products HTTP/1.1" 200 0 "/buy" "Mozilla/5.0 (Windows; U; Windows NT 5.1; it; rv:1.9) Gecko/2008052906 Firefox/3.0 (.NET CLR 3.5.30729)"
324.01.67.58 - - [29/Oct/2011:05:31:30 -0500] "GET /about/customers HTTP/1.1" 200 0 "-" "msnbot/2.0b (+http://search.msn.com/msnbot.htm)"
13.53.52.13 - - [29/Oct/2011:05:32:30 -0500] "GET /demo HTTP/1.1" 200 0 "-" "Jakarta Commons-HttpClient/3.0-rc4"
13.53.52.13 - - [29/Oct/2011:05:35:30 -0500] "GET /demo HTTP/1.1" 200 0 "/demo" "Jakarta Commons-HttpClient/3.0-rc4"
368.10.70.87 - - [29/Oct/2011:05:38:00 -0500] "GET /news/releases/may HTTP/1.1" 200 0 "-" "Mozilla/5.0 (X11; U; Linux i686; en-US; rv:1.9.2.3) Gecko/20100401 Firefox/3.6.3"
636.303.02.62 - - [29/Oct/2011:05:52:00 -0500] "GET /contact HTTP/1.1" 200 0 "-" "Mozilla/4.0 (compatible; MSIE 8.0; Windows NT 6.1; Trident/4.0; SLCC2; .NET CLR 2.0.50727; .NET CLR 3.5.30729; .NET CLR 3.0.30729; Media Center PC 6.0; InfoPath.2)"
636.303.02.62 - - [29/Oct/2011:05:52:04 -0500] "GET /contact HTTP/1.1" 200 0 "/contact" "Mozilla/4.0 (compatible; MSIE 8.0; Windows NT 6.1; Trident/4.0; SLCC2; .NET CLR 2.0.50727; .NET CLR 3.5.30729; .NET CLR 3.0.30729; Media Center PC 6.0; InfoPath.2)"
48.642.10.54 - - [29/Oct/2011:05:55:30 -0500] "GET /demo HTTP/1.1" 200 0 "-" "Jakarta Commons-HttpClient/3.0-rc4"
48.642.10.54 - - [29/Oct/2011:05:55:31 -0500] "GET /demo HTTP/1.1" 200 0 "/demo" "Jakarta Commons-HttpClient/3.0-rc4"
48.642.10.54 - - [29/Oct/2011:05:55:47 -0500] "GET /demo HTTP/1.1" 200 0 "/demo" "Jakarta Commons-HttpClient/3.0-rc4"
48.642.10.54 - - [29/Oct/2011:05:55:48 -0500] "GET /demo HTTP/1.1" 200 0 "/demo" "Jakarta Commons-HttpClient/3.0-rc4"
361.631.17.30 - - [29/Oct/2011:05:58:30 -0500] "GET /demo HTTP/1.1" 200 0 "-" "Jakarta Commons-HttpClient/3.0-rc4"
361.631.17.30 - - [29/Oct/2011:05:58:31 -0500] "GET /demo HTTP/1.1" 200 0 "/demo" "Jakarta Commons-HttpClient/3.0-rc4"
361.631.17.30 - - [29/Oct/2011:05:58:31 -0500] "GET /demo HTTP/1.1" 200 0 "/demo" "Jakarta Commons-HttpClient/3.0-rc4"
361.631.17.30 - - [29/Oct/2011:05:58:32 -0500] "GET /demo HTTP/1.1" 200 0 "/demo" "Jakarta Commons-HttpClient/3.0-rc4"
672.683.656.605 - - [29/Oct/2011:05:59:00 -0500] "GET /download HTTP/1.1" 200 0 "-" "Mozilla/4.0 (compatible; MSIE 8.0; Windows NT 5.1; Trident/4.0; InfoPath.1; .NET CLR 1.1.4322; .NET CLR 2.0.50727; .NET CLR 3.0.4506.2152; .NET CLR 3.5.30729)"
672.683.656.605 - - [29/Oct/2011:05:59:02 -0500] "GET /download HTTP/1.1" 200 0 "/download" "Mozilla/4.0 (compatible; MSIE 8.0; Windows NT 5.1; Trident/4.0; InfoPath.1; .NET CLR 1.1.4322; .NET CLR 2.0.50727; .NET CLR 3.0.4506.2152; .NET CLR 3.5.30729)"
672.683.656.605 - - [29/Oct/2011:05:59:19 -0500] "GET /about/customers HTTP/1.1" 200 0 "/download" "Mozilla/4.0 (compatible; MSIE 8.0; Windows NT 5.1; Trident/4.0; InfoPath.1; .NET CLR 1.1.4322; .NET CLR 2.0.50727; .NET CLR 3.0.4506.2152; .NET CLR 3.5.30729)"
361.631.17.30 - - [29/Oct/2011:05:59:30 -0500] "GET /demo HTTP/1.1" 200 0 "/demo" "Jakarta Commons-HttpClient/3.0-rc4"
361.631.17.30 - - [29/Oct/2011:05:59:30 -0500] "GET /demo HTTP/1.1" 200 0 "/demo" "Jakarta Commons-HttpClient/3.0-rc4"
361.631.17.30 - - [29/Oct/2011:05:59:31 -0500] "GET /demo HTTP/1.1" 200 0 "/demo" "Jakarta Commons-HttpClient/3.0-rc4"
361.631.17.30 - - [29/Oct/2011:05:59:32 -0500] "GET /demo HTTP/1.1" 200 0 "/demo" "Jakarta Commons-HttpClient/3.0-rc4"
672.683.656.605 - - [29/Oct/2011:05:59:52 -0500] "GET /about/customers HTTP/1.1" 200 0 "/about/customers" "Mozilla/4.0 (compatible; MSIE 8.0; Windows NT 5.1; Trident/4.0; InfoPath.1; .NET CLR 1.1.4322; .NET CLR 2.0.50727; .NET CLR 3.0.4506.2152; .NET CLR 3.5.30729)"
672.683.656.605 - - [29/Oct/2011:05:59:53 -0500] "GET /about/customers HTTP/1.1" 200 0 "/about/customers" "Mozilla/4.0 (compatible; MSIE 8.0; Windows NT 5.1; Trident/4.0; InfoPath.1; .NET CLR 1.1.4322; .NET CLR 2.0.50727; .NET CLR 3.0.4506.2152; .NET CLR 3.5.30729)"
361.631.17.30 - - [29/Oct/2011:06:00:30 -0500] "GET /demo HTTP/1.1" 200 0 "/demo" "Jakarta Commons-HttpClient/3.0-rc4"
361.631.17.30 - - [29/Oct/2011:06:00:31 -0500] "GET /demo HTTP/1.1" 200 0 "/demo" "Jakarta Commons-HttpClient/3.0-rc4"
361.631.17.30 - - [29/Oct/2011:06:00:31 -0500] "GET /demo HTTP/1.1" 200 0 "/demo" "Jakarta Commons-HttpClient/3.0-rc4"
361.631.17.30 - - [29/Oct/2011:06:00:32 -0500] "GET /demo HTTP/1.1" 200 0 "/demo" "Jakarta Commons-HttpClient/3.0-rc4"
672.683.656.605 - - [29/Oct/2011:06:01:06 -0500] "GET /about/customers HTTP/1.1" 200 0 "/about/customers" "Mozilla/4.0 (compatible; MSIE 8.0; Windows NT 5.1; Trident/4.0; InfoPath.1; .NET CLR 1.1.4322; .NET CLR 2.0.50727; .NET CLR 3.0.4506.2152; .NET CLR 3.5.30729)"
361.638.668.00 - - [29/Oct/2011:06:01:30 -0500] "GET /home HTTP/1.1" 200 0 "-" "Mozilla/5.0 (Twiceler-0.9 http://www.cuil.com/twiceler/robot.html)"
361.631.17.30 - - [29/Oct/2011:06:01:30 -0500] "GET /demo HTTP/1.1" 200 0 "/demo" "Jakarta Commons-HttpClient/3.0-rc4"
361.631.17.30 - - [29/Oct/2011:06:01:31 -0500] "GET /demo HTTP/1.1" 200 0 "/demo" "Jakarta Commons-HttpClient/3.0-rc4"
361.631.17.30 - - [29/Oct/2011:06:01:31 -0500] "GET /demo HTTP/1.1" 200 0 "/demo" "Jakarta Commons-HttpClient/3.0-rc4"
361.631.17.30 - - [29/Oct/2011:06:01:32 -0500] "GET /demo HTTP/1.1" 200 0 "/demo" "Jakarta Commons-HttpClient/3.0-rc4"
672.683.656.605 - - [29/Oct/2011:06:01:36 -0500] "GET /partners HTTP/1.1" 200 0 "/about/customers" "Mozilla/4.0 (compatible; MSIE 8.0; Windows NT 5.1; Trident/4.0; InfoPath.1; .NET CLR 1.1.4322; .NET CLR 2.0.50727; .NET CLR 3.0.4506.2152; .NET CLR 3.5.30729)"
361.631.17.30 - - [29/Oct/2011:06:02:31 -0500] "GET /demo HTTP/1.1" 200 0 "/demo" "Jakarta Commons-HttpClient/3.0-rc4"
361.631.17.30 - - [29/Oct/2011:06:02:31 -0500] "GET /demo HTTP/1.1" 200 0 "/demo" "Jakarta Commons-HttpClient/3.0-rc4"
361.631.17.30 - - [29/Oct/2011:06:02:31 -0500] "GET /demo HTTP/1.1" 200 0 "/demo" "Jakarta Commons-HttpClient/3.0-rc4"
361.631.17.30 - - [29/Oct/2011:06:02:33 -0500] "GET /demo HTTP/1.1" 200 0 "/demo" "Jakarta Commons-HttpClient/3.0-rc4"
672.683.656.605 - - [29/Oct/2011:06:03:07 -0500] "GET /partners HTTP/1.1" 200 0 "/partners" "Mozilla/4.0 (compatible; MSIE 8.0; Windows NT 5.1; Trident/4.0; InfoPath.1; .NET CLR 1.1.4322; .NET CLR 2.0.50727; .NET CLR 3.0.4506.2152; .NET CLR 3.5.30729)"
672.683.656.605 - - [29/Oct/2011:06:03:22 -0500] "GET /partners/resell HTTP/1.1" 200 0 "/partners" "Mozilla/4.0 (compatible; MSIE 8.0; Windows NT 5.1; Trident/4.0; InfoPath.1; .NET CLR 1.1.4322; .NET CLR 2.0.50727; .NET CLR 3.0.4506.2152; .NET CLR 3.5.30729)"
361.631.17.30 - - [29/Oct/2011:06:03:30 -0500] "GET /demo HTTP/1.1" 200 0 "/demo" "Jakarta Commons-HttpClient/3.0-rc4"
323.676.627.676 - - [29/Oct/2011:06:06:00 -0500] "GET /product/product12 HTTP/1.1" 200 0 "-" "Mozilla/5.0 (Windows; U; Windows NT 5.1; en-US) AppleWebKit/532.5 (KHTML, like Gecko) Chrome/4.1.249.1064 Safari/532.5"
323.676.627.676 - - [29/Oct/2011:06:06:08 -0500] "GET /product/product12 HTTP/1.1" 200 0 "/product/product12" "Mozilla/5.0 (Windows; U; Windows NT 5.1; en-US) AppleWebKit/532.5 (KHTML, like Gecko) Chrome/4.1.249.1064 Safari/532.5"
323.676.627.676 - - [29/Oct/2011:06:06:59 -0500] "GET /buy HTTP/1.1" 200 0 "/product/product12" "Mozilla/5.0 (Windows; U; Windows NT 5.1; en-US) AppleWebKit/532.5 (KHTML, like Gecko) Chrome/4.1.249.1064 Safari/532.5"
53.667.16.82 - - [29/Oct/2011:06:07:00 -0500] "GET /demo HTTP/1.1" 200 0 "-" "Jakarta Commons-HttpClient/3.0-rc4"
323.676.627.676 - - [29/Oct/2011:06:07:03 -0500] "GET /buy HTTP/1.1" 200 0 "/buy" "Mozilla/5.0 (Windows; U; Windows NT 5.1; en-US) AppleWebKit/532.5 (KHTML, like Gecko) Chrome/4.1.249.1064 Safari/532.5"
323.676.627.676 - - [29/Oct/2011:06:07:15 -0500] "GET /buy HTTP/1.1" 200 0 "/buy" "Mozilla/5.0 (Windows; U; Windows NT 5.1; en-US) AppleWebKit/532.5 (KHTML, like Gecko) Chrome/4.1.249.1064 Safari/532.5"
323.676.627.676 - - [29/Oct/2011:06:07:22 -0500] "GET /buy HTTP/1.1" 200 0 "/buy" "Mozilla/5.0 (Windows; U; Windows NT 5.1; en-US) AppleWebKit/532.5 (KHTML, like Gecko) Chrome/4.1.249.1064 Safari/532.5"
323.676.627.676 - - [29/Oct/2011:06:07:38 -0500] "GET /download HTTP/1.1" 200 0 "/buy" "Mozilla/5.0 (Windows; U; Windows NT 5.1; en-US) AppleWebKit/532.5 (KHTML, like Gecko) Chrome/4.1.249.1064 Safari/532.5"
323.676.627.676 - - [29/Oct/2011:06:07:40 -0500] "GET /download HTTP/1.1" 200 0 "/download" "Mozilla/5.0 (Windows; U; Windows NT 5.1; en-US) AppleWebKit/532.5 (KHTML, like Gecko) Chrome/4.1.249.1064 Safari/532.5"
53.667.16.82 - - [29/Oct/2011:06:11:07 -0500] "GET /demo HTTP/1.1" 200 0 "/demo" "Jakarta Commons-HttpClient/3.0-rc4"
52.636.6.77 - - [29/Oct/2011:06:16:30 -0500] "GET /feeds/press HTTP/1.1" 200 0 "-" "Apple-PubSub/65.12.1"
364.365.66.1 - - [29/Oct/2011:06:30:00 -0500] "GET /demo HTTP/1.1" 200 0 "-" "Jakarta Commons-HttpClient/3.0-rc4"
363.652.18.65 - - [29/Oct/2011:06:30:30 -0500] "GET /demo HTTP/1.1" 200 0 "-" "Jakarta Commons-HttpClient/3.0-rc4"
363.652.18.65 - - [29/Oct/2011:06:31:34 -0500] "GET /demo HTTP/1.1" 200 0 "/demo" "Jakarta Commons-HttpClient/3.0-rc4"
363.652.18.65 - - [29/Oct/2011:06:32:29 -0500] "GET /demo HTTP/1.1" 200 0 "/demo" "Jakarta Commons-HttpClient/3.0-rc4"
324.01.320.686 - - [29/Oct/2011:06:33:00 -0500] "GET /team HTTP/1.1" 200 0 "-" "msnbot/2.0b (+http://search.msn.com/msnbot.htm)"
363.652.18.65 - - [29/Oct/2011:06:33:32 -0500] "GET /demo HTTP/1.1" 200 0 "/demo" "Jakarta Commons-HttpClient/3.0-rc4"
363.652.18.65 - - [29/Oct/2011:06:34:30 -0500] "GET /demo HTTP/1.1" 200 0 "/demo" "Jakarta Commons-HttpClient/3.0-rc4"
668.53.638.303 - - [29/Oct/2011:06:36:00 -0500] "GET /demo HTTP/1.1" 200 0 "-" "Jakarta Commons-HttpClient/3.0-rc4"
668.53.638.303 - - [29/Oct/2011:06:36:00 -0500] "GET /demo HTTP/1.1" 200 0 "/demo" "Jakarta Commons-HttpClient/3.0-rc4"
668.53.638.303 - - [29/Oct/2011:06:36:01 -0500] "GET /demo HTTP/1.1" 200 0 "/demo" "Jakarta Commons-HttpClient/3.0-rc4"
668.53.638.303 - - [29/Oct/2011:06:36:02 -0500] "GET /demo HTTP/1.1" 200 0 "/demo" "Jakarta Commons-HttpClient/3.0-rc4"
668.53.638.303 - - [29/Oct/2011:06:36:03 -0500] "GET /demo HTTP/1.1" 200 0 "/demo" "Jakarta Commons-HttpClient/3.0-rc4"
668.53.638.303 - - [29/Oct/2011:06:36:05 -0500] "GET /demo HTTP/1.1" 200 0 "/demo" "Jakarta Commons-HttpClient/3.0-rc4"
668.53.638.303 - - [29/Oct/2011:06:36:06 -0500] "GET /demo HTTP/1.1" 200 0 "/demo" "Jakarta Commons-HttpClient/3.0-rc4"
668.53.638.303 - - [29/Oct/2011:06:36:07 -0500] "GET /demo HTTP/1.1" 200 0 "/demo" "Jakarta Commons-HttpClient/3.0-rc4"
668.53.638.303 - - [29/Oct/2011:06:36:08 -0500] "GET /demo HTTP/1.1" 200 0 "/demo" "Jakarta Commons-HttpClient/3.0-rc4"
668.53.638.303 - - [29/Oct/2011:06:36:09 -0500] "GET /demo HTTP/1.1" 200 0 "/demo" "Jakarta Commons-HttpClient/3.0-rc4"
668.53.638.303 - - [29/Oct/2011:06:36:10 -0500] "GET /demo HTTP/1.1" 200 0 "/demo" "Jakarta Commons-HttpClient/3.0-rc4"
668.53.638.303 - - [29/Oct/2011:06:36:11 -0500] "GET /demo HTTP/1.1" 200 0 "/demo" "Jakarta Commons-HttpClient/3.0-rc4"
668.53.638.303 - - [29/Oct/2011:06:36:12 -0500] "GET /demo HTTP/1.1" 200 0 "/demo" "Jakarta Commons-HttpClient/3.0-rc4"
668.53.638.303 - - [29/Oct/2011:06:36:14 -0500] "GET /demo HTTP/1.1" 200 0 "/demo" "Jakarta Commons-HttpClient/3.0-rc4"
668.53.638.303 - - [29/Oct/2011:06:36:15 -0500] "GET /demo HTTP/1.1" 200 0 "/demo" "Jakarta Commons-HttpClient/3.0-rc4"
668.53.638.303 - - [29/Oct/2011:06:36:16 -0500] "GET /demo HTTP/1.1" 200 0 "/demo" "Jakarta Commons-HttpClient/3.0-rc4"
668.53.638.303 - - [29/Oct/2011:06:36:17 -0500] "GET /demo HTTP/1.1" 200 0 "/demo" "Jakarta Commons-HttpClient/3.0-rc4"
668.53.638.303 - - [29/Oct/2011:06:36:18 -0500] "GET /demo HTTP/1.1" 200 0 "/demo" "Jakarta Commons-HttpClient/3.0-rc4"
668.53.638.303 - - [29/Oct/2011:06:36:19 -0500] "GET /demo HTTP/1.1" 200 0 "/demo" "Jakarta Commons-HttpClient/3.0-rc4"
668.53.638.303 - - [29/Oct/2011:06:36:24 -0500] "GET /demo HTTP/1.1" 200 0 "/demo" "Jakarta Commons-HttpClient/3.0-rc4"
668.53.638.303 - - [29/Oct/2011:06:36:25 -0500] "GET /demo HTTP/1.1" 200 0 "/demo" "Jakarta Commons-HttpClient/3.0-rc4"
668.53.638.303 - - [29/Oct/2011:06:36:26 -0500] "GET /demo HTTP/1.1" 200 0 "/demo" "Jakarta Commons-HttpClient/3.0-rc4"
668.53.638.303 - - [29/Oct/2011:06:36:27 -0500] "GET /demo HTTP/1.1" 200 0 "/demo" "Jakarta Commons-HttpClient/3.0-rc4"
668.53.638.303 - - [29/Oct/2011:06:36:29 -0500] "GET /demo HTTP/1.1" 200 0 "/demo" "Jakarta Commons-HttpClient/3.0-rc4"
668.53.638.303 - - [29/Oct/2011:06:36:30 -0500] "GET /demo HTTP/1.1" 200 0 "/demo" "Jakarta Commons-HttpClient/3.0-rc4"
668.53.638.303 - - [29/Oct/2011:06:36:31 -0500] "GET /demo HTTP/1.1" 200 0 "/demo" "Jakarta Commons-HttpClient/3.0-rc4"
668.53.638.303 - - [29/Oct/2011:06:36:32 -0500] "GET /demo HTTP/1.1" 200 0 "/demo" "Jakarta Commons-HttpClient/3.0-rc4"
668.53.638.303 - - [29/Oct/2011:06:36:33 -0500] "GET /demo HTTP/1.1" 200 0 "/demo" "Jakarta Commons-HttpClient/3.0-rc4"
668.53.638.303 - - [29/Oct/2011:06:36:34 -0500] "GET /demo HTTP/1.1" 200 0 "/demo" "Jakarta Commons-HttpClient/3.0-rc4"
668.53.638.303 - - [29/Oct/2011:06:36:35 -0500] "GET /demo HTTP/1.1" 200 0 "/demo" "Jakarta Commons-HttpClient/3.0-rc4"
668.53.638.303 - - [29/Oct/2011:06:36:36 -0500] "GET /demo HTTP/1.1" 200 0 "/demo" "Jakarta Commons-HttpClient/3.0-rc4"
668.53.638.303 - - [29/Oct/2011:06:36:38 -0500] "GET /demo HTTP/1.1" 200 0 "/demo" "Jakarta Commons-HttpClient/3.0-rc4"
80.618.05.382 - - [29/Oct/2011:06:41:30 -0500] "GET /news HTTP/1.1" 200 0 "-" "Mozilla/5.0 (Windows; U; Windows NT 5.1; en-US; rv:1.9.2.3) Gecko/20100401 Firefox/3.6.3 ( .NET CLR 3.5.30729)"
80.618.05.382 - - [29/Oct/2011:06:41:31 -0500] "GET /news HTTP/1.1" 200 0 "/news" "Mozilla/5.0 (Windows; U; Windows NT 5.1; en-US; rv:1.9.2.3) Gecko/20100401 Firefox/3.6.3 ( .NET CLR 3.5.30729)"
80.618.05.382 - - [29/Oct/2011:06:41:35 -0500] "GET /news HTTP/1.1" 200 0 "/news" "Mozilla/5.0 (Windows; U; Windows NT 5.1; en-US; rv:1.9.2.3) Gecko/20100401 Firefox/3.6.3 ( .NET CLR 3.5.30729)"
80.618.05.382 - - [29/Oct/2011:06:41:35 -0500] "GET /news HTTP/1.1" 200 0 "/news" "Mozilla/5.0 (Windows; U; Windows NT 5.1; en-US; rv:1.9.2.3) Gecko/20100401 Firefox/3.6.3 ( .NET CLR 3.5.30729)"
80.618.05.382 - - [29/Oct/2011:06:41:35 -0500] "GET /news HTTP/1.1" 200 0 "/news" "Mozilla/5.0 (Windows; U; Windows NT 5.1; en-US; rv:1.9.2.3) Gecko/20100401 Firefox/3.6.3 ( .NET CLR 3.5.30729)"
80.618.05.382 - - [29/Oct/2011:06:45:24 -0500] "GET /news/releases/may HTTP/1.1" 200 0 "/news" "Mozilla/5.0 (Windows; U; Windows NT 5.1; en-US; rv:1.9.2.3) Gecko/20100401 Firefox/3.6.3 ( .NET CLR 3.5.30729)"
80.618.05.382 - - [29/Oct/2011:06:45:24 -0500] "GET /news/releases/may HTTP/1.1" 200 0 "/news/releases/may" "Mozilla/5.0 (Windows; U; Windows NT 5.1; en-US; rv:1.9.2.3) Gecko/20100401 Firefox/3.6.3 ( .NET CLR 3.5.30729)"
630.630.368.382 - - [29/Oct/2011:06:51:00 -0500] "GET /product/product1 HTTP/1.1" 200 0 "-" "Mozilla/4.0 (compatible; MSIE 7.0; Windows NT 6.0; SLCC1; .NET CLR 2.0.50727; .NET CLR 1.1.4322; InfoPath.1; .NET CLR 3.5.30729; .NET CLR 3.0.30618)"
630.630.368.382 - - [29/Oct/2011:06:51:00 -0500] "GET /product/product1 HTTP/1.1" 200 0 "/product/product1" "Mozilla/4.0 (compatible; MSIE 7.0; Windows NT 6.0; SLCC1; .NET CLR 2.0.50727; .NET CLR 1.1.4322; InfoPath.1; .NET CLR 3.5.30729; .NET CLR 3.0.30618)"
630.630.368.382 - - [29/Oct/2011:06:53:00 -0500] "GET /events/event7 HTTP/1.1" 200 0 "/product/product1" "Mozilla/4.0 (compatible; MSIE 7.0; Windows NT 6.0; SLCC1; .NET CLR 2.0.50727; .NET CLR 1.1.4322; InfoPath.1; .NET CLR 3.5.30729; .NET CLR 3.0.30618)"
683.615.622.618 - - [29/Oct/2011:06:53:00 -0500] "GET /partners/resell HTTP/1.1" 200 0 "-" "null"
683.615.622.618 - - [29/Oct/2011:06:53:00 -0500] "GET /partners/resell HTTP/1.1" 200 0 "/partners/resell" "null"
683.615.622.618 - - [29/Oct/2011:06:53:00 -0500] "GET /partners/resell HTTP/1.1" 200 0 "/partners/resell" "null"
683.615.622.618 - - [29/Oct/2011:06:53:00 -0500] "GET /partners/resell HTTP/1.1" 200 0 "/partners/resell" "null"
683.615.622.618 - - [29/Oct/2011:06:53:00 -0500] "GET /partners/resell HTTP/1.1" 200 0 "/partners/resell" "null"
683.615.622.618 - - [29/Oct/2011:06:53:00 -0500] "GET /partners/resell HTTP/1.1" 200 0 "/partners/resell" "null"
683.615.622.618 - - [29/Oct/2011:06:53:00 -0500] "GET /partners/resell HTTP/1.1" 200 0 "/partners/resell" "null"
683.615.622.618 - - [29/Oct/2011:06:53:00 -0500] "GET /partners/resell HTTP/1.1" 200 0 "/partners/resell" "null"
683.615.622.618 - - [29/Oct/2011:06:53:00 -0500] "GET /partners/resell HTTP/1.1" 200 0 "/partners/resell" "null"
683.615.622.618 - - [29/Oct/2011:06:53:00 -0500] "GET /partners/resell HTTP/1.1" 200 0 "/partners/resell" "null"
683.615.622.618 - - [29/Oct/2011:06:53:00 -0500] "GET /partners/resell HTTP/1.1" 200 0 "/partners/resell" "null"
683.615.622.618 - - [29/Oct/2011:06:53:00 -0500] "GET /partners/resell HTTP/1.1" 200 0 "/partners/resell" "null"
683.615.622.618 - - [29/Oct/2011:06:53:00 -0500] "GET /partners/resell HTTP/1.1" 200 0 "/partners/resell" "null"
683.615.622.618 - - [29/Oct/2011:06:53:00 -0500] "GET /partners/resell HTTP/1.1" 200 0 "/partners/resell" "null"
683.615.622.618 - - [29/Oct/2011:06:53:00 -0500] "GET /partners/resell HTTP/1.1" 200 0 "/partners/resell" "null"
683.615.622.618 - - [29/Oct/2011:06:53:00 -0500] "GET /partners/resell HTTP/1.1" 200 0 "/partners/resell" "null"
683.615.622.618 - - [29/Oct/2011:06:53:00 -0500] "GET /partners/resell HTTP/1.1" 200 0 "/partners/resell" "null"
683.615.622.618 - - [29/Oct/2011:06:53:00 -0500] "GET /partners/resell HTTP/1.1" 200 0 "/partners/resell" "null"
683.615.622.618 - - [29/Oct/2011:06:53:00 -0500] "GET /partners/resell HTTP/1.1" 200 0 "/partners/resell" "null"
683.615.622.618 - - [29/Oct/2011:06:53:00 -0500] "GET /partners/resell HTTP/1.1" 200 0 "/partners/resell" "null"
683.615.622.618 - - [29/Oct/2011:06:53:04 -0500] "GET /partners/resell HTTP/1.1" 200 0 "/partners/resell" "null"
683.615.622.618 - - [29/Oct/2011:06:53:04 -0500] "GET /partners/resell HTTP/1.1" 200 0 "/partners/resell" "null"
683.615.622.618 - - [29/Oct/2011:06:53:04 -0500] "GET /partners/resell HTTP/1.1" 200 0 "/partners/resell" "null"
683.615.622.618 - - [29/Oct/2011:06:53:04 -0500] "GET /partners/resell HTTP/1.1" 200 0 "/partners/resell" "null"
683.615.622.618 - - [29/Oct/2011:06:53:04 -0500] "GET /partners/resell HTTP/1.1" 200 0 "/partners/resell" "null"
683.615.622.618 - - [29/Oct/2011:06:53:04 -0500] "GET /partners/resell HTTP/1.1" 200 0 "/partners/resell" "null"
683.615.622.618 - - [29/Oct/2011:06:53:04 -0500] "GET /partners/resell HTTP/1.1" 200 0 "/partners/resell" "null"
683.615.622.618 - - [29/Oct/2011:06:53:04 -0500] "GET /partners/resell HTTP/1.1" 200 0 "/partners/resell" "null"
683.615.622.618 - - [29/Oct/2011:06:53:04 -0500] "GET /partners/resell HTTP/1.1" 200 0 "/partners/resell" "null"
683.615.622.618 - - [29/Oct/2011:06:53:04 -0500] "GET /partners/resell HTTP/1.1" 200 0 "/partners/resell" "null"
683.615.622.618 - - [29/Oct/2011:06:53:04 -0500] "GET /partners/resell HTTP/1.1" 200 0 "/partners/resell" "null"
683.615.622.618 - - [29/Oct/2011:06:53:04 -0500] "GET /partners/resell HTTP/1.1" 200 0 "/partners/resell" "null"
683.615.622.618 - - [29/Oct/2011:06:53:04 -0500] "GET /partners/resell HTTP/1.1" 200 0 "/partners/resell" "null"
683.615.622.618 - - [29/Oct/2011:06:53:04 -0500] "GET /partners/resell HTTP/1.1" 200 0 "/partners/resell" "null"
683.615.622.618 - - [29/Oct/2011:06:53:04 -0500] "GET /partners/resell HTTP/1.1" 200 0 "/partners/resell" "null"
683.615.622.618 - - [29/Oct/2011:06:53:04 -0500] "GET /partners/resell HTTP/1.1" 200 0 "/partners/resell" "null"
683.615.622.618 - - [29/Oct/2011:06:53:04 -0500] "GET /partners/resell HTTP/1.1" 200 0 "/partners/resell" "null"
683.615.622.618 - - [29/Oct/2011:06:53:04 -0500] "GET /partners/resell HTTP/1.1" 200 0 "/partners/resell" "null"
683.615.622.618 - - [29/Oct/2011:06:53:04 -0500] "GET /partners/resell HTTP/1.1" 200 0 "/partners/resell" "null"
683.615.622.618 - - [29/Oct/2011:06:53:04 -0500] "GET /partners/resell HTTP/1.1" 200 0 "/partners/resell" "null"
630.630.368.382 - - [29/Oct/2011:06:54:04 -0500] "GET /events/event9 HTTP/1.1" 200 0 "/events/event7" "Mozilla/4.0 (compatible; MSIE 7.0; Windows NT 6.0; SLCC1; .NET CLR 2.0.50727; .NET CLR 1.1.4322; InfoPath.1; .NET CLR 3.5.30729; .NET CLR 3.0.30618)"
683.615.622.618 - - [29/Oct/2011:06:57:19 -0500] "GET /partners/resell HTTP/1.1" 200 0 "/partners/resell" "null"
683.615.622.618 - - [29/Oct/2011:06:57:19 -0500] "GET /partners/resell HTTP/1.1" 200 0 "/partners/resell" "null"
683.615.622.618 - - [29/Oct/2011:06:57:19 -0500] "GET /partners/resell HTTP/1.1" 200 0 "/partners/resell" "null"
683.615.622.618 - - [29/Oct/2011:06:57:19 -0500] "GET /partners/resell HTTP/1.1" 200 0 "/partners/resell" "null"
683.615.622.618 - - [29/Oct/2011:06:57:19 -0500] "GET /partners/resell HTTP/1.1" 200 0 "/partners/resell" "null"
683.615.622.618 - - [29/Oct/2011:06:57:19 -0500] "GET /partners/resell HTTP/1.1" 200 0 "/partners/resell" "null"
683.615.622.618 - - [29/Oct/2011:06:57:19 -0500] "GET /partners/resell HTTP/1.1" 200 0 "/partners/resell" "null"
683.615.622.618 - - [29/Oct/2011:06:57:19 -0500] "GET /partners/resell HTTP/1.1" 200 0 "/partners/resell" "null"
683.615.622.618 - - [29/Oct/2011:06:57:19 -0500] "GET /partners/resell HTTP/1.1" 200 0 "/partners/resell" "null"
683.615.622.618 - - [29/Oct/2011:06:57:19 -0500] "GET /partners/resell HTTP/1.1" 200 0 "/partners/resell" "null"
683.615.622.618 - - [29/Oct/2011:06:57:19 -0500] "GET /partners/resell HTTP/1.1" 200 0 "/partners/resell" "null"
683.615.622.618 - - [29/Oct/2011:06:57:19 -0500] "GET /partners/resell HTTP/1.1" 200 0 "/partners/resell" "null"
683.615.622.618 - - [29/Oct/2011:06:57:19 -0500] "GET /partners/resell HTTP/1.1" 200 0 "/partners/resell" "null"
683.615.622.618 - - [29/Oct/2011:06:57:19 -0500] "GET /partners/resell HTTP/1.1" 200 0 "/partners/resell" "null"
683.615.622.618 - - [29/Oct/2011:06:57:19 -0500] "GET /partners/resell HTTP/1.1" 200 0 "/partners/resell" "null"
683.615.622.618 - - [29/Oct/2011:06:57:19 -0500] "GET /partners/resell HTTP/1.1" 200 0 "/partners/resell" "null"
683.615.622.618 - - [29/Oct/2011:06:57:19 -0500] "GET /partners/resell HTTP/1.1" 200 0 "/partners/resell" "null"
683.615.622.618 - - [29/Oct/2011:06:57:20 -0500] "GET /partners/resell HTTP/1.1" 200 0 "/partners/resell" "null"
683.615.622.618 - - [29/Oct/2011:06:57:20 -0500] "GET /partners/resell HTTP/1.1" 200 0 "/partners/resell" "null"
683.615.622.618 - - [29/Oct/2011:06:57:20 -0500] "GET /partners/resell HTTP/1.1" 200 0 "/partners/resell" "null"
50.387.627.70 - - [29/Oct/2011:07:10:00 -0500] "GET /product/product2 HTTP/1.1" 200 0 "-" "Mozilla/5.0 (Windows; U; Windows NT 5.1; ru; rv:1.9.1.9) Gecko/20100315 Firefox/3.5.9"
52.38.18.676 - - [29/Oct/2011:07:26:00 -0500] "GET /demo HTTP/1.1" 200 0 "-" "Jakarta Commons-HttpClient/3.0-rc4"
52.38.18.676 - - [29/Oct/2011:07:26:01 -0500] "GET /demo HTTP/1.1" 200 0 "/demo" "Jakarta Commons-HttpClient/3.0-rc4"
14.323.74.653 - - [29/Oct/2011:07:27:30 -0500] "GET /demo HTTP/1.1" 200 0 "-" "Jakarta Commons-HttpClient/3.0-rc4"
14.323.74.653 - - [29/Oct/2011:07:28:31 -0500] "GET /demo HTTP/1.1" 200 0 "/demo" "Jakarta Commons-HttpClient/3.0-rc4"
14.323.74.653 - - [29/Oct/2011:07:29:31 -0500] "GET /demo HTTP/1.1" 200 0 "/demo" "Jakarta Commons-HttpClient/3.0-rc4"
14.323.74.653 - - [29/Oct/2011:07:30:30 -0500] "GET /demo HTTP/1.1" 200 0 "/demo" "Jakarta Commons-HttpClient/3.0-rc4"
14.323.74.653 - - [29/Oct/2011:07:31:30 -0500] "GET /demo HTTP/1.1" 200 0 "/demo" "Jakarta Commons-HttpClient/3.0-rc4"
12.370.643.642 - - [29/Oct/2011:07:44:00 -0500] "GET /news/releases/june HTTP/1.1" 200 0 "-" "Mozilla/5.0 (Macintosh; U; Intel Mac OS X 10_6_3; en-us) AppleWebKit/531.21.11 (KHTML, like Gecko) Version/4.0.4 Safari/531.21.10"
12.370.643.642 - - [29/Oct/2011:07:44:08 -0500] "GET /news/releases/june HTTP/1.1" 200 0 "/news/releases/june" "Mozilla/5.0 (Macintosh; U; Intel Mac OS X 10_6_3; en-us) AppleWebKit/531.21.11 (KHTML, like Gecko) Version/4.0.4 Safari/531.21.10"
14.688.663.667 - - [29/Oct/2011:07:51:00 -0500] "GET /product/product6 HTTP/1.1" 200 0 "-" "Mozilla/5.0 (compatible; Yahoo! Slurp/3.0; http://help.yahoo.com/help/us/ysearch/slurp)"
56.308.46.687 - - [29/Oct/2011:07:52:30 -0500] "GET /partners HTTP/1.1" 200 0 "-" "Mozilla/5.0 (Macintosh; U; Intel Mac OS X 10_4_11; fr) AppleWebKit/531.22.7 (KHTML, like Gecko) Version/4.0.5 Safari/531.22.7"
56.308.46.687 - - [29/Oct/2011:07:52:31 -0500] "GET /partners HTTP/1.1" 200 0 "/partners" "Mozilla/5.0 (Macintosh; U; Intel Mac OS X 10_4_11; fr) AppleWebKit/531.22.7 (KHTML, like Gecko) Version/4.0.5 Safari/531.22.7"
56.308.46.687 - - [29/Oct/2011:07:52:32 -0500] "GET /product/product2 HTTP/1.1" 200 0 "/partners" "Mozilla/5.0 (Macintosh; U; Intel Mac OS X 10_4_11; fr) AppleWebKit/531.22.7 (KHTML, like Gecko) Version/4.0.5 Safari/531.22.7"
325.87.75.36 - - [29/Oct/2011:07:53:30 -0500] "GET /demo HTTP/1.1" 200 0 "-" "Jakarta Commons-HttpClient/3.0-rc4"
325.87.75.36 - - [29/Oct/2011:07:53:30 -0500] "GET /demo HTTP/1.1" 200 0 "/demo" "Jakarta Commons-HttpClient/3.0-rc4"
56.308.46.687 - - [29/Oct/2011:07:54:16 -0500] "GET /product/product2 HTTP/1.1" 200 0 "/product/product2" "Mozilla/5.0 (Macintosh; U; Intel Mac OS X 10_4_11; fr) AppleWebKit/531.22.7 (KHTML, like Gecko) Version/4.0.5 Safari/531.22.7"
56.308.46.687 - - [29/Oct/2011:07:54:39 -0500] "GET /partners HTTP/1.1" 200 0 "/product/product2" "Mozilla/5.0 (Macintosh; U; Intel Mac OS X 10_4_11; fr) AppleWebKit/531.22.7 (KHTML, like Gecko) Version/4.0.5 Safari/531.22.7"
56.308.46.687 - - [29/Oct/2011:07:54:40 -0500] "GET /partners HTTP/1.1" 200 0 "/partners" "Mozilla/5.0 (Macintosh; U; Intel Mac OS X 10_4_11; fr) AppleWebKit/531.22.7 (KHTML, like Gecko) Version/4.0.5 Safari/531.22.7"
56.308.46.687 - - [29/Oct/2011:07:54:42 -0500] "GET /ad/save HTTP/1.1" 200 0 "/partners" "Mozilla/5.0 (Macintosh; U; Intel Mac OS X 10_4_11; fr) AppleWebKit/531.22.7 (KHTML, like Gecko) Version/4.0.5 Safari/531.22.7"
56.308.46.687 - - [29/Oct/2011:07:54:43 -0500] "GET /ad/save HTTP/1.1" 200 0 "/ad/save" "Mozilla/5.0 (Macintosh; U; Intel Mac OS X 10_4_11; fr) AppleWebKit/531.22.7 (KHTML, like Gecko) Version/4.0.5 Safari/531.22.7"
56.308.46.687 - - [29/Oct/2011:07:55:59 -0500] "GET /promo HTTP/1.1" 200 0 "/ad/save" "Mozilla/5.0 (Macintosh; U; Intel Mac OS X 10_4_11; fr) AppleWebKit/531.22.7 (KHTML, like Gecko) Version/4.0.5 Safari/531.22.7"
