323.81.303.680 - - [25/Oct/2011:01:41:00 -0500] "GET /download/download6.zip HTTP/1.1" 200 0 "-" "Mozilla/5.0 (Windows; U; Windows NT 5.1; en-US; rv:1.9.0.19) Gecko/2010031422 Firefox/3.0.19"
668.667.44.3 - - [25/Oct/2011:07:38:30 -0500] "GET /download/download3.zip HTTP/1.1" 200 0 "-" "Mozilla/5.0 (X11; U; Linux i686; en-US; rv:1.8.0.12) Gecko/20070719 CentOS/1.5.0.12-3.el5.centos Firefox/1.5.0.12"
13.386.648.380 - - [25/Oct/2011:17:06:00 -0500] "GET /download/download6.zip HTTP/1.1" 200 0 "-" "Mozilla/4.0 (compatible; MSIE 8.0; Windows NT 5.1; Trident/4.0; GTB6.3; .NET CLR 1.1.4322; .NET CLR 2.0.50727; .NET CLR 3.0.04506.30; InfoPath.2)"
06.670.03.40 - - [26/Oct/2011:13:24:00 -0500] "GET /product/demos/product2 HTTP/1.1" 200 0 "-" "Mozilla/5.0 (Windows; U; Windows NT 6.1; en-US; rv:1.9.2.3) Gecko/20100401 Firefox/3.6.3"
18.656.618.46 - - [26/Oct/2011:17:15:30 -0500] "GET /download/download4.zip HTTP/1.1" 200 0 "-" "Mozilla/5.0 (Macintosh; U; Intel Mac OS X 10_6_3; en-us) AppleWebKit/531.22.7 (KHTML, like Gecko) Version/4.0.5 Safari/531.22.7"
14.688.663.667 - - [26/Oct/2011:21:02:30 -0500] "GET /news HTTP/1.1" 200 0 "-" "Mozilla/5.0 (compatible; Yahoo! Slurp/3.0; http://help.yahoo.com/help/us/ysearch/slurp)"
13.07.338.684 - - [26/Oct/2011:21:02:30 -0500] "GET /download HTTP/1.1" 200 0 "-" "Mozilla/4.0 (compatible; MSIE 8.0; Windows NT 6.0; Trident/4.0; SLCC1; .NET CLR 2.0.50727; Media Center PC 5.0; InfoPath.2; .NET CLR 3.5.30729; .NET CLR 3.0.30729; OfficeLiveConnector.1.4; OfficeLivePatch.1.3)"
14.688.663.667 - - [26/Oct/2011:21:02:30 -0500] "GET /news HTTP/1.1" 200 0 "/news" "Mozilla/5.0 (compatible; Yahoo! Slurp/3.0; http://help.yahoo.com/help/us/ysearch/slurp)"
688.615.03.332 - - [26/Oct/2011:21:02:30 -0500] "GET /product/product1 HTTP/1.1" 200 0 "-" "Mozilla/5.0 (Windows; U; Windows NT 6.0; en-US) AppleWebKit/532.5 (KHTML, like Gecko) Chrome/4.1.249.1064 Safari/532.5"
688.615.03.332 - - [26/Oct/2011:21:02:32 -0500] "GET /product/product1 HTTP/1.1" 200 0 "/product/product1" "Mozilla/5.0 (Windows; U; Windows NT 6.0; en-US) AppleWebKit/532.5 (KHTML, like Gecko) Chrome/4.1.249.1064 Safari/532.5"
688.615.03.332 - - [26/Oct/2011:21:02:34 -0500] "GET /products/demos HTTP/1.1" 200 0 "/product/product1" "Mozilla/5.0 (Windows; U; Windows NT 6.0; en-US) AppleWebKit/532.5 (KHTML, like Gecko) Chrome/4.1.249.1064 Safari/532.5"
13.07.338.684 - - [26/Oct/2011:21:02:37 -0500] "GET /download HTTP/1.1" 200 0 "/download" "Mozilla/4.0 (compatible; MSIE 8.0; Windows NT 6.0; Trident/4.0; SLCC1; .NET CLR 2.0.50727; Media Center PC 5.0; InfoPath.2; .NET CLR 3.5.30729; .NET CLR 3.0.30729; OfficeLiveConnector.1.4; OfficeLivePatch.1.3)"
55.3.658.53 - - [26/Oct/2011:21:06:30 -0500] "GET /buy HTTP/1.1" 200 0 "-" "Mozilla/5.0 (Windows; U; Windows NT 5.1; en-US) AppleWebKit/532.5 (KHTML, like Gecko) Chrome/4.1.249.1064 Safari/532.5"
55.3.658.53 - - [26/Oct/2011:21:06:56 -0500] "GET /buy HTTP/1.1" 200 0 "/buy" "Mozilla/5.0 (Windows; U; Windows NT 5.1; en-US) AppleWebKit/532.5 (KHTML, like Gecko) Chrome/4.1.249.1064 Safari/532.5"
14.323.74.653 - - [26/Oct/2011:21:07:00 -0500] "GET /demo HTTP/1.1" 200 0 "-" "Jakarta Commons-HttpClient/3.0-rc4"
14.323.74.653 - - [26/Oct/2011:21:08:00 -0500] "GET /demo HTTP/1.1" 200 0 "/demo" "Jakarta Commons-HttpClient/3.0-rc4"
14.323.74.653 - - [26/Oct/2011:21:09:00 -0500] "GET /demo HTTP/1.1" 200 0 "/demo" "Jakarta Commons-HttpClient/3.0-rc4"
14.323.74.653 - - [26/Oct/2011:21:10:03 -0500] "GET /demo HTTP/1.1" 200 0 "/demo" "Jakarta Commons-HttpClient/3.0-rc4"
53.667.16.82 - - [26/Oct/2011:21:10:30 -0500] "GET /demo HTTP/1.1" 200 0 "-" "Jakarta Commons-HttpClient/3.0-rc4"
14.323.74.653 - - [26/Oct/2011:21:11:03 -0500] "GET /demo HTTP/1.1" 200 0 "/demo" "Jakarta Commons-HttpClient/3.0-rc4"
53.667.16.82 - - [26/Oct/2011:21:14:20 -0500] "GET /demo HTTP/1.1" 200 0 "/demo" "Jakarta Commons-HttpClient/3.0-rc4"
53.667.16.82 - - [26/Oct/2011:21:15:30 -0500] "GET /demo HTTP/1.1" 200 0 "/demo" "Jakarta Commons-HttpClient/3.0-rc4"
367.84.337.612 - - [26/Oct/2011:21:15:30 -0500] "GET /demo HTTP/1.1" 200 0 "-" "Jakarta Commons-HttpClient/3.0-rc4"
52.10.330.7 - - [26/Oct/2011:21:16:00 -0500] "GET /product/product2 HTTP/1.1" 200 0 "-" "Mozilla/5.0 (Windows; U; Windows NT 5.1; en-US) AppleWebKit/532.5 (KHTML, like Gecko) Chrome/4.1.249.1064 Safari/532.5"
55.18.368.671 - - [26/Oct/2011:21:16:00 -0500] "GET /news HTTP/1.1" 200 0 "-" "Mozilla/5.0 (Windows; U; Windows NT 6.1; en-US) AppleWebKit/532.5 (KHTML, like Gecko) Chrome/4.1.249.1064 Safari/532.5"
52.10.330.7 - - [26/Oct/2011:21:16:03 -0500] "GET /product/product2 HTTP/1.1" 200 0 "/product/product2" "Mozilla/5.0 (Windows; U; Windows NT 5.1; en-US) AppleWebKit/532.5 (KHTML, like Gecko) Chrome/4.1.249.1064 Safari/532.5"
55.18.368.671 - - [26/Oct/2011:21:16:05 -0500] "GET /news HTTP/1.1" 200 0 "/news" "Mozilla/5.0 (Windows; U; Windows NT 6.1; en-US) AppleWebKit/532.5 (KHTML, like Gecko) Chrome/4.1.249.1064 Safari/532.5"
55.18.368.671 - - [26/Oct/2011:21:16:05 -0500] "GET /news HTTP/1.1" 200 0 "/news" "Mozilla/5.0 (Windows; U; Windows NT 6.1; en-US) AppleWebKit/532.5 (KHTML, like Gecko) Chrome/4.1.249.1064 Safari/532.5"
55.18.368.671 - - [26/Oct/2011:21:16:05 -0500] "GET /news HTTP/1.1" 200 0 "/news" "Mozilla/5.0 (Windows; U; Windows NT 6.1; en-US) AppleWebKit/532.5 (KHTML, like Gecko) Chrome/4.1.249.1064 Safari/532.5"
55.18.368.671 - - [26/Oct/2011:21:16:06 -0500] "GET /news HTTP/1.1" 200 0 "/news" "Mozilla/5.0 (Windows; U; Windows NT 6.1; en-US) AppleWebKit/532.5 (KHTML, like Gecko) Chrome/4.1.249.1064 Safari/532.5"
655.633.64.678 - - [26/Oct/2011:21:16:30 -0500] "GET /product/product2 HTTP/1.1" 200 0 "-" "Mozilla/5.0 (Windows; U; Windows NT 5.1; en-US) AppleWebKit/532.5 (KHTML, like Gecko) Chrome/4.1.249.1064 Safari/532.5"
52.10.330.7 - - [26/Oct/2011:21:16:31 -0500] "GET /buy HTTP/1.1" 200 0 "/product/product2" "Mozilla/5.0 (Windows; U; Windows NT 5.1; en-US) AppleWebKit/532.5 (KHTML, like Gecko) Chrome/4.1.249.1064 Safari/532.5"
655.633.64.678 - - [26/Oct/2011:21:16:33 -0500] "GET /product/product2 HTTP/1.1" 200 0 "/product/product2" "Mozilla/5.0 (Windows; U; Windows NT 5.1; en-US) AppleWebKit/532.5 (KHTML, like Gecko) Chrome/4.1.249.1064 Safari/532.5"
55.18.368.671 - - [26/Oct/2011:21:16:35 -0500] "GET /about HTTP/1.1" 200 0 "/news" "Mozilla/5.0 (Windows; U; Windows NT 6.1; en-US) AppleWebKit/532.5 (KHTML, like Gecko) Chrome/4.1.249.1064 Safari/532.5"
52.10.330.7 - - [26/Oct/2011:21:16:37 -0500] "GET /buy HTTP/1.1" 200 0 "/buy" "Mozilla/5.0 (Windows; U; Windows NT 5.1; en-US) AppleWebKit/532.5 (KHTML, like Gecko) Chrome/4.1.249.1064 Safari/532.5"
55.18.368.671 - - [26/Oct/2011:21:16:38 -0500] "GET /about HTTP/1.1" 200 0 "/about" "Mozilla/5.0 (Windows; U; Windows NT 6.1; en-US) AppleWebKit/532.5 (KHTML, like Gecko) Chrome/4.1.249.1064 Safari/532.5"
655.633.64.678 - - [26/Oct/2011:21:17:21 -0500] "GET /product/product12 HTTP/1.1" 200 0 "/product/product2" "Mozilla/5.0 (Windows; U; Windows NT 5.1; en-US) AppleWebKit/532.5 (KHTML, like Gecko) Chrome/4.1.249.1064 Safari/532.5"
655.633.64.678 - - [26/Oct/2011:21:17:23 -0500] "GET /product/product12 HTTP/1.1" 200 0 "/product/product12" "Mozilla/5.0 (Windows; U; Windows NT 5.1; en-US) AppleWebKit/532.5 (KHTML, like Gecko) Chrome/4.1.249.1064 Safari/532.5"
655.633.64.678 - - [26/Oct/2011:21:17:37 -0500] "GET /product/product4 HTTP/1.1" 200 0 "/product/product12" "Mozilla/5.0 (Windows; U; Windows NT 5.1; en-US) AppleWebKit/532.5 (KHTML, like Gecko) Chrome/4.1.249.1064 Safari/532.5"
655.633.64.678 - - [26/Oct/2011:21:17:39 -0500] "GET /product/product4 HTTP/1.1" 200 0 "/product/product4" "Mozilla/5.0 (Windows; U; Windows NT 5.1; en-US) AppleWebKit/532.5 (KHTML, like Gecko) Chrome/4.1.249.1064 Safari/532.5"
655.633.64.678 - - [26/Oct/2011:21:18:41 -0500] "GET /product/product3 HTTP/1.1" 200 0 "/product/product4" "Mozilla/5.0 (Windows; U; Windows NT 5.1; en-US) AppleWebKit/532.5 (KHTML, like Gecko) Chrome/4.1.249.1064 Safari/532.5"
655.633.64.678 - - [26/Oct/2011:21:18:43 -0500] "GET /product/product3 HTTP/1.1" 200 0 "/product/product3" "Mozilla/5.0 (Windows; U; Windows NT 5.1; en-US) AppleWebKit/532.5 (KHTML, like Gecko) Chrome/4.1.249.1064 Safari/532.5"
655.633.64.678 - - [26/Oct/2011:21:18:57 -0500] "GET /product/product3 HTTP/1.1" 200 0 "/product/product3" "Mozilla/5.0 (Windows; U; Windows NT 5.1; en-US) AppleWebKit/532.5 (KHTML, like Gecko) Chrome/4.1.249.1064 Safari/532.5"
655.633.64.678 - - [26/Oct/2011:21:18:59 -0500] "GET /product/product4 HTTP/1.1" 200 0 "/product/product3" "Mozilla/5.0 (Windows; U; Windows NT 5.1; en-US) AppleWebKit/532.5 (KHTML, like Gecko) Chrome/4.1.249.1064 Safari/532.5"
655.633.64.678 - - [26/Oct/2011:21:19:00 -0500] "GET /product/product4 HTTP/1.1" 200 0 "/product/product4" "Mozilla/5.0 (Windows; U; Windows NT 5.1; en-US) AppleWebKit/532.5 (KHTML, like Gecko) Chrome/4.1.249.1064 Safari/532.5"
367.84.337.612 - - [26/Oct/2011:21:20:30 -0500] "GET /demo HTTP/1.1" 200 0 "/demo" "Jakarta Commons-HttpClient/3.0-rc4"
13.640.53.680 - - [26/Oct/2011:21:25:00 -0500] "GET /demo HTTP/1.1" 200 0 "-" "Jakarta Commons-HttpClient/3.0-rc4"
361.631.17.30 - - [26/Oct/2011:21:29:00 -0500] "GET /demo HTTP/1.1" 200 0 "-" "Jakarta Commons-HttpClient/3.0-rc4"
361.631.17.30 - - [26/Oct/2011:21:29:00 -0500] "GET /demo HTTP/1.1" 200 0 "/demo" "Jakarta Commons-HttpClient/3.0-rc4"
361.631.17.30 - - [26/Oct/2011:21:29:00 -0500] "GET /demo HTTP/1.1" 200 0 "/demo" "Jakarta Commons-HttpClient/3.0-rc4"
361.631.17.30 - - [26/Oct/2011:21:29:01 -0500] "GET /demo HTTP/1.1" 200 0 "/demo" "Jakarta Commons-HttpClient/3.0-rc4"
361.631.17.30 - - [26/Oct/2011:21:29:59 -0500] "GET /demo HTTP/1.1" 200 0 "/demo" "Jakarta Commons-HttpClient/3.0-rc4"
361.631.17.30 - - [26/Oct/2011:21:30:00 -0500] "GET /demo HTTP/1.1" 200 0 "/demo" "Jakarta Commons-HttpClient/3.0-rc4"
361.631.17.30 - - [26/Oct/2011:21:30:00 -0500] "GET /demo HTTP/1.1" 200 0 "/demo" "Jakarta Commons-HttpClient/3.0-rc4"
88.12.35.322 - - [26/Oct/2011:21:30:00 -0500] "GET /careers HTTP/1.1" 200 0 "-" "Mozilla/5.0 (Macintosh; U; Intel Mac OS X 10.5; en-US; rv:1.9.2.3) Gecko/20100401 Firefox/3.6.3"
88.12.35.322 - - [26/Oct/2011:21:30:01 -0500] "GET /careers HTTP/1.1" 200 0 "/careers" "Mozilla/5.0 (Macintosh; U; Intel Mac OS X 10.5; en-US; rv:1.9.2.3) Gecko/20100401 Firefox/3.6.3"
361.631.17.30 - - [26/Oct/2011:21:30:01 -0500] "GET /demo HTTP/1.1" 200 0 "/demo" "Jakarta Commons-HttpClient/3.0-rc4"
361.631.17.30 - - [26/Oct/2011:21:30:59 -0500] "GET /demo HTTP/1.1" 200 0 "/demo" "Jakarta Commons-HttpClient/3.0-rc4"
361.631.17.30 - - [26/Oct/2011:21:30:59 -0500] "GET /demo HTTP/1.1" 200 0 "/demo" "Jakarta Commons-HttpClient/3.0-rc4"
361.631.17.30 - - [26/Oct/2011:21:30:59 -0500] "GET /demo HTTP/1.1" 200 0 "/demo" "Jakarta Commons-HttpClient/3.0-rc4"
363.652.18.65 - - [26/Oct/2011:21:31:00 -0500] "GET /demo HTTP/1.1" 200 0 "-" "Jakarta Commons-HttpClient/3.0-rc4"
361.631.17.30 - - [26/Oct/2011:21:31:01 -0500] "GET /demo HTTP/1.1" 200 0 "/demo" "Jakarta Commons-HttpClient/3.0-rc4"
363.652.18.65 - - [26/Oct/2011:21:31:58 -0500] "GET /demo HTTP/1.1" 200 0 "/demo" "Jakarta Commons-HttpClient/3.0-rc4"
361.631.17.30 - - [26/Oct/2011:21:31:58 -0500] "GET /demo HTTP/1.1" 200 0 "/demo" "Jakarta Commons-HttpClient/3.0-rc4"
361.631.17.30 - - [26/Oct/2011:21:31:58 -0500] "GET /demo HTTP/1.1" 200 0 "/demo" "Jakarta Commons-HttpClient/3.0-rc4"
361.631.17.30 - - [26/Oct/2011:21:31:58 -0500] "GET /demo HTTP/1.1" 200 0 "/demo" "Jakarta Commons-HttpClient/3.0-rc4"
361.631.17.30 - - [26/Oct/2011:21:32:00 -0500] "GET /demo HTTP/1.1" 200 0 "/demo" "Jakarta Commons-HttpClient/3.0-rc4"
361.631.17.30 - - [26/Oct/2011:21:32:58 -0500] "GET /demo HTTP/1.1" 200 0 "/demo" "Jakarta Commons-HttpClient/3.0-rc4"
361.631.17.30 - - [26/Oct/2011:21:32:59 -0500] "GET /demo HTTP/1.1" 200 0 "/demo" "Jakarta Commons-HttpClient/3.0-rc4"
361.631.17.30 - - [26/Oct/2011:21:32:59 -0500] "GET /demo HTTP/1.1" 200 0 "/demo" "Jakarta Commons-HttpClient/3.0-rc4"
361.631.17.30 - - [26/Oct/2011:21:33:00 -0500] "GET /demo HTTP/1.1" 200 0 "/demo" "Jakarta Commons-HttpClient/3.0-rc4"
85.367.680.688 - - [26/Oct/2011:21:33:00 -0500] "GET /products HTTP/1.1" 200 0 "-" "Mozilla/4.0 (compatible; MSIE 7.0; Windows NT 5.2; InfoPath.3; .NET CLR 2.0.50727; .NET CLR 3.0.4506.2152; .NET CLR 3.5.30729; AskTB5.5; 360SE)"
363.652.18.65 - - [26/Oct/2011:21:33:01 -0500] "GET /demo HTTP/1.1" 200 0 "/demo" "Jakarta Commons-HttpClient/3.0-rc4"
361.631.17.30 - - [26/Oct/2011:21:33:57 -0500] "GET /demo HTTP/1.1" 200 0 "/demo" "Jakarta Commons-HttpClient/3.0-rc4"
363.652.18.65 - - [26/Oct/2011:21:33:58 -0500] "GET /demo HTTP/1.1" 200 0 "/demo" "Jakarta Commons-HttpClient/3.0-rc4"
361.631.17.30 - - [26/Oct/2011:21:33:58 -0500] "GET /demo HTTP/1.1" 200 0 "/demo" "Jakarta Commons-HttpClient/3.0-rc4"
361.631.17.30 - - [26/Oct/2011:21:33:58 -0500] "GET /demo HTTP/1.1" 200 0 "/demo" "Jakarta Commons-HttpClient/3.0-rc4"
361.631.17.30 - - [26/Oct/2011:21:33:59 -0500] "GET /demo HTTP/1.1" 200 0 "/demo" "Jakarta Commons-HttpClient/3.0-rc4"
363.652.18.65 - - [26/Oct/2011:21:34:59 -0500] "GET /demo HTTP/1.1" 200 0 "/demo" "Jakarta Commons-HttpClient/3.0-rc4"
363.652.18.65 - - [26/Oct/2011:21:36:00 -0500] "GET /demo HTTP/1.1" 200 0 "/demo" "Jakarta Commons-HttpClient/3.0-rc4"
88.82.77.658 - - [26/Oct/2011:21:57:30 -0500] "GET /feeds/press HTTP/1.1" 200 0 "-" "Mozilla/5.0 (compatible; Google Desktop/5.9.911.3589; http://desktop.google.com/)"
324.01.688.02 - - [26/Oct/2011:22:01:00 -0500] "GET /home HTTP/1.1" 200 0 "-" "msnbot/2.0b (+http://search.msn.com/msnbot.htm)"
13.53.52.13 - - [26/Oct/2011:22:01:30 -0500] "GET /demo HTTP/1.1" 200 0 "-" "Jakarta Commons-HttpClient/3.0-rc4"
13.53.52.13 - - [26/Oct/2011:22:04:30 -0500] "GET /demo HTTP/1.1" 200 0 "/demo" "Jakarta Commons-HttpClient/3.0-rc4"
88.632.632.6 - - [26/Oct/2011:22:12:00 -0500] "GET /home HTTP/1.1" 200 0 "-" "Jakarta Commons-HttpClient/3.0.1"
53.624.67.636 - - [26/Oct/2011:22:12:00 -0500] "GET /product/product1 HTTP/1.1" 200 0 "-" "Mozilla/5.0 (X11; U; Linux i686; it; rv:1.9.2.3) Gecko/20100423 Ubuntu/10.04 (lucid) Firefox/3.6.3"
325.87.75.336 - - [26/Oct/2011:22:15:30 -0500] "GET /demo HTTP/1.1" 200 0 "-" "Jakarta Commons-HttpClient/3.0-rc4"
325.87.75.336 - - [26/Oct/2011:22:15:30 -0500] "GET /demo HTTP/1.1" 200 0 "/demo" "Jakarta Commons-HttpClient/3.0-rc4"
365.303.360.53 - - [26/Oct/2011:22:17:00 -0500] "GET /demo HTTP/1.1" 200 0 "-" "Jakarta Commons-HttpClient/3.0-rc4"
325.87.75.336 - - [26/Oct/2011:22:20:30 -0500] "GET /demo HTTP/1.1" 200 0 "/demo" "Jakarta Commons-HttpClient/3.0-rc4"
325.87.75.336 - - [26/Oct/2011:22:20:30 -0500] "GET /demo HTTP/1.1" 200 0 "/demo" "Jakarta Commons-HttpClient/3.0-rc4"
325.87.75.36 - - [26/Oct/2011:22:23:30 -0500] "GET /demo HTTP/1.1" 200 0 "-" "Jakarta Commons-HttpClient/3.0-rc4"
325.87.75.36 - - [26/Oct/2011:22:23:30 -0500] "GET /demo HTTP/1.1" 200 0 "/demo" "Jakarta Commons-HttpClient/3.0-rc4"
325.87.75.36 - - [26/Oct/2011:22:28:30 -0500] "GET /demo HTTP/1.1" 200 0 "/demo" "Jakarta Commons-HttpClient/3.0-rc4"
325.87.75.36 - - [26/Oct/2011:22:28:30 -0500] "GET /demo HTTP/1.1" 200 0 "/demo" "Jakarta Commons-HttpClient/3.0-rc4"
43.10.2.671 - - [26/Oct/2011:22:29:30 -0500] "GET /feeds/press HTTP/1.1" 200 0 "-" "Apple-PubSub/65.12.1"
364.635.03.677 - - [26/Oct/2011:22:39:30 -0500] "GET /feeds/press HTTP/1.1" 200 0 "-" "Mozilla/5.0 (Windows; U; Windows NT 5.1; fr; rv:1.9.2.3) Gecko/20100401 Firefox/3.6.3 ( .NET CLR 3.5.30729)"
364.635.03.677 - - [26/Oct/2011:22:39:30 -0500] "GET /feeds/press HTTP/1.1" 200 0 "/feeds/press" "Mozilla/5.0 (Windows; U; Windows NT 5.1; fr; rv:1.9.2.3) Gecko/20100401 Firefox/3.6.3 ( .NET CLR 3.5.30729)"
364.635.03.677 - - [26/Oct/2011:22:39:31 -0500] "GET /feeds/press HTTP/1.1" 200 0 "/feeds/press" "Mozilla/5.0 (Windows; U; Windows NT 5.1; fr; rv:1.9.2.3) Gecko/20100401 Firefox/3.6.3 ( .NET CLR 3.5.30729)"
364.635.03.677 - - [26/Oct/2011:22:39:31 -0500] "GET /feeds/press HTTP/1.1" 200 0 "/feeds/press" "Mozilla/5.0 (Windows; U; Windows NT 5.1; fr; rv:1.9.2.3) Gecko/20100401 Firefox/3.6.3 ( .NET CLR 3.5.30729)"
364.635.03.677 - - [26/Oct/2011:22:39:31 -0500] "GET /feeds/press HTTP/1.1" 200 0 "/feeds/press" "Mozilla/5.0 (Windows; U; Windows NT 5.1; fr; rv:1.9.2.3) Gecko/20100401 Firefox/3.6.3 ( .NET CLR 3.5.30729)"
364.635.03.677 - - [26/Oct/2011:22:39:32 -0500] "GET /feeds/press HTTP/1.1" 200 0 "/feeds/press" "Mozilla/5.0 (Windows; U; Windows NT 5.1; fr; rv:1.9.2.3) Gecko/20100401 Firefox/3.6.3 ( .NET CLR 3.5.30729)"
668.1.8.660 - - [26/Oct/2011:22:47:30 -0500] "GET /product/product4 HTTP/1.1" 200 0 "-" "Mozilla/5.0 (Windows; U; Windows NT 5.1; zh-CN; rv:1.9.2.3) Gecko/20100401 Firefox/3.6.3"
668.1.8.660 - - [26/Oct/2011:22:47:40 -0500] "GET /download HTTP/1.1" 200 0 "/product/product4" "Mozilla/5.0 (Windows; U; Windows NT 5.1; zh-CN; rv:1.9.2.3) Gecko/20100401 Firefox/3.6.3"
16.686.38.03 - - [26/Oct/2011:22:48:00 -0500] "GET /product/product1 HTTP/1.1" 200 0 "-" "Mozilla/5.0 (Windows; U; Windows NT 5.1; zh-CN; rv:1.9.2.3) Gecko/20100401 Firefox/3.6.3"
16.686.38.03 - - [26/Oct/2011:22:48:04 -0500] "GET /product/product1 HTTP/1.1" 200 0 "/product/product1" "Mozilla/5.0 (Windows; U; Windows NT 5.1; zh-CN; rv:1.9.2.3) Gecko/20100401 Firefox/3.6.3"
82.648.624.660 - - [26/Oct/2011:22:56:00 -0500] "GET /buy HTTP/1.1" 200 0 "-" "Mozilla/5.0 (Macintosh; U; Intel Mac OS X 10_6_3; en-us) AppleWebKit/531.22.7 (KHTML, like Gecko) Version/4.0.5 Safari/531.22.7"
82.648.624.660 - - [26/Oct/2011:22:56:04 -0500] "GET /buy HTTP/1.1" 200 0 "/buy" "Mozilla/5.0 (Macintosh; U; Intel Mac OS X 10_6_3; en-us) AppleWebKit/531.22.7 (KHTML, like Gecko) Version/4.0.5 Safari/531.22.7"
52.88.84.42 - - [26/Oct/2011:22:56:30 -0500] "GET /demo HTTP/1.1" 200 0 "-" "Jakarta Commons-HttpClient/3.0-rc4"
52.88.84.42 - - [26/Oct/2011:22:56:34 -0500] "GET /demo HTTP/1.1" 200 0 "/demo" "Jakarta Commons-HttpClient/3.0-rc4"
53.672.602.11 - - [26/Oct/2011:22:57:00 -0500] "GET /product/product3 HTTP/1.1" 200 0 "-" "Mozilla/5.0 (Windows; U; Windows NT 5.1; eu; rv:1.9.2.3) Gecko/20100401 Firefox/3.6.3"
53.672.602.11 - - [26/Oct/2011:22:57:05 -0500] "GET /product/product3 HTTP/1.1" 200 0 "/product/product3" "Mozilla/5.0 (Windows; U; Windows NT 5.1; eu; rv:1.9.2.3) Gecko/20100401 Firefox/3.6.3"
660.85.52.687 - - [26/Oct/2011:22:57:30 -0500] "GET /home HTTP/1.1" 200 0 "-" "Jakarta Commons-HttpClient/3.0.1"
52.88.84.42 - - [26/Oct/2011:23:00:23 -0500] "GET /demo HTTP/1.1" 200 0 "/demo" "Jakarta Commons-HttpClient/3.0-rc4"
52.88.84.42 - - [26/Oct/2011:23:00:34 -0500] "GET /demo HTTP/1.1" 200 0 "/demo" "Jakarta Commons-HttpClient/3.0-rc4"
52.88.84.42 - - [26/Oct/2011:23:01:30 -0500] "GET /demo HTTP/1.1" 200 0 "/demo" "Jakarta Commons-HttpClient/3.0-rc4"
86.648.605.634 - - [26/Oct/2011:23:06:00 -0500] "GET /product/product1 HTTP/1.1" 200 0 "-" "Mozilla/5.0 (X11; U; Linux i686; en-US; rv:1.8.1.11) Gecko/20070914 Mandriva/2.0.0.11-1.1mdv2007.0 (2007.0) Firefox/2.0.0.11"
86.648.605.634 - - [26/Oct/2011:23:06:00 -0500] "GET /product/product1 HTTP/1.1" 200 0 "/product/product1" "Mozilla/5.0 (X11; U; Linux i686; en-US; rv:1.8.1.11) Gecko/20070914 Mandriva/2.0.0.11-1.1mdv2007.0 (2007.0) Firefox/2.0.0.11"
86.648.605.634 - - [26/Oct/2011:23:06:42 -0500] "GET /products/demos HTTP/1.1" 200 0 "/product/product1" "Mozilla/5.0 (X11; U; Linux i686; en-US; rv:1.8.1.11) Gecko/20070914 Mandriva/2.0.0.11-1.1mdv2007.0 (2007.0) Firefox/2.0.0.11"
86.648.605.634 - - [26/Oct/2011:23:07:17 -0500] "GET /ad/save HTTP/1.1" 200 0 "/products/demos" "Mozilla/5.0 (X11; U; Linux i686; en-US; rv:1.8.1.11) Gecko/20070914 Mandriva/2.0.0.11-1.1mdv2007.0 (2007.0) Firefox/2.0.0.11"
86.648.605.634 - - [26/Oct/2011:23:07:17 -0500] "GET /ad/save HTTP/1.1" 200 0 "/ad/save" "Mozilla/5.0 (X11; U; Linux i686; en-US; rv:1.8.1.11) Gecko/20070914 Mandriva/2.0.0.11-1.1mdv2007.0 (2007.0) Firefox/2.0.0.11"
86.648.605.634 - - [26/Oct/2011:23:09:01 -0500] "GET /products HTTP/1.1" 200 0 "/ad/save" "Mozilla/5.0 (X11; U; Linux i686; en-US; rv:1.8.1.11) Gecko/20070914 Mandriva/2.0.0.11-1.1mdv2007.0 (2007.0) Firefox/2.0.0.11"
86.648.605.634 - - [26/Oct/2011:23:09:02 -0500] "GET /products HTTP/1.1" 200 0 "/products" "Mozilla/5.0 (X11; U; Linux i686; en-US; rv:1.8.1.11) Gecko/20070914 Mandriva/2.0.0.11-1.1mdv2007.0 (2007.0) Firefox/2.0.0.11"
86.648.605.634 - - [26/Oct/2011:23:09:14 -0500] "GET /product/product12 HTTP/1.1" 200 0 "/products" "Mozilla/5.0 (X11; U; Linux i686; en-US; rv:1.8.1.11) Gecko/20070914 Mandriva/2.0.0.11-1.1mdv2007.0 (2007.0) Firefox/2.0.0.11"
86.648.605.634 - - [26/Oct/2011:23:09:15 -0500] "GET /product/product12 HTTP/1.1" 200 0 "/product/product12" "Mozilla/5.0 (X11; U; Linux i686; en-US; rv:1.8.1.11) Gecko/20070914 Mandriva/2.0.0.11-1.1mdv2007.0 (2007.0) Firefox/2.0.0.11"
86.648.605.634 - - [26/Oct/2011:23:09:43 -0500] "GET /product/product3 HTTP/1.1" 200 0 "/product/product12" "Mozilla/5.0 (X11; U; Linux i686; en-US; rv:1.8.1.11) Gecko/20070914 Mandriva/2.0.0.11-1.1mdv2007.0 (2007.0) Firefox/2.0.0.11"
86.648.605.634 - - [26/Oct/2011:23:09:44 -0500] "GET /product/product3 HTTP/1.1" 200 0 "/product/product3" "Mozilla/5.0 (X11; U; Linux i686; en-US; rv:1.8.1.11) Gecko/20070914 Mandriva/2.0.0.11-1.1mdv2007.0 (2007.0) Firefox/2.0.0.11"
86.648.605.634 - - [26/Oct/2011:23:09:58 -0500] "GET /product/product3 HTTP/1.1" 200 0 "/product/product3" "Mozilla/5.0 (X11; U; Linux i686; en-US; rv:1.8.1.11) Gecko/20070914 Mandriva/2.0.0.11-1.1mdv2007.0 (2007.0) Firefox/2.0.0.11"
86.648.605.634 - - [26/Oct/2011:23:09:59 -0500] "GET /product/product3 HTTP/1.1" 200 0 "/product/product3" "Mozilla/5.0 (X11; U; Linux i686; en-US; rv:1.8.1.11) Gecko/20070914 Mandriva/2.0.0.11-1.1mdv2007.0 (2007.0) Firefox/2.0.0.11"
86.648.605.634 - - [26/Oct/2011:23:10:58 -0500] "GET /product/product2 HTTP/1.1" 200 0 "/product/product3" "Mozilla/5.0 (X11; U; Linux i686; en-US; rv:1.8.1.11) Gecko/20070914 Mandriva/2.0.0.11-1.1mdv2007.0 (2007.0) Firefox/2.0.0.11"
86.648.605.634 - - [26/Oct/2011:23:10:59 -0500] "GET /product/product2 HTTP/1.1" 200 0 "/product/product2" "Mozilla/5.0 (X11; U; Linux i686; en-US; rv:1.8.1.11) Gecko/20070914 Mandriva/2.0.0.11-1.1mdv2007.0 (2007.0) Firefox/2.0.0.11"
55.613.76.662 - - [26/Oct/2011:23:11:30 -0500] "GET /demo HTTP/1.1" 200 0 "-" "Jakarta Commons-HttpClient/3.0-rc4"
55.613.76.662 - - [26/Oct/2011:23:11:30 -0500] "GET /demo HTTP/1.1" 200 0 "/demo" "Jakarta Commons-HttpClient/3.0-rc4"
362.64.372.680 - - [26/Oct/2011:23:14:30 -0500] "GET /home HTTP/1.1" 200 0 "-" "Jakarta Commons-HttpClient/3.0.1"
362.64.372.680 - - [26/Oct/2011:23:14:39 -0500] "GET /home HTTP/1.1" 200 0 "/home" "Jakarta Commons-HttpClient/3.0.1"
362.64.372.680 - - [26/Oct/2011:23:14:39 -0500] "GET /home HTTP/1.1" 200 0 "/home" "Jakarta Commons-HttpClient/3.0.1"
362.64.372.680 - - [26/Oct/2011:23:14:40 -0500] "GET /home HTTP/1.1" 200 0 "/home" "Jakarta Commons-HttpClient/3.0.1"
41.631.308.12 - - [26/Oct/2011:23:21:00 -0500] "GET /feeds/press HTTP/1.1" 200 0 "-" "Apple-PubSub/65.12.1"
682.626.647.8 - - [26/Oct/2011:23:28:00 -0500] "GET /home HTTP/1.1" 200 0 "-" "Jakarta Commons-HttpClient/3.0.1"
688.378.383.621 - - [26/Oct/2011:23:29:30 -0500] "GET /demo HTTP/1.1" 200 0 "-" "Jakarta Commons-HttpClient/3.0-rc4"
688.378.383.621 - - [26/Oct/2011:23:29:31 -0500] "GET /demo HTTP/1.1" 200 0 "/demo" "Jakarta Commons-HttpClient/3.0-rc4"
14.323.74.653 - - [26/Oct/2011:23:38:30 -0500] "GET /demo HTTP/1.1" 200 0 "-" "Jakarta Commons-HttpClient/3.0-rc4"
55.31.368.367 - - [26/Oct/2011:23:39:30 -0500] "GET /services/training/product4 HTTP/1.1" 200 0 "-" "Mozilla/4.0 (compatible; MSIE 7.0; Windows NT 5.1; GTB6.4; InfoPath.1)"
14.323.74.653 - - [26/Oct/2011:23:39:31 -0500] "GET /demo HTTP/1.1" 200 0 "/demo" "Jakarta Commons-HttpClient/3.0-rc4"
55.31.368.367 - - [26/Oct/2011:23:39:44 -0500] "GET /services/training HTTP/1.1" 200 0 "/services/training/product4" "Mozilla/4.0 (compatible; MSIE 7.0; Windows NT 5.1; GTB6.4; InfoPath.1)"
633.615.688.335 - - [26/Oct/2011:23:40:00 -0500] "GET /about HTTP/1.1" 200 0 "-" "Mozilla/5.0 (X11; U; Linux i686; en-US; rv:1.9.1.3) Gecko/20091020 Ubuntu/9.10 (karmic) Firefox/3.5.3"
14.323.74.653 - - [26/Oct/2011:23:40:31 -0500] "GET /demo HTTP/1.1" 200 0 "/demo" "Jakarta Commons-HttpClient/3.0-rc4"
14.323.74.653 - - [26/Oct/2011:23:42:46 -0500] "GET /demo HTTP/1.1" 200 0 "/demo" "Jakarta Commons-HttpClient/3.0-rc4"
327.632.687.331 - - [26/Oct/2011:23:53:30 -0500] "GET /product/product2 HTTP/1.1" 200 0 "-" "Mozilla/4.0 (compatible; MSIE 7.0; Windows NT 5.2; Win64; x64; .NET CLR 2.0.50727; .NET CLR 3.0.04506.648; .NET CLR 3.5.21022)"
327.632.687.331 - - [26/Oct/2011:23:53:46 -0500] "GET /product/product2 HTTP/1.1" 200 0 "/product/product2" "Mozilla/4.0 (compatible; MSIE 7.0; Windows NT 5.2; Win64; x64; .NET CLR 2.0.50727; .NET CLR 3.0.04506.648; .NET CLR 3.5.21022)"
327.632.687.331 - - [26/Oct/2011:23:55:10 -0500] "GET /buy HTTP/1.1" 200 0 "/product/product2" "Mozilla/4.0 (compatible; MSIE 7.0; Windows NT 5.2; Win64; x64; .NET CLR 2.0.50727; .NET CLR 3.0.04506.648; .NET CLR 3.5.21022)"
327.632.687.331 - - [26/Oct/2011:23:55:19 -0500] "GET /buy HTTP/1.1" 200 0 "/buy" "Mozilla/4.0 (compatible; MSIE 7.0; Windows NT 5.2; Win64; x64; .NET CLR 2.0.50727; .NET CLR 3.0.04506.648; .NET CLR 3.5.21022)"
13.640.53.680 - - [26/Oct/2011:23:55:30 -0500] "GET /demo HTTP/1.1" 200 0 "-" "Jakarta Commons-HttpClient/3.0-rc4"
327.632.687.331 - - [26/Oct/2011:23:55:38 -0500] "GET /offers HTTP/1.1" 200 0 "/buy" "Mozilla/4.0 (compatible; MSIE 7.0; Windows NT 5.2; Win64; x64; .NET CLR 2.0.50727; .NET CLR 3.0.04506.648; .NET CLR 3.5.21022)"
327.632.687.331 - - [26/Oct/2011:23:55:46 -0500] "GET /offers HTTP/1.1" 200 0 "/offers" "Mozilla/4.0 (compatible; MSIE 7.0; Windows NT 5.2; Win64; x64; .NET CLR 2.0.50727; .NET CLR 3.0.04506.648; .NET CLR 3.5.21022)"
327.632.687.331 - - [26/Oct/2011:23:56:13 -0500] "GET /buy HTTP/1.1" 200 0 "/offers" "Mozilla/4.0 (compatible; MSIE 7.0; Windows NT 5.2; Win64; x64; .NET CLR 2.0.50727; .NET CLR 3.0.04506.648; .NET CLR 3.5.21022)"
327.632.687.331 - - [26/Oct/2011:23:56:19 -0500] "GET /buy HTTP/1.1" 200 0 "/buy" "Mozilla/4.0 (compatible; MSIE 7.0; Windows NT 5.2; Win64; x64; .NET CLR 2.0.50727; .NET CLR 3.0.04506.648; .NET CLR 3.5.21022)"
327.632.687.331 - - [26/Oct/2011:23:56:32 -0500] "GET /product/product2 HTTP/1.1" 200 0 "/buy" "Mozilla/4.0 (compatible; MSIE 7.0; Windows NT 5.2; Win64; x64; .NET CLR 2.0.50727; .NET CLR 3.0.04506.648; .NET CLR 3.5.21022)"
327.632.687.331 - - [26/Oct/2011:23:57:34 -0500] "GET /highlight HTTP/1.1" 200 0 "/product/product2" "Mozilla/4.0 (compatible; MSIE 7.0; Windows NT 5.2; Win64; x64; .NET CLR 2.0.50727; .NET CLR 3.0.04506.648; .NET CLR 3.5.21022)"
327.632.687.331 - - [26/Oct/2011:23:58:17 -0500] "GET /product/product2 HTTP/1.1" 200 0 "/highlight" "Mozilla/4.0 (compatible; MSIE 7.0; Windows NT 5.2; Win64; x64; .NET CLR 2.0.50727; .NET CLR 3.0.04506.648; .NET CLR 3.5.21022)"
13.640.53.680 - - [27/Oct/2011:00:00:28 -0500] "GET /demo HTTP/1.1" 200 0 "/demo" "Jakarta Commons-HttpClient/3.0-rc4"
364.84.68.677 - - [27/Oct/2011:00:03:30 -0500] "GET /home HTTP/1.1" 200 0 "-" "Jakarta Commons-HttpClient/3.0.1"
685.653.671.378 - - [27/Oct/2011:00:04:00 -0500] "GET /search HTTP/1.1" 200 0 "-" "Mozilla/5.0 (Windows; U; Windows NT 5.1; en-US; rv:1.9.1.9) Gecko/20100315 Firefox/3.5.9 (.NET CLR 3.5.30729)"
630.324.662.680 - - [27/Oct/2011:00:10:30 -0500] "GET /products HTTP/1.1" 200 0 "-" "Mozilla/4.0 (compatible; MSIE 6.0; Windows NT 5.1; SV1)"
630.324.662.680 - - [27/Oct/2011:00:11:22 -0500] "GET /product/product3 HTTP/1.1" 200 0 "/products" "Mozilla/4.0 (compatible; MSIE 6.0; Windows NT 5.1; SV1)"
680.648.44.31 - - [27/Oct/2011:00:13:00 -0500] "GET /download HTTP/1.1" 200 0 "-" "Mozilla/5.0 (X11; U; Linux i686; es-ES; rv:1.9.0.18) Gecko/2010021501 Ubuntu/8.04 (hardy) Firefox/3.0.18"
57.63.331.338 - - [27/Oct/2011:00:13:00 -0500] "GET /products HTTP/1.1" 200 0 "-" "Mozilla/5.0 (Windows; U; Windows NT 5.1; pl; rv:1.9.0.19) Gecko/2010031422 Firefox/3.0.19 ( .NET CLR 3.5.30729; .NET4.0E)"
57.63.331.338 - - [27/Oct/2011:00:13:00 -0500] "GET /products HTTP/1.1" 200 0 "/products" "Mozilla/5.0 (Windows; U; Windows NT 5.1; pl; rv:1.9.0.19) Gecko/2010031422 Firefox/3.0.19 ( .NET CLR 3.5.30729; .NET4.0E)"
367.687.667.6 - - [27/Oct/2011:00:13:00 -0500] "GET /download HTTP/1.1" 200 0 "-" "Mozilla/4.0 (compatible; MSIE 8.0; Windows NT 6.1; WOW64; Trident/4.0; SLCC2; .NET CLR 2.0.50727; .NET CLR 3.5.30729; .NET CLR 3.0.30729; Media Center PC 6.0; InfoPath.2)"
367.687.667.6 - - [27/Oct/2011:00:13:04 -0500] "GET /download HTTP/1.1" 200 0 "/download" "Mozilla/4.0 (compatible; MSIE 8.0; Windows NT 6.1; WOW64; Trident/4.0; SLCC2; .NET CLR 2.0.50727; .NET CLR 3.5.30729; .NET CLR 3.0.30729; Media Center PC 6.0; InfoPath.2)"
57.63.331.338 - - [27/Oct/2011:00:13:11 -0500] "GET /product/product4 HTTP/1.1" 200 0 "/products" "Mozilla/5.0 (Windows; U; Windows NT 5.1; pl; rv:1.9.0.19) Gecko/2010031422 Firefox/3.0.19 ( .NET CLR 3.5.30729; .NET4.0E)"
57.63.331.338 - - [27/Oct/2011:00:13:11 -0500] "GET /product/product4 HTTP/1.1" 200 0 "/product/product4" "Mozilla/5.0 (Windows; U; Windows NT 5.1; pl; rv:1.9.0.19) Gecko/2010031422 Firefox/3.0.19 ( .NET CLR 3.5.30729; .NET4.0E)"
367.687.667.6 - - [27/Oct/2011:00:13:43 -0500] "GET /product/product4 HTTP/1.1" 200 0 "/download" "Mozilla/4.0 (compatible; MSIE 8.0; Windows NT 6.1; WOW64; Trident/4.0; SLCC2; .NET CLR 2.0.50727; .NET CLR 3.5.30729; .NET CLR 3.0.30729; Media Center PC 6.0; InfoPath.2)"
367.687.667.6 - - [27/Oct/2011:00:14:07 -0500] "GET /product/product2 HTTP/1.1" 200 0 "/product/product4" "Mozilla/4.0 (compatible; MSIE 8.0; Windows NT 6.1; WOW64; Trident/4.0; SLCC2; .NET CLR 2.0.50727; .NET CLR 3.5.30729; .NET CLR 3.0.30729; Media Center PC 6.0; InfoPath.2)"
367.687.667.6 - - [27/Oct/2011:00:14:09 -0500] "GET /product/product2 HTTP/1.1" 200 0 "/product/product2" "Mozilla/4.0 (compatible; MSIE 8.0; Windows NT 6.1; WOW64; Trident/4.0; SLCC2; .NET CLR 2.0.50727; .NET CLR 3.5.30729; .NET CLR 3.0.30729; Media Center PC 6.0; InfoPath.2)"
57.63.331.338 - - [27/Oct/2011:00:14:18 -0500] "GET /download HTTP/1.1" 200 0 "/product/product4" "Mozilla/5.0 (Windows; U; Windows NT 5.1; pl; rv:1.9.0.19) Gecko/2010031422 Firefox/3.0.19 ( .NET CLR 3.5.30729; .NET4.0E)"
57.63.331.338 - - [27/Oct/2011:00:14:19 -0500] "GET /download HTTP/1.1" 200 0 "/download" "Mozilla/5.0 (Windows; U; Windows NT 5.1; pl; rv:1.9.0.19) Gecko/2010031422 Firefox/3.0.19 ( .NET CLR 3.5.30729; .NET4.0E)"
57.63.331.338 - - [27/Oct/2011:00:14:36 -0500] "GET /product/product4 HTTP/1.1" 200 0 "/download" "Mozilla/5.0 (Windows; U; Windows NT 5.1; pl; rv:1.9.0.19) Gecko/2010031422 Firefox/3.0.19 ( .NET CLR 3.5.30729; .NET4.0E)"
367.687.667.6 - - [27/Oct/2011:00:14:44 -0500] "GET /download HTTP/1.1" 200 0 "/product/product2" "Mozilla/4.0 (compatible; MSIE 8.0; Windows NT 6.1; WOW64; Trident/4.0; SLCC2; .NET CLR 2.0.50727; .NET CLR 3.5.30729; .NET CLR 3.0.30729; Media Center PC 6.0; InfoPath.2)"
367.687.667.6 - - [27/Oct/2011:00:14:46 -0500] "GET /download HTTP/1.1" 200 0 "/download" "Mozilla/4.0 (compatible; MSIE 8.0; Windows NT 6.1; WOW64; Trident/4.0; SLCC2; .NET CLR 2.0.50727; .NET CLR 3.5.30729; .NET CLR 3.0.30729; Media Center PC 6.0; InfoPath.2)"
57.63.331.338 - - [27/Oct/2011:00:14:55 -0500] "GET /product/product3 HTTP/1.1" 200 0 "/product/product4" "Mozilla/5.0 (Windows; U; Windows NT 5.1; pl; rv:1.9.0.19) Gecko/2010031422 Firefox/3.0.19 ( .NET CLR 3.5.30729; .NET4.0E)"
57.63.331.338 - - [27/Oct/2011:00:14:56 -0500] "GET /product/product3 HTTP/1.1" 200 0 "/product/product3" "Mozilla/5.0 (Windows; U; Windows NT 5.1; pl; rv:1.9.0.19) Gecko/2010031422 Firefox/3.0.19 ( .NET CLR 3.5.30729; .NET4.0E)"
57.63.331.338 - - [27/Oct/2011:00:15:10 -0500] "GET /product/product3 HTTP/1.1" 200 0 "/product/product3" "Mozilla/5.0 (Windows; U; Windows NT 5.1; pl; rv:1.9.0.19) Gecko/2010031422 Firefox/3.0.19 ( .NET CLR 3.5.30729; .NET4.0E)"
57.63.331.338 - - [27/Oct/2011:00:15:21 -0500] "GET /product/product3 HTTP/1.1" 200 0 "/product/product3" "Mozilla/5.0 (Windows; U; Windows NT 5.1; pl; rv:1.9.0.19) Gecko/2010031422 Firefox/3.0.19 ( .NET CLR 3.5.30729; .NET4.0E)"
57.63.331.338 - - [27/Oct/2011:00:15:31 -0500] "GET /product/product3 HTTP/1.1" 200 0 "/product/product3" "Mozilla/5.0 (Windows; U; Windows NT 5.1; pl; rv:1.9.0.19) Gecko/2010031422 Firefox/3.0.19 ( .NET CLR 3.5.30729; .NET4.0E)"
57.63.331.338 - - [27/Oct/2011:00:15:35 -0500] "GET /product/product12 HTTP/1.1" 200 0 "/product/product3" "Mozilla/5.0 (Windows; U; Windows NT 5.1; pl; rv:1.9.0.19) Gecko/2010031422 Firefox/3.0.19 ( .NET CLR 3.5.30729; .NET4.0E)"
57.63.331.338 - - [27/Oct/2011:00:15:36 -0500] "GET /product/product12 HTTP/1.1" 200 0 "/product/product12" "Mozilla/5.0 (Windows; U; Windows NT 5.1; pl; rv:1.9.0.19) Gecko/2010031422 Firefox/3.0.19 ( .NET CLR 3.5.30729; .NET4.0E)"
57.63.331.338 - - [27/Oct/2011:00:16:47 -0500] "GET /buy HTTP/1.1" 200 0 "/product/product12" "Mozilla/5.0 (Windows; U; Windows NT 5.1; pl; rv:1.9.0.19) Gecko/2010031422 Firefox/3.0.19 ( .NET CLR 3.5.30729; .NET4.0E)"
57.63.331.338 - - [27/Oct/2011:00:16:48 -0500] "GET /buy HTTP/1.1" 200 0 "/buy" "Mozilla/5.0 (Windows; U; Windows NT 5.1; pl; rv:1.9.0.19) Gecko/2010031422 Firefox/3.0.19 ( .NET CLR 3.5.30729; .NET4.0E)"
367.687.667.6 - - [27/Oct/2011:00:16:59 -0500] "GET /download/download3.zip HTTP/1.1" 200 0 "/download" "Mozilla/4.0 (compatible; MSIE 8.0; Windows NT 6.1; WOW64; Trident/4.0; SLCC2; .NET CLR 2.0.50727; .NET CLR 3.5.30729; .NET CLR 3.0.30729; Media Center PC 6.0; InfoPath.2)"
367.687.667.6 - - [27/Oct/2011:00:17:00 -0500] "GET /download HTTP/1.1" 200 0 "/download/download3.zip" "Mozilla/4.0 (compatible; MSIE 8.0; Windows NT 6.1; WOW64; Trident/4.0; SLCC2; .NET CLR 2.0.50727; .NET CLR 3.5.30729; .NET CLR 3.0.30729; Media Center PC 6.0; InfoPath.2)"
367.687.667.6 - - [27/Oct/2011:00:17:00 -0500] "GET /download HTTP/1.1" 200 0 "/download" "Mozilla/4.0 (compatible; MSIE 8.0; Windows NT 6.1; WOW64; Trident/4.0; SLCC2; .NET CLR 2.0.50727; .NET CLR 3.5.30729; .NET CLR 3.0.30729; Media Center PC 6.0; InfoPath.2)"
367.687.667.6 - - [27/Oct/2011:00:17:01 -0500] "GET /download HTTP/1.1" 200 0 "/download" "Mozilla/4.0 (compatible; MSIE 8.0; Windows NT 6.1; WOW64; Trident/4.0; SLCC2; .NET CLR 2.0.50727; .NET CLR 3.5.30729; .NET CLR 3.0.30729; Media Center PC 6.0; InfoPath.2)"
367.687.667.6 - - [27/Oct/2011:00:17:04 -0500] "GET /download/download3.zip HTTP/1.1" 200 0 "/download" "Mozilla/4.0 (compatible; MSIE 8.0; Windows NT 6.1; WOW64; Trident/4.0; SLCC2; .NET CLR 2.0.50727; .NET CLR 3.5.30729; .NET CLR 3.0.30729; Media Center PC 6.0; InfoPath.2)"
367.687.667.6 - - [27/Oct/2011:00:17:05 -0500] "GET /download HTTP/1.1" 200 0 "/download/download3.zip" "Mozilla/4.0 (compatible; MSIE 8.0; Windows NT 6.1; WOW64; Trident/4.0; SLCC2; .NET CLR 2.0.50727; .NET CLR 3.5.30729; .NET CLR 3.0.30729; Media Center PC 6.0; InfoPath.2)"
367.687.667.6 - - [27/Oct/2011:00:17:05 -0500] "GET /download HTTP/1.1" 200 0 "/download" "Mozilla/4.0 (compatible; MSIE 8.0; Windows NT 6.1; WOW64; Trident/4.0; SLCC2; .NET CLR 2.0.50727; .NET CLR 3.5.30729; .NET CLR 3.0.30729; Media Center PC 6.0; InfoPath.2)"
367.687.667.6 - - [27/Oct/2011:00:17:07 -0500] "GET /download HTTP/1.1" 200 0 "/download" "Mozilla/4.0 (compatible; MSIE 8.0; Windows NT 6.1; WOW64; Trident/4.0; SLCC2; .NET CLR 2.0.50727; .NET CLR 3.5.30729; .NET CLR 3.0.30729; Media Center PC 6.0; InfoPath.2)"
52.53.3.70 - - [27/Oct/2011:00:19:30 -0500] "GET /feeds/press HTTP/1.1" 200 0 "-" "Mozilla/5.0 (compatible; Google Desktop/5.9.911.3589; http://desktop.google.com/)"
53.88.688.31 - - [27/Oct/2011:00:26:30 -0500] "GET /feeds/press HTTP/1.1" 200 0 "-" "Apple-PubSub/65.12.1"
14.688.663.667 - - [27/Oct/2011:00:27:00 -0500] "GET /home HTTP/1.1" 200 0 "-" "Mozilla/5.0 (compatible; Yahoo! Slurp/3.0; http://help.yahoo.com/help/us/ysearch/slurp)"
14.688.663.667 - - [27/Oct/2011:00:27:05 -0500] "GET /news HTTP/1.1" 200 0 "/home" "Mozilla/5.0 (compatible; Yahoo! Slurp/3.0; http://help.yahoo.com/help/us/ysearch/slurp)"
361.631.17.30 - - [27/Oct/2011:00:27:30 -0500] "GET /demo HTTP/1.1" 200 0 "-" "Jakarta Commons-HttpClient/3.0-rc4"
361.631.17.30 - - [27/Oct/2011:00:27:31 -0500] "GET /demo HTTP/1.1" 200 0 "/demo" "Jakarta Commons-HttpClient/3.0-rc4"
361.631.17.30 - - [27/Oct/2011:00:27:31 -0500] "GET /demo HTTP/1.1" 200 0 "/demo" "Jakarta Commons-HttpClient/3.0-rc4"
361.631.17.30 - - [27/Oct/2011:00:27:32 -0500] "GET /demo HTTP/1.1" 200 0 "/demo" "Jakarta Commons-HttpClient/3.0-rc4"
361.631.17.30 - - [27/Oct/2011:00:28:30 -0500] "GET /demo HTTP/1.1" 200 0 "/demo" "Jakarta Commons-HttpClient/3.0-rc4"
361.631.17.30 - - [27/Oct/2011:00:28:31 -0500] "GET /demo HTTP/1.1" 200 0 "/demo" "Jakarta Commons-HttpClient/3.0-rc4"
361.631.17.30 - - [27/Oct/2011:00:28:31 -0500] "GET /demo HTTP/1.1" 200 0 "/demo" "Jakarta Commons-HttpClient/3.0-rc4"
361.631.17.30 - - [27/Oct/2011:00:28:32 -0500] "GET /demo HTTP/1.1" 200 0 "/demo" "Jakarta Commons-HttpClient/3.0-rc4"
361.638.668.62 - - [27/Oct/2011:00:29:30 -0500] "GET /partners HTTP/1.1" 200 0 "-" "Mozilla/5.0 (Twiceler-0.9 http://www.cuil.com/twiceler/robot.html)"
361.631.17.30 - - [27/Oct/2011:00:29:30 -0500] "GET /demo HTTP/1.1" 200 0 "/demo" "Jakarta Commons-HttpClient/3.0-rc4"
361.631.17.30 - - [27/Oct/2011:00:29:30 -0500] "GET /demo HTTP/1.1" 200 0 "/demo" "Jakarta Commons-HttpClient/3.0-rc4"
361.631.17.30 - - [27/Oct/2011:00:29:31 -0500] "GET /demo HTTP/1.1" 200 0 "/demo" "Jakarta Commons-HttpClient/3.0-rc4"
361.631.17.30 - - [27/Oct/2011:00:29:32 -0500] "GET /demo HTTP/1.1" 200 0 "/demo" "Jakarta Commons-HttpClient/3.0-rc4"
363.652.18.65 - - [27/Oct/2011:00:30:00 -0500] "GET /demo HTTP/1.1" 200 0 "-" "Jakarta Commons-HttpClient/3.0-rc4"
361.631.17.30 - - [27/Oct/2011:00:30:30 -0500] "GET /demo HTTP/1.1" 200 0 "/demo" "Jakarta Commons-HttpClient/3.0-rc4"
361.631.17.30 - - [27/Oct/2011:00:30:31 -0500] "GET /demo HTTP/1.1" 200 0 "/demo" "Jakarta Commons-HttpClient/3.0-rc4"
361.631.17.30 - - [27/Oct/2011:00:30:31 -0500] "GET /demo HTTP/1.1" 200 0 "/demo" "Jakarta Commons-HttpClient/3.0-rc4"
361.631.17.30 - - [27/Oct/2011:00:30:32 -0500] "GET /demo HTTP/1.1" 200 0 "/demo" "Jakarta Commons-HttpClient/3.0-rc4"
363.652.18.65 - - [27/Oct/2011:00:31:05 -0500] "GET /demo HTTP/1.1" 200 0 "/demo" "Jakarta Commons-HttpClient/3.0-rc4"
361.631.17.30 - - [27/Oct/2011:00:31:30 -0500] "GET /demo HTTP/1.1" 200 0 "/demo" "Jakarta Commons-HttpClient/3.0-rc4"
361.631.17.30 - - [27/Oct/2011:00:31:30 -0500] "GET /demo HTTP/1.1" 200 0 "/demo" "Jakarta Commons-HttpClient/3.0-rc4"
361.631.17.30 - - [27/Oct/2011:00:31:30 -0500] "GET /demo HTTP/1.1" 200 0 "/demo" "Jakarta Commons-HttpClient/3.0-rc4"
361.631.17.30 - - [27/Oct/2011:00:31:31 -0500] "GET /demo HTTP/1.1" 200 0 "/demo" "Jakarta Commons-HttpClient/3.0-rc4"
363.652.18.65 - - [27/Oct/2011:00:32:00 -0500] "GET /demo HTTP/1.1" 200 0 "/demo" "Jakarta Commons-HttpClient/3.0-rc4"
361.631.17.30 - - [27/Oct/2011:00:32:29 -0500] "GET /demo HTTP/1.1" 200 0 "/demo" "Jakarta Commons-HttpClient/3.0-rc4"
361.631.17.30 - - [27/Oct/2011:00:32:29 -0500] "GET /demo HTTP/1.1" 200 0 "/demo" "Jakarta Commons-HttpClient/3.0-rc4"
361.631.17.30 - - [27/Oct/2011:00:32:30 -0500] "GET /demo HTTP/1.1" 200 0 "/demo" "Jakarta Commons-HttpClient/3.0-rc4"
363.652.18.65 - - [27/Oct/2011:00:33:00 -0500] "GET /demo HTTP/1.1" 200 0 "/demo" "Jakarta Commons-HttpClient/3.0-rc4"
53.688.334.0 - - [27/Oct/2011:00:33:00 -0500] "GET /feeds/press HTTP/1.1" 200 0 "-" "Apple-PubSub/65.12.1"
363.652.18.65 - - [27/Oct/2011:00:34:01 -0500] "GET /demo HTTP/1.1" 200 0 "/demo" "Jakarta Commons-HttpClient/3.0-rc4"
363.652.18.65 - - [27/Oct/2011:00:35:00 -0500] "GET /demo HTTP/1.1" 200 0 "/demo" "Jakarta Commons-HttpClient/3.0-rc4"
11.308.18.624 - - [27/Oct/2011:00:38:00 -0500] "GET /news HTTP/1.1" 200 0 "-" "Mozilla/5.0 (compatible; Googlebot/2.1; +http://www.google.com/bot.html)"
11.308.18.624 - - [27/Oct/2011:00:39:23 -0500] "GET /news HTTP/1.1" 200 0 "/news" "Mozilla/5.0 (compatible; Googlebot/2.1; +http://www.google.com/bot.html)"
11.308.18.624 - - [27/Oct/2011:00:42:02 -0500] "GET /news/releases/august HTTP/1.1" 200 0 "/news" "Mozilla/5.0 (compatible; Googlebot/2.1; +http://www.google.com/bot.html)"
58.86.11.83 - - [27/Oct/2011:00:48:00 -0500] "GET /demo HTTP/1.1" 200 0 "-" "Jakarta Commons-HttpClient/3.0-rc4"
58.86.11.83 - - [27/Oct/2011:00:48:14 -0500] "GET /demo HTTP/1.1" 200 0 "/demo" "Jakarta Commons-HttpClient/3.0-rc4"
58.86.11.83 - - [27/Oct/2011:00:48:15 -0500] "GET /demo HTTP/1.1" 200 0 "/demo" "Jakarta Commons-HttpClient/3.0-rc4"
655.624.300.78 - - [27/Oct/2011:00:55:30 -0500] "GET /feeds/press HTTP/1.1" 200 0 "-" "Apple-PubSub/65.12.1"
13.53.52.13 - - [27/Oct/2011:01:02:00 -0500] "GET /demo HTTP/1.1" 200 0 "-" "Jakarta Commons-HttpClient/3.0-rc4"
13.53.52.13 - - [27/Oct/2011:01:05:01 -0500] "GET /demo HTTP/1.1" 200 0 "/demo" "Jakarta Commons-HttpClient/3.0-rc4"
87.685.608.73 - - [27/Oct/2011:01:13:30 -0500] "GET /product/product6 HTTP/1.1" 200 0 "-" "Yandex/1.01.001 (compatible; Win16; I)"
58.645.12.307 - - [27/Oct/2011:01:16:00 -0500] "GET /products HTTP/1.1" 200 0 "-" "Mozilla/5.0 (Windows; U; Windows NT 6.1; de; rv:1.9.2.2) Gecko/20100316 Firefox/3.6.2"
58.645.12.307 - - [27/Oct/2011:01:16:01 -0500] "GET /products HTTP/1.1" 200 0 "/products" "Mozilla/5.0 (Windows; U; Windows NT 6.1; de; rv:1.9.2.2) Gecko/20100316 Firefox/3.6.2"
58.645.12.307 - - [27/Oct/2011:01:16:37 -0500] "GET /product/product2 HTTP/1.1" 200 0 "/products" "Mozilla/5.0 (Windows; U; Windows NT 6.1; de; rv:1.9.2.2) Gecko/20100316 Firefox/3.6.2"
58.645.12.307 - - [27/Oct/2011:01:16:38 -0500] "GET /product/product2 HTTP/1.1" 200 0 "/product/product2" "Mozilla/5.0 (Windows; U; Windows NT 6.1; de; rv:1.9.2.2) Gecko/20100316 Firefox/3.6.2"
58.645.12.307 - - [27/Oct/2011:01:17:17 -0500] "GET /download HTTP/1.1" 200 0 "/product/product2" "Mozilla/5.0 (Windows; U; Windows NT 6.1; de; rv:1.9.2.2) Gecko/20100316 Firefox/3.6.2"
58.645.12.307 - - [27/Oct/2011:01:17:17 -0500] "GET /download HTTP/1.1" 200 0 "/download" "Mozilla/5.0 (Windows; U; Windows NT 6.1; de; rv:1.9.2.2) Gecko/20100316 Firefox/3.6.2"
58.645.12.307 - - [27/Oct/2011:01:17:25 -0500] "GET /contact HTTP/1.1" 200 0 "/download" "Mozilla/5.0 (Windows; U; Windows NT 6.1; de; rv:1.9.2.2) Gecko/20100316 Firefox/3.6.2"
58.645.12.307 - - [27/Oct/2011:01:17:25 -0500] "GET /contact HTTP/1.1" 200 0 "/contact" "Mozilla/5.0 (Windows; U; Windows NT 6.1; de; rv:1.9.2.2) Gecko/20100316 Firefox/3.6.2"
640.638.64.658 - - [27/Oct/2011:01:27:30 -0500] "GET /feeds/press HTTP/1.1" 200 0 "-" "Mozilla/4.0 (compatible; MSIE 6.0; Windows NT 5.1; SV1)"
323.47.62.14 - - [27/Oct/2011:01:29:00 -0500] "GET /services/training HTTP/1.1" 200 0 "-" "Mozilla/5.0 (X11; U; Linux i686; en-US; rv:1.7.10) Gecko/20050720 Fedora/1.0.6-1.1.fc3 Firefox/1.0.6"
323.47.62.14 - - [27/Oct/2011:01:29:01 -0500] "GET /services/training HTTP/1.1" 200 0 "/services/training" "Mozilla/5.0 (X11; U; Linux i686; en-US; rv:1.7.10) Gecko/20050720 Fedora/1.0.6-1.1.fc3 Firefox/1.0.6"
323.47.62.14 - - [27/Oct/2011:01:29:04 -0500] "GET /services/training HTTP/1.1" 200 0 "/services/training" "Mozilla/5.0 (X11; U; Linux i686; en-US; rv:1.7.10) Gecko/20050720 Fedora/1.0.6-1.1.fc3 Firefox/1.0.6"
323.47.62.14 - - [27/Oct/2011:01:29:04 -0500] "GET /services/training HTTP/1.1" 200 0 "/services/training" "Mozilla/5.0 (X11; U; Linux i686; en-US; rv:1.7.10) Gecko/20050720 Fedora/1.0.6-1.1.fc3 Firefox/1.0.6"
323.47.62.14 - - [27/Oct/2011:01:30:22 -0500] "GET /docs/doc8.pdf HTTP/1.1" 200 0 "/services/training" "Mozilla/5.0 (X11; U; Linux i686; en-US; rv:1.7.10) Gecko/20050720 Fedora/1.0.6-1.1.fc3 Firefox/1.0.6"
323.47.62.14 - - [27/Oct/2011:01:30:23 -0500] "GET /docs/doc8.pdf HTTP/1.1" 200 0 "/docs/doc8.pdf" "Mozilla/5.0 (X11; U; Linux i686; en-US; rv:1.7.10) Gecko/20050720 Fedora/1.0.6-1.1.fc3 Firefox/1.0.6"
323.47.62.14 - - [27/Oct/2011:01:30:26 -0500] "GET /download/download1.zip HTTP/1.1" 200 0 "/docs/doc8.pdf" "Mozilla/5.0 (X11; U; Linux i686; en-US; rv:1.7.10) Gecko/20050720 Fedora/1.0.6-1.1.fc3 Firefox/1.0.6"
642.75.671.3 - - [27/Oct/2011:01:34:00 -0500] "GET /feeds/press HTTP/1.1" 200 0 "-" "Apple-PubSub/65"
18.88.74.650 - - [27/Oct/2011:01:35:00 -0500] "GET /home HTTP/1.1" 200 0 "-" "msnbot-media/1.1 (+http://search.msn.com/msnbot.htm)"
686.88.686.0 - - [27/Oct/2011:01:35:00 -0500] "GET /product/product2 HTTP/1.1" 200 0 "-" "Mozilla/5.0 (Windows; U; Windows NT 5.1; en-US) AppleWebKit/534.0 (KHTML, like Gecko) Chrome/6.0.408.1 Safari/534.0"
686.88.686.0 - - [27/Oct/2011:01:35:26 -0500] "GET /download HTTP/1.1" 200 0 "/product/product2" "Mozilla/5.0 (Windows; U; Windows NT 5.1; en-US) AppleWebKit/534.0 (KHTML, like Gecko) Chrome/6.0.408.1 Safari/534.0"
686.88.686.0 - - [27/Oct/2011:01:35:28 -0500] "GET /download HTTP/1.1" 200 0 "/download" "Mozilla/5.0 (Windows; U; Windows NT 5.1; en-US) AppleWebKit/534.0 (KHTML, like Gecko) Chrome/6.0.408.1 Safari/534.0"
52.648.335.676 - - [27/Oct/2011:01:35:30 -0500] "GET /product/product2 HTTP/1.1" 200 0 "-" "Mozilla/4.0 (compatible; MSIE 8.0; Windows NT 5.1; Trident/4.0; .NET CLR 1.1.4322; InfoPath.2; .NET CLR 2.0.50727; .NET CLR 3.0.4506.2152; .NET CLR 3.5.30729; OfficeLiveConnector.1.4; OfficeLivePatch.1.3)"
52.648.335.676 - - [27/Oct/2011:01:35:32 -0500] "GET /product/product2 HTTP/1.1" 200 0 "/product/product2" "Mozilla/4.0 (compatible; MSIE 8.0; Windows NT 5.1; Trident/4.0; .NET CLR 1.1.4322; InfoPath.2; .NET CLR 2.0.50727; .NET CLR 3.0.4506.2152; .NET CLR 3.5.30729; OfficeLiveConnector.1.4; OfficeLivePatch.1.3)"
686.88.686.0 - - [27/Oct/2011:01:35:40 -0500] "GET /download HTTP/1.1" 200 0 "/download" "Mozilla/5.0 (Windows; U; Windows NT 5.1; en-US) AppleWebKit/534.0 (KHTML, like Gecko) Chrome/6.0.408.1 Safari/534.0"
686.88.686.0 - - [27/Oct/2011:01:35:41 -0500] "GET /download HTTP/1.1" 200 0 "/download" "Mozilla/5.0 (Windows; U; Windows NT 5.1; en-US) AppleWebKit/534.0 (KHTML, like Gecko) Chrome/6.0.408.1 Safari/534.0"
686.88.686.0 - - [27/Oct/2011:01:36:00 -0500] "GET /download HTTP/1.1" 200 0 "/download" "Mozilla/5.0 (Windows; U; Windows NT 5.1; en-US) AppleWebKit/534.0 (KHTML, like Gecko) Chrome/6.0.408.1 Safari/534.0"
686.88.686.0 - - [27/Oct/2011:01:36:01 -0500] "GET /download HTTP/1.1" 200 0 "/download" "Mozilla/5.0 (Windows; U; Windows NT 5.1; en-US) AppleWebKit/534.0 (KHTML, like Gecko) Chrome/6.0.408.1 Safari/534.0"
600.678.0.361 - - [27/Oct/2011:01:36:30 -0500] "GET /product/product1 HTTP/1.1" 200 0 "-" "Mozilla/4.0 (compatible; MSIE 8.0; Windows NT 6.1; WOW64; Trident/4.0; SLCC2; .NET CLR 2.0.50727; .NET CLR 3.5.30729; .NET CLR 3.0.30729; Media Center PC 6.0)"
600.678.0.361 - - [27/Oct/2011:01:36:33 -0500] "GET /product/product1 HTTP/1.1" 200 0 "/product/product1" "Mozilla/4.0 (compatible; MSIE 8.0; Windows NT 6.1; WOW64; Trident/4.0; SLCC2; .NET CLR 2.0.50727; .NET CLR 3.5.30729; .NET CLR 3.0.30729; Media Center PC 6.0)"
600.678.0.361 - - [27/Oct/2011:01:36:36 -0500] "GET /products/demos HTTP/1.1" 200 0 "/product/product1" "Mozilla/4.0 (compatible; MSIE 8.0; Windows NT 6.1; WOW64; Trident/4.0; SLCC2; .NET CLR 2.0.50727; .NET CLR 3.5.30729; .NET CLR 3.0.30729; Media Center PC 6.0)"
686.88.686.0 - - [27/Oct/2011:01:36:50 -0500] "GET /buy HTTP/1.1" 200 0 "/download" "Mozilla/5.0 (Windows; U; Windows NT 5.1; en-US) AppleWebKit/534.0 (KHTML, like Gecko) Chrome/6.0.408.1 Safari/534.0"
686.88.686.0 - - [27/Oct/2011:01:36:52 -0500] "GET /buy HTTP/1.1" 200 0 "/buy" "Mozilla/5.0 (Windows; U; Windows NT 5.1; en-US) AppleWebKit/534.0 (KHTML, like Gecko) Chrome/6.0.408.1 Safari/534.0"
52.648.335.676 - - [27/Oct/2011:01:37:50 -0500] "GET /product/product4 HTTP/1.1" 200 0 "/product/product2" "Mozilla/4.0 (compatible; MSIE 8.0; Windows NT 5.1; Trident/4.0; .NET CLR 1.1.4322; InfoPath.2; .NET CLR 2.0.50727; .NET CLR 3.0.4506.2152; .NET CLR 3.5.30729; OfficeLiveConnector.1.4; OfficeLivePatch.1.3)"
52.648.335.676 - - [27/Oct/2011:01:37:52 -0500] "GET /product/product4 HTTP/1.1" 200 0 "/product/product4" "Mozilla/4.0 (compatible; MSIE 8.0; Windows NT 5.1; Trident/4.0; .NET CLR 1.1.4322; InfoPath.2; .NET CLR 2.0.50727; .NET CLR 3.0.4506.2152; .NET CLR 3.5.30729; OfficeLiveConnector.1.4; OfficeLivePatch.1.3)"
52.648.335.676 - - [27/Oct/2011:01:37:59 -0500] "GET /product/product2 HTTP/1.1" 200 0 "/product/product4" "Mozilla/4.0 (compatible; MSIE 8.0; Windows NT 5.1; Trident/4.0; .NET CLR 1.1.4322; InfoPath.2; .NET CLR 2.0.50727; .NET CLR 3.0.4506.2152; .NET CLR 3.5.30729; OfficeLiveConnector.1.4; OfficeLivePatch.1.3)"
52.648.335.676 - - [27/Oct/2011:01:38:01 -0500] "GET /product/product2 HTTP/1.1" 200 0 "/product/product2" "Mozilla/4.0 (compatible; MSIE 8.0; Windows NT 5.1; Trident/4.0; .NET CLR 1.1.4322; InfoPath.2; .NET CLR 2.0.50727; .NET CLR 3.0.4506.2152; .NET CLR 3.5.30729; OfficeLiveConnector.1.4; OfficeLivePatch.1.3)"
686.88.686.0 - - [27/Oct/2011:01:38:19 -0500] "GET /download HTTP/1.1" 200 0 "/buy" "Mozilla/5.0 (Windows; U; Windows NT 5.1; en-US) AppleWebKit/534.0 (KHTML, like Gecko) Chrome/6.0.408.1 Safari/534.0"
686.88.686.0 - - [27/Oct/2011:01:38:20 -0500] "GET /download HTTP/1.1" 200 0 "/download" "Mozilla/5.0 (Windows; U; Windows NT 5.1; en-US) AppleWebKit/534.0 (KHTML, like Gecko) Chrome/6.0.408.1 Safari/534.0"
686.88.686.0 - - [27/Oct/2011:01:38:29 -0500] "GET /product/product4 HTTP/1.1" 200 0 "/download" "Mozilla/5.0 (Windows; U; Windows NT 5.1; en-US) AppleWebKit/534.0 (KHTML, like Gecko) Chrome/6.0.408.1 Safari/534.0"
686.88.686.0 - - [27/Oct/2011:01:39:13 -0500] "GET /product/product2 HTTP/1.1" 200 0 "/product/product4" "Mozilla/5.0 (Windows; U; Windows NT 5.1; en-US) AppleWebKit/534.0 (KHTML, like Gecko) Chrome/6.0.408.1 Safari/534.0"
686.88.686.0 - - [27/Oct/2011:01:39:15 -0500] "GET /product/product2 HTTP/1.1" 200 0 "/product/product2" "Mozilla/5.0 (Windows; U; Windows NT 5.1; en-US) AppleWebKit/534.0 (KHTML, like Gecko) Chrome/6.0.408.1 Safari/534.0"
332.656.4.84 - - [27/Oct/2011:01:39:30 -0500] "GET /misc HTTP/1.1" 200 0 "-" "Baiduspider+(+http://www.baidu.com/search/spider.htm)"
